Archive member included to satisfy reference by file (symbol)

c:/st/stm32cubeide_1.8.0/stm32cubeide/plugins/com.st.stm32cube.ide.mcu.externaltools.gnu-tools-for-stm32.9-2020-q2-update.win32_2.0.0.202105311346/tools/bin/../lib/gcc/arm-none-eabi/9.3.1/../../../../arm-none-eabi/lib/thumb/v7-m/nofp\libc_nano.a(lib_a-errno.o)
                              ./Core/Src/syscalls.o (__errno)
c:/st/stm32cubeide_1.8.0/stm32cubeide/plugins/com.st.stm32cube.ide.mcu.externaltools.gnu-tools-for-stm32.9-2020-q2-update.win32_2.0.0.202105311346/tools/bin/../lib/gcc/arm-none-eabi/9.3.1/../../../../arm-none-eabi/lib/thumb/v7-m/nofp\libc_nano.a(lib_a-exit.o)
                              c:/st/stm32cubeide_1.8.0/stm32cubeide/plugins/com.st.stm32cube.ide.mcu.externaltools.gnu-tools-for-stm32.9-2020-q2-update.win32_2.0.0.202105311346/tools/bin/../lib/gcc/arm-none-eabi/9.3.1/../../../../arm-none-eabi/lib/thumb/v7-m/nofp/crt0.o (exit)
c:/st/stm32cubeide_1.8.0/stm32cubeide/plugins/com.st.stm32cube.ide.mcu.externaltools.gnu-tools-for-stm32.9-2020-q2-update.win32_2.0.0.202105311346/tools/bin/../lib/gcc/arm-none-eabi/9.3.1/../../../../arm-none-eabi/lib/thumb/v7-m/nofp\libc_nano.a(lib_a-impure.o)
                              c:/st/stm32cubeide_1.8.0/stm32cubeide/plugins/com.st.stm32cube.ide.mcu.externaltools.gnu-tools-for-stm32.9-2020-q2-update.win32_2.0.0.202105311346/tools/bin/../lib/gcc/arm-none-eabi/9.3.1/../../../../arm-none-eabi/lib/thumb/v7-m/nofp\libc_nano.a(lib_a-exit.o) (_global_impure_ptr)
c:/st/stm32cubeide_1.8.0/stm32cubeide/plugins/com.st.stm32cube.ide.mcu.externaltools.gnu-tools-for-stm32.9-2020-q2-update.win32_2.0.0.202105311346/tools/bin/../lib/gcc/arm-none-eabi/9.3.1/../../../../arm-none-eabi/lib/thumb/v7-m/nofp\libc_nano.a(lib_a-init.o)
                              c:/st/stm32cubeide_1.8.0/stm32cubeide/plugins/com.st.stm32cube.ide.mcu.externaltools.gnu-tools-for-stm32.9-2020-q2-update.win32_2.0.0.202105311346/tools/bin/../lib/gcc/arm-none-eabi/9.3.1/../../../../arm-none-eabi/lib/thumb/v7-m/nofp/crt0.o (__libc_init_array)
c:/st/stm32cubeide_1.8.0/stm32cubeide/plugins/com.st.stm32cube.ide.mcu.externaltools.gnu-tools-for-stm32.9-2020-q2-update.win32_2.0.0.202105311346/tools/bin/../lib/gcc/arm-none-eabi/9.3.1/../../../../arm-none-eabi/lib/thumb/v7-m/nofp\libc_nano.a(lib_a-memcpy-stub.o)
                              ./Core/Src/function.o (memcpy)
c:/st/stm32cubeide_1.8.0/stm32cubeide/plugins/com.st.stm32cube.ide.mcu.externaltools.gnu-tools-for-stm32.9-2020-q2-update.win32_2.0.0.202105311346/tools/bin/../lib/gcc/arm-none-eabi/9.3.1/../../../../arm-none-eabi/lib/thumb/v7-m/nofp\libc_nano.a(lib_a-memset.o)
                              c:/st/stm32cubeide_1.8.0/stm32cubeide/plugins/com.st.stm32cube.ide.mcu.externaltools.gnu-tools-for-stm32.9-2020-q2-update.win32_2.0.0.202105311346/tools/bin/../lib/gcc/arm-none-eabi/9.3.1/../../../../arm-none-eabi/lib/thumb/v7-m/nofp/crt0.o (memset)
c:/st/stm32cubeide_1.8.0/stm32cubeide/plugins/com.st.stm32cube.ide.mcu.externaltools.gnu-tools-for-stm32.9-2020-q2-update.win32_2.0.0.202105311346/tools/bin/../lib/gcc/arm-none-eabi/9.3.1/../../../../arm-none-eabi/lib/thumb/v7-m/nofp\libc_nano.a(lib_a-strlen.o)
                              ./Middlewares/Third_Party/FreeRTOS/Source/tasks.o (strlen)

Allocating common symbols
Common symbol       size              file

gu8UartTmpStep      0x1               ./Core/Src/stm32f1xx_it.o
gu8Uart1TxCntMax    0x1               ./Core/Src/stm32f1xx_it.o
FunctionJobHandle   0x4               ./Core/Src/main.o
gu8Uart1TxCnt       0x1               ./Core/Src/stm32f1xx_it.o
gu16TimerInput      0x6               ./Core/Src/taskDevice.o
gu8GLcdYEnd         0x1               ./Core/Src/function.o
gu32Adc1Data        0x40              ./Core/Src/taskDevice.o
FlagEvent01Handle   0x4               ./Core/Src/main.o
huart3              0x40              ./Core/Src/main.o
gu16JobTmp2         0x2               ./Core/Src/function.o
gu16TimerUart1      0x2               ./Core/Src/stm32f1xx_it.o
gu16NumOfInput      0x2               ./Core/Src/taskDevice.o
gu8TaskLcd          0x1               ./Core/Src/function.o
gu16TimerLcd        0x2               ./Core/Src/function.o
gu8GLcdXEnd         0x1               ./Core/Src/function.o
uwTick              0x4               ./Drivers/STM32F1xx_HAL_Driver/Src/stm32f1xx_hal.o
xQueueRegistry      0x40              ./Middlewares/Third_Party/FreeRTOS/Source/queue.o
gu16JobTmp1         0x2               ./Core/Src/function.o
pFlash              0x20              ./Drivers/STM32F1xx_HAL_Driver/Src/stm32f1xx_hal_flash.o
gu16JobTmpStep1     0x2               ./Core/Src/function.o
gu8LcdDisplayData   0x400             ./Core/Src/function.o
gu8Uart1RxAddr      0x1               ./Core/Src/stm32f1xx_it.o
gu8Uart1RxFunc      0x1               ./Core/Src/stm32f1xx_it.o
htim3               0x48              ./Core/Src/main.o
gu8TaskGraphicLcdX  0x1               ./Core/Src/function.o
[...]
Memory Configuration

Name             Origin             Length             Attributes
RAM              0x0000000020000000 0x000000000000c000 xrw
FLASH            0x0000000008000000 0x0000000000040000 xr
*default*        0x0000000000000000 0xffffffffffffffff

Linker script and memory map

LOAD c:/st/stm32cubeide_1.8.0/stm32cubeide/plugins/com.st.stm32cube.ide.mcu.externaltools.gnu-tools-for-stm32.9-2020-q2-update.win32_2.0.0.202105311346/tools/bin/../lib/gcc/arm-none-eabi/9.3.1/thumb/v7-m/nofp/crti.o
LOAD c:/st/stm32cubeide_1.8.0/stm32cubeide/plugins/com.st.stm32cube.ide.mcu.externaltools.gnu-tools-for-stm32.9-2020-q2-update.win32_2.0.0.202105311346/tools/bin/../lib/gcc/arm-none-eabi/9.3.1/thumb/v7-m/nofp/crtbegin.o
LOAD c:/st/stm32cubeide_1.8.0/stm32cubeide/plugins/com.st.stm32cube.ide.mcu.externaltools.gnu-tools-for-stm32.9-2020-q2-update.win32_2.0.0.202105311346/tools/bin/../lib/gcc/arm-none-eabi/9.3.1/../../../../arm-none-eabi/lib/thumb/v7-m/nofp/crt0.o
LOAD ./Core/Src/freertos.o
LOAD ./Core/Src/function.o
LOAD ./Core/Src/main.o
LOAD ./Core/Src/stm32f1xx_hal_msp.o
LOAD ./Core/Src/stm32f1xx_it.o
LOAD ./Core/Src/syscalls.o
LOAD ./Core/Src/sysmem.o
LOAD ./Core/Src/system_stm32f1xx.o
LOAD ./Core/Src/taskDevice.o
LOAD ./Core/Startup/startup_stm32f103vctx.o
LOAD ./Drivers/STM32F1xx_HAL_Driver/Src/stm32f1xx_hal.o
LOAD ./Drivers/STM32F1xx_HAL_Driver/Src/stm32f1xx_hal_adc.o
LOAD ./Drivers/STM32F1xx_HAL_Driver/Src/stm32f1xx_hal_adc_ex.o
LOAD ./Drivers/STM32F1xx_HAL_Driver/Src/stm32f1xx_hal_cortex.o
LOAD ./Drivers/STM32F1xx_HAL_Driver/Src/stm32f1xx_hal_dma.o
LOAD ./Drivers/STM32F1xx_HAL_Driver/Src/stm32f1xx_hal_exti.o
LOAD ./Drivers/STM32F1xx_HAL_Driver/Src/stm32f1xx_hal_flash.o
LOAD ./Drivers/STM32F1xx_HAL_Driver/Src/stm32f1xx_hal_flash_ex.o
LOAD ./Drivers/STM32F1xx_HAL_Driver/Src/stm32f1xx_hal_gpio.o
LOAD ./Drivers/STM32F1xx_HAL_Driver/Src/stm32f1xx_hal_gpio_ex.o
LOAD ./Drivers/STM32F1xx_HAL_Driver/Src/stm32f1xx_hal_pwr.o
LOAD ./Drivers/STM32F1xx_HAL_Driver/Src/stm32f1xx_hal_rcc.o
LOAD ./Drivers/STM32F1xx_HAL_Driver/Src/stm32f1xx_hal_rcc_ex.o
LOAD ./Drivers/STM32F1xx_HAL_Driver/Src/stm32f1xx_hal_tim.o
LOAD ./Drivers/STM32F1xx_HAL_Driver/Src/stm32f1xx_hal_tim_ex.o
LOAD ./Drivers/STM32F1xx_HAL_Driver/Src/stm32f1xx_hal_uart.o
LOAD ./Middlewares/Third_Party/FreeRTOS/Source/CMSIS_RTOS_V2/cmsis_os2.o
LOAD ./Middlewares/Third_Party/FreeRTOS/Source/croutine.o
LOAD ./Middlewares/Third_Party/FreeRTOS/Source/event_groups.o
LOAD ./Middlewares/Third_Party/FreeRTOS/Source/list.o
LOAD ./Middlewares/Third_Party/FreeRTOS/Source/queue.o
LOAD ./Middlewares/Third_Party/FreeRTOS/Source/stream_buffer.o
LOAD ./Middlewares/Third_Party/FreeRTOS/Source/tasks.o
LOAD ./Middlewares/Third_Party/FreeRTOS/Source/timers.o
LOAD ./Middlewares/Third_Party/FreeRTOS/Source/portable/GCC/ARM_CM3/port.o
LOAD ./Middlewares/Third_Party/FreeRTOS/Source/portable/MemMang/heap_4.o
START GROUP
LOAD c:/st/stm32cubeide_1.8.0/stm32cubeide/plugins/com.st.stm32cube.ide.mcu.externaltools.gnu-tools-for-stm32.9-2020-q2-update.win32_2.0.0.202105311346/tools/bin/../lib/gcc/arm-none-eabi/9.3.1/../../../../arm-none-eabi/lib/thumb/v7-m/nofp\libc_nano.a
LOAD c:/st/stm32cubeide_1.8.0/stm32cubeide/plugins/com.st.stm32cube.ide.mcu.externaltools.gnu-tools-for-stm32.9-2020-q2-update.win32_2.0.0.202105311346/tools/bin/../lib/gcc/arm-none-eabi/9.3.1/../../../../arm-none-eabi/lib/thumb/v7-m/nofp\libm.a
END GROUP
START GROUP
LOAD c:/st/stm32cubeide_1.8.0/stm32cubeide/plugins/com.st.stm32cube.ide.mcu.externaltools.gnu-tools-for-stm32.9-2020-q2-update.win32_2.0.0.202105311346/tools/bin/../lib/gcc/arm-none-eabi/9.3.1/thumb/v7-m/nofp\libgcc.a
LOAD c:/st/stm32cubeide_1.8.0/stm32cubeide/plugins/com.st.stm32cube.ide.mcu.externaltools.gnu-tools-for-stm32.9-2020-q2-update.win32_2.0.0.202105311346/tools/bin/../lib/gcc/arm-none-eabi/9.3.1/../../../../arm-none-eabi/lib/thumb/v7-m/nofp\libc_nano.a
END GROUP
START GROUP
LOAD c:/st/stm32cubeide_1.8.0/stm32cubeide/plugins/com.st.stm32cube.ide.mcu.externaltools.gnu-tools-for-stm32.9-2020-q2-update.win32_2.0.0.202105311346/tools/bin/../lib/gcc/arm-none-eabi/9.3.1/thumb/v7-m/nofp\libgcc.a
LOAD c:/st/stm32cubeide_1.8.0/stm32cubeide/plugins/com.st.stm32cube.ide.mcu.externaltools.gnu-tools-for-stm32.9-2020-q2-update.win32_2.0.0.202105311346/tools/bin/../lib/gcc/arm-none-eabi/9.3.1/../../../../arm-none-eabi/lib/thumb/v7-m/nofp\libc_nano.a
LOAD c:/st/stm32cubeide_1.8.0/stm32cubeide/plugins/com.st.stm32cube.ide.mcu.externaltools.gnu-tools-for-stm32.9-2020-q2-update.win32_2.0.0.202105311346/tools/bin/../lib/gcc/arm-none-eabi/9.3.1/../../../../arm-none-eabi/lib/thumb/v7-m/nofp\libnosys.a
END GROUP
START GROUP
LOAD c:/st/stm32cubeide_1.8.0/stm32cubeide/plugins/com.st.stm32cube.ide.mcu.externaltools.gnu-tools-for-stm32.9-2020-q2-update.win32_2.0.0.202105311346/tools/bin/../lib/gcc/arm-none-eabi/9.3.1/thumb/v7-m/nofp\libgcc.a
LOAD c:/st/stm32cubeide_1.8.0/stm32cubeide/plugins/com.st.stm32cube.ide.mcu.externaltools.gnu-tools-for-stm32.9-2020-q2-update.win32_2.0.0.202105311346/tools/bin/../lib/gcc/arm-none-eabi/9.3.1/../../../../arm-none-eabi/lib/thumb/v7-m/nofp\libc_nano.a
LOAD c:/st/stm32cubeide_1.8.0/stm32cubeide/plugins/com.st.stm32cube.ide.mcu.externaltools.gnu-tools-for-stm32.9-2020-q2-update.win32_2.0.0.202105311346/tools/bin/../lib/gcc/arm-none-eabi/9.3.1/../../../../arm-none-eabi/lib/thumb/v7-m/nofp\libnosys.a
END GROUP
LOAD c:/st/stm32cubeide_1.8.0/stm32cubeide/plugins/com.st.stm32cube.ide.mcu.externaltools.gnu-tools-for-stm32.9-2020-q2-update.win32_2.0.0.202105311346/tools/bin/../lib/gcc/arm-none-eabi/9.3.1/thumb/v7-m/nofp/crtend.o
LOAD c:/st/stm32cubeide_1.8.0/stm32cubeide/plugins/com.st.stm32cube.ide.mcu.externaltools.gnu-tools-for-stm32.9-2020-q2-update.win32_2.0.0.202105311346/tools/bin/../lib/gcc/arm-none-eabi/9.3.1/thumb/v7-m/nofp/crtn.o
                0x000000002000c000                _estack = (ORIGIN (RAM) + LENGTH (RAM))
                0x0000000000000200                _Min_Heap_Size = 0x200
                0x0000000000000400                _Min_Stack_Size = 0x400

.isr_vector     0x0000000008000000      0x1e4
                0x0000000008000000                . = ALIGN (0x4)
 *(.isr_vector)
 .isr_vector    0x0000000008000000      0x1e4 ./Core/Startup/startup_stm32f103vctx.o
                0x0000000008000000                g_pfnVectors
                0x00000000080001e4                . = ALIGN (0x4)

.text           0x00000000080001f0     0x8a58
                0x00000000080001f0                . = ALIGN (0x4)
 *(.text)
 .text          0x00000000080001f0       0x40 c:/st/stm32cubeide_1.8.0/stm32cubeide/plugins/com.st.stm32cube.ide.mcu.externaltools.gnu-tools-for-stm32.9-2020-q2-update.win32_2.0.0.202105311346/tools/bin/../lib/gcc/arm-none-eabi/9.3.1/thumb/v7-m/nofp/crtbegin.o
 *(.text*)
 .text.vApplicationIdleHook
                0x0000000008000230        0xc ./Core/Src/freertos.o
                0x0000000008000230                vApplicationIdleHook
 .text.CheckFistSetting
                0x000000000800023c      0x1b4 ./Core/Src/function.o
                0x000000000800023c                CheckFistSetting
 .text.CheckPasswordOpen
                0x00000000080003f0      0x504 ./Core/Src/function.o
                0x00000000080003f0                CheckPasswordOpen
 .text.defaultJob
                0x00000000080008f4      0x7ec ./Core/Src/function.o
                0x00000000080008f4                defaultJob
 .text.delay_cycle
                0x00000000080010e0       0x2c ./Core/Src/function.o
                0x00000000080010e0                delay_cycle
 .text.WriteLcdData
                0x000000000800110c       0x3c ./Core/Src/function.o
                0x000000000800110c                WriteLcdData
 .text.GraphicLcdWriteData
                0x0000000008001148       0xc0 ./Core/Src/function.o
                0x0000000008001148                GraphicLcdWriteData
 .text.WriteDataOnLcd
                0x0000000008001208      0x160 ./Core/Src/function.o
                0x0000000008001208                WriteDataOnLcd
 .text.DisplayTask
                0x0000000008001368      0x364 ./Core/Src/function.o
                0x0000000008001368                DisplayTask
 .text.DeviceTask
                0x00000000080016cc       0x98 ./Core/Src/function.o
                0x00000000080016cc                DeviceTask
 .text.main     0x0000000008001764       0xe4 ./Core/Src/main.o
                0x0000000008001764                main
 .text.SystemClock_Config
                0x0000000008001848       0xa4 ./Core/Src/main.o
                0x0000000008001848                SystemClock_Config
 .text.MX_ADC1_Init
                0x00000000080018ec       0x7c ./Core/Src/main.o
                0x00000000080018ec                MX_ADC1_Init
 .text.MX_TIM1_Init
                0x0000000008001968       0xd0 ./Core/Src/main.o
 .text.MX_TIM2_Init
                0x0000000008001a38       0xc8 ./Core/Src/main.o
 .text.MX_TIM3_Init
                0x0000000008001b00       0x9c ./Core/Src/main.o
 .text.MX_TIM6_Init
                0x0000000008001b9c       0x6c ./Core/Src/main.o
 .text.MX_TIM7_Init
                0x0000000008001c08       0x6c ./Core/Src/main.o
 .text.MX_USART1_UART_Init
                0x0000000008001c74       0x64 ./Core/Src/main.o
 .text.MX_USART3_UART_Init
                0x0000000008001cd8       0x54 ./Core/Src/main.o
 .text.MX_GPIO_Init
                0x0000000008001d2c      0x204 ./Core/Src/main.o
                0x0000000008001d2c                MX_GPIO_Init
 .text.CheckPortTimer
                0x0000000008001f30       0x5c ./Core/Src/main.o
                0x0000000008001f30                CheckPortTimer
 .text.Error_Handler
                0x0000000008001f8c        0xc ./Core/Src/main.o
                0x0000000008001f8c                Error_Handler
 .text.HAL_MspInit
                0x0000000008001f98       0x68 ./Core/Src/stm32f1xx_hal_msp.o
                0x0000000008001f98                HAL_MspInit
 .text.HAL_ADC_MspInit
                0x0000000008002000       0x78 ./Core/Src/stm32f1xx_hal_msp.o
                0x0000000008002000                HAL_ADC_MspInit
 .text.HAL_TIM_Base_MspInit
                0x0000000008002078       0xd8 ./Core/Src/stm32f1xx_hal_msp.o
                0x0000000008002078                HAL_TIM_Base_MspInit
 .text.HAL_UART_MspInit
                0x0000000008002150      0x148 ./Core/Src/stm32f1xx_hal_msp.o
                0x0000000008002150                HAL_UART_MspInit
 .text.NMI_Handler
                0x0000000008002298        0xc ./Core/Src/stm32f1xx_it.o
                0x0000000008002298                NMI_Handler
 .text.HardFault_Handler
                0x00000000080022a4        0x6 ./Core/Src/stm32f1xx_it.o
                0x00000000080022a4                HardFault_Handler
 .text.MemManage_Handler
                0x00000000080022aa        0x6 ./Core/Src/stm32f1xx_it.o
                0x00000000080022aa                MemManage_Handler
 .text.BusFault_Handler
                0x00000000080022b0        0x6 ./Core/Src/stm32f1xx_it.o
                0x00000000080022b0                BusFault_Handler
 .text.UsageFault_Handler
                0x00000000080022b6        0x6 ./Core/Src/stm32f1xx_it.o
                0x00000000080022b6                UsageFault_Handler
 .text.DebugMon_Handler
                0x00000000080022bc        0xc ./Core/Src/stm32f1xx_it.o
                0x00000000080022bc                DebugMon_Handler
 .text.SysTick_Handler
                0x00000000080022c8       0x2c ./Core/Src/stm32f1xx_it.o
                0x00000000080022c8                SysTick_Handler
 .text.USART1_IRQHandler
                0x00000000080022f4      0x178 ./Core/Src/stm32f1xx_it.o
                0x00000000080022f4                USART1_IRQHandler
 .text.SystemInit
                0x000000000800246c        0xc ./Core/Src/system_stm32f1xx.o
                0x000000000800246c                SystemInit
 .text.TaskInputThread
                0x0000000008002478      0x150 ./Core/Src/taskDevice.o
                0x0000000008002478                TaskInputThread
 .text.ResetJigIoPin
                0x00000000080025c8       0x44 ./Core/Src/taskDevice.o
                0x00000000080025c8                ResetJigIoPin
 .text.ResetADCData
                0x000000000800260c       0x34 ./Core/Src/taskDevice.o
                0x000000000800260c                ResetADCData
 .text.CalculateAverageForAdc
                0x0000000008002640       0x60 ./Core/Src/taskDevice.o
                0x0000000008002640                CalculateAverageForAdc
 .text.ChangeAdc1Channel
                0x00000000080026a0       0x48 ./Core/Src/taskDevice.o
                0x00000000080026a0                ChangeAdc1Channel
 .text.TaskAdc1Thread
                0x00000000080026e8      0x1a4 ./Core/Src/taskDevice.o
                0x00000000080026e8                TaskAdc1Thread
 .text.CheckKeyLed
                0x000000000800288c       0x54 ./Core/Src/taskDevice.o
                0x000000000800288c                CheckKeyLed
 .text.Reset_Handler
                0x00000000080028e0       0x48 ./Core/Startup/startup_stm32f103vctx.o
                0x00000000080028e0                Reset_Handler
 .text.Default_Handler
                0x0000000008002928        0x2 ./Core/Startup/startup_stm32f103vctx.o
                0x0000000008002928                RTC_Alarm_IRQHandler
                0x0000000008002928                EXTI2_IRQHandler
                0x0000000008002928                TIM8_TRG_COM_IRQHandler
                0x0000000008002928                TIM8_CC_IRQHandler
                0x0000000008002928                TIM1_CC_IRQHandler
                0x0000000008002928                TIM6_IRQHandler
                0x0000000008002928                PVD_IRQHandler
                0x0000000008002928                SDIO_IRQHandler
                0x0000000008002928                EXTI3_IRQHandler
                0x0000000008002928                EXTI0_IRQHandler
                0x0000000008002928                I2C2_EV_IRQHandler
                0x0000000008002928                ADC1_2_IRQHandler
                0x0000000008002928                SPI1_IRQHandler
                0x0000000008002928                TAMPER_IRQHandler
                0x0000000008002928                TIM8_UP_IRQHandler
                0x0000000008002928                DMA2_Channel2_IRQHandler
                0x0000000008002928                DMA1_Channel4_IRQHandler
                0x0000000008002928                USART3_IRQHandler
                0x0000000008002928                RTC_IRQHandler
                0x0000000008002928                DMA1_Channel7_IRQHandler
                0x0000000008002928                CAN1_RX1_IRQHandler
                0x0000000008002928                UART5_IRQHandler
                0x0000000008002928                ADC3_IRQHandler
                0x0000000008002928                TIM4_IRQHandler
                0x0000000008002928                DMA2_Channel1_IRQHandler
                0x0000000008002928                I2C1_EV_IRQHandler
                0x0000000008002928                DMA1_Channel6_IRQHandler
                0x0000000008002928                UART4_IRQHandler
                0x0000000008002928                TIM3_IRQHandler
                0x0000000008002928                RCC_IRQHandler
                0x0000000008002928                TIM1_TRG_COM_IRQHandler
                0x0000000008002928                DMA1_Channel1_IRQHandler
                0x0000000008002928                Default_Handler
                0x0000000008002928                EXTI15_10_IRQHandler
                0x0000000008002928                TIM7_IRQHandler
                0x0000000008002928                TIM5_IRQHandler
                0x0000000008002928                EXTI9_5_IRQHandler
                0x0000000008002928                SPI2_IRQHandler
                0x0000000008002928                DMA1_Channel5_IRQHandler
                0x0000000008002928                EXTI4_IRQHandler
                0x0000000008002928                USB_LP_CAN1_RX0_IRQHandler
                0x0000000008002928                USB_HP_CAN1_TX_IRQHandler
                0x0000000008002928                DMA1_Channel3_IRQHandler
                0x0000000008002928                FSMC_IRQHandler
                0x0000000008002928                TIM1_UP_IRQHandler
                0x0000000008002928                WWDG_IRQHandler
                0x0000000008002928                TIM2_IRQHandler
                0x0000000008002928                TIM1_BRK_IRQHandler
                0x0000000008002928                EXTI1_IRQHandler
                0x0000000008002928                DMA2_Channel4_5_IRQHandler
                0x0000000008002928                USART2_IRQHandler
                0x0000000008002928                I2C2_ER_IRQHandler
                0x0000000008002928                DMA1_Channel2_IRQHandler
                0x0000000008002928                TIM8_BRK_IRQHandler
                0x0000000008002928                CAN1_SCE_IRQHandler
                0x0000000008002928                FLASH_IRQHandler
                0x0000000008002928                SPI3_IRQHandler
                0x0000000008002928                I2C1_ER_IRQHandler
                0x0000000008002928                USBWakeUp_IRQHandler
                0x0000000008002928                DMA2_Channel3_IRQHandler
 *fill*         0x000000000800292a        0x2 
 .text.HAL_Init
                0x000000000800292c       0x2c ./Drivers/STM32F1xx_HAL_Driver/Src/stm32f1xx_hal.o
                0x000000000800292c                HAL_Init
 .text.HAL_InitTick
                0x0000000008002958       0x60 ./Drivers/STM32F1xx_HAL_Driver/Src/stm32f1xx_hal.o
                0x0000000008002958                HAL_InitTick
 .text.HAL_IncTick
                0x00000000080029b8       0x24 ./Drivers/STM32F1xx_HAL_Driver/Src/stm32f1xx_hal.o
                0x00000000080029b8                HAL_IncTick
 .text.HAL_GetTick
                0x00000000080029dc       0x14 ./Drivers/STM32F1xx_HAL_Driver/Src/stm32f1xx_hal.o
                0x00000000080029dc                HAL_GetTick
 .text.HAL_ADC_Init
                0x00000000080029f0      0x1d4 ./Drivers/STM32F1xx_HAL_Driver/Src/stm32f1xx_hal_adc.o
                0x00000000080029f0                HAL_ADC_Init
 .text.HAL_ADC_Start
                0x0000000008002bc4      0x15c ./Drivers/STM32F1xx_HAL_Driver/Src/stm32f1xx_hal_adc.o
                0x0000000008002bc4                HAL_ADC_Start
 .text.HAL_ADC_Stop
                0x0000000008002d20       0x58 ./Drivers/STM32F1xx_HAL_Driver/Src/stm32f1xx_hal_adc.o
                0x0000000008002d20                HAL_ADC_Stop
 .text.HAL_ADC_GetValue
                0x0000000008002d78       0x18 ./Drivers/STM32F1xx_HAL_Driver/Src/stm32f1xx_hal_adc.o
                0x0000000008002d78                HAL_ADC_GetValue
 .text.HAL_ADC_ConfigChannel
                0x0000000008002d90      0x1f0 ./Drivers/STM32F1xx_HAL_Driver/Src/stm32f1xx_hal_adc.o
                0x0000000008002d90                HAL_ADC_ConfigChannel
 .text.ADC_Enable
                0x0000000008002f80       0xa4 ./Drivers/STM32F1xx_HAL_Driver/Src/stm32f1xx_hal_adc.o
                0x0000000008002f80                ADC_Enable
 .text.ADC_ConversionStop_Disable
                0x0000000008003024       0x74 ./Drivers/STM32F1xx_HAL_Driver/Src/stm32f1xx_hal_adc.o
                0x0000000008003024                ADC_ConversionStop_Disable
 .text.__NVIC_SetPriorityGrouping
                0x0000000008003098       0x48 ./Drivers/STM32F1xx_HAL_Driver/Src/stm32f1xx_hal_cortex.o
 .text.__NVIC_GetPriorityGrouping
                0x00000000080030e0       0x1c ./Drivers/STM32F1xx_HAL_Driver/Src/stm32f1xx_hal_cortex.o
 .text.__NVIC_EnableIRQ
                0x00000000080030fc       0x38 ./Drivers/STM32F1xx_HAL_Driver/Src/stm32f1xx_hal_cortex.o
 .text.__NVIC_SetPriority
                0x0000000008003134       0x54 ./Drivers/STM32F1xx_HAL_Driver/Src/stm32f1xx_hal_cortex.o
 .text.NVIC_EncodePriority
                0x0000000008003188       0x64 ./Drivers/STM32F1xx_HAL_Driver/Src/stm32f1xx_hal_cortex.o
 .text.SysTick_Config
                0x00000000080031ec       0x44 ./Drivers/STM32F1xx_HAL_Driver/Src/stm32f1xx_hal_cortex.o
 .text.HAL_NVIC_SetPriorityGrouping
                0x0000000008003230       0x16 ./Drivers/STM32F1xx_HAL_Driver/Src/stm32f1xx_hal_cortex.o
                0x0000000008003230                HAL_NVIC_SetPriorityGrouping
 .text.HAL_NVIC_SetPriority
                0x0000000008003246       0x38 ./Drivers/STM32F1xx_HAL_Driver/Src/stm32f1xx_hal_cortex.o
                0x0000000008003246                HAL_NVIC_SetPriority
 .text.HAL_NVIC_EnableIRQ
                0x000000000800327e       0x1c ./Drivers/STM32F1xx_HAL_Driver/Src/stm32f1xx_hal_cortex.o
                0x000000000800327e                HAL_NVIC_EnableIRQ
 .text.HAL_SYSTICK_Config
                0x000000000800329a       0x18 ./Drivers/STM32F1xx_HAL_Driver/Src/stm32f1xx_hal_cortex.o
                0x000000000800329a                HAL_SYSTICK_Config
 *fill*         0x00000000080032b2        0x2 
 .text.HAL_DMA_Abort_IT
                0x00000000080032b4      0x210 ./Drivers/STM32F1xx_HAL_Driver/Src/stm32f1xx_hal_dma.o
                0x00000000080032b4                HAL_DMA_Abort_IT
 .text.HAL_GPIO_Init
                0x00000000080034c4      0x328 ./Drivers/STM32F1xx_HAL_Driver/Src/stm32f1xx_hal_gpio.o
                0x00000000080034c4                HAL_GPIO_Init
 .text.HAL_GPIO_WritePin
                0x00000000080037ec       0x30 ./Drivers/STM32F1xx_HAL_Driver/Src/stm32f1xx_hal_gpio.o
                0x00000000080037ec                HAL_GPIO_WritePin
 .text.HAL_RCC_OscConfig
                0x000000000800381c      0x500 ./Drivers/STM32F1xx_HAL_Driver/Src/stm32f1xx_hal_rcc.o
                0x000000000800381c                HAL_RCC_OscConfig
 .text.HAL_RCC_ClockConfig
                0x0000000008003d1c      0x1d4 ./Drivers/STM32F1xx_HAL_Driver/Src/stm32f1xx_hal_rcc.o
                0x0000000008003d1c                HAL_RCC_ClockConfig
 .text.HAL_RCC_GetSysClockFreq
                0x0000000008003ef0       0xc0 ./Drivers/STM32F1xx_HAL_Driver/Src/stm32f1xx_hal_rcc.o
                0x0000000008003ef0                HAL_RCC_GetSysClockFreq
 .text.HAL_RCC_GetHCLKFreq
                0x0000000008003fb0       0x14 ./Drivers/STM32F1xx_HAL_Driver/Src/stm32f1xx_hal_rcc.o
                0x0000000008003fb0                HAL_RCC_GetHCLKFreq
 .text.HAL_RCC_GetPCLK1Freq
                0x0000000008003fc4       0x28 ./Drivers/STM32F1xx_HAL_Driver/Src/stm32f1xx_hal_rcc.o
                0x0000000008003fc4                HAL_RCC_GetPCLK1Freq
 .text.HAL_RCC_GetPCLK2Freq
                0x0000000008003fec       0x28 ./Drivers/STM32F1xx_HAL_Driver/Src/stm32f1xx_hal_rcc.o
                0x0000000008003fec                HAL_RCC_GetPCLK2Freq
 .text.RCC_Delay
                0x0000000008004014       0x3c ./Drivers/STM32F1xx_HAL_Driver/Src/stm32f1xx_hal_rcc.o
 .text.HAL_RCCEx_PeriphCLKConfig
                0x0000000008004050      0x16c ./Drivers/STM32F1xx_HAL_Driver/Src/stm32f1xx_hal_rcc_ex.o
                0x0000000008004050                HAL_RCCEx_PeriphCLKConfig
 .text.HAL_TIM_Base_Init
                0x00000000080041bc       0x9e ./Drivers/STM32F1xx_HAL_Driver/Src/stm32f1xx_hal_tim.o
                0x00000000080041bc                HAL_TIM_Base_Init
 .text.HAL_TIM_ConfigClockSource
                0x000000000800425a      0x188 ./Drivers/STM32F1xx_HAL_Driver/Src/stm32f1xx_hal_tim.o
                0x000000000800425a                HAL_TIM_ConfigClockSource
 .text.HAL_TIM_SlaveConfigSynchro
                0x00000000080043e2       0x84 ./Drivers/STM32F1xx_HAL_Driver/Src/stm32f1xx_hal_tim.o
                0x00000000080043e2                HAL_TIM_SlaveConfigSynchro
 *fill*         0x0000000008004466        0x2 
 .text.TIM_Base_SetConfig
                0x0000000008004468       0xf4 ./Drivers/STM32F1xx_HAL_Driver/Src/stm32f1xx_hal_tim.o
                0x0000000008004468                TIM_Base_SetConfig
 .text.TIM_SlaveTimer_SetConfig
                0x000000000800455c      0x11c ./Drivers/STM32F1xx_HAL_Driver/Src/stm32f1xx_hal_tim.o
 .text.TIM_TI1_ConfigInputStage
                0x0000000008004678       0x5c ./Drivers/STM32F1xx_HAL_Driver/Src/stm32f1xx_hal_tim.o
 .text.TIM_TI2_ConfigInputStage
                0x00000000080046d4       0x5e ./Drivers/STM32F1xx_HAL_Driver/Src/stm32f1xx_hal_tim.o
 .text.TIM_ITRx_SetConfig
                0x0000000008004732       0x34 ./Drivers/STM32F1xx_HAL_Driver/Src/stm32f1xx_hal_tim.o
 .text.TIM_ETR_SetConfig
                0x0000000008004766       0x3e ./Drivers/STM32F1xx_HAL_Driver/Src/stm32f1xx_hal_tim.o
                0x0000000008004766                TIM_ETR_SetConfig
 .text.HAL_TIMEx_MasterConfigSynchronization
                0x00000000080047a4       0xd8 ./Drivers/STM32F1xx_HAL_Driver/Src/stm32f1xx_hal_tim_ex.o
                0x00000000080047a4                HAL_TIMEx_MasterConfigSynchronization
 .text.HAL_UART_Init
                0x000000000800487c       0x9a ./Drivers/STM32F1xx_HAL_Driver/Src/stm32f1xx_hal_uart.o
                0x000000000800487c                HAL_UART_Init
 *fill*         0x0000000008004916        0x2 
 .text.HAL_UART_IRQHandler
                0x0000000008004918      0x200 ./Drivers/STM32F1xx_HAL_Driver/Src/stm32f1xx_hal_uart.o
                0x0000000008004918                HAL_UART_IRQHandler
 .text.HAL_UART_TxCpltCallback
                0x0000000008004b18       0x12 ./Drivers/STM32F1xx_HAL_Driver/Src/stm32f1xx_hal_uart.o
                0x0000000008004b18                HAL_UART_TxCpltCallback
 .text.HAL_UART_RxCpltCallback
                0x0000000008004b2a       0x12 ./Drivers/STM32F1xx_HAL_Driver/Src/stm32f1xx_hal_uart.o
                0x0000000008004b2a                HAL_UART_RxCpltCallback
 .text.HAL_UART_ErrorCallback
                0x0000000008004b3c       0x12 ./Drivers/STM32F1xx_HAL_Driver/Src/stm32f1xx_hal_uart.o
                0x0000000008004b3c                HAL_UART_ErrorCallback
 .text.UART_EndRxTransfer
                0x0000000008004b4e       0x3a ./Drivers/STM32F1xx_HAL_Driver/Src/stm32f1xx_hal_uart.o
 .text.UART_DMAAbortOnError
                0x0000000008004b88       0x28 ./Drivers/STM32F1xx_HAL_Driver/Src/stm32f1xx_hal_uart.o
 .text.UART_Transmit_IT
                0x0000000008004bb0       0x9e ./Drivers/STM32F1xx_HAL_Driver/Src/stm32f1xx_hal_uart.o
 .text.UART_EndTransmit_IT
                0x0000000008004c4e       0x30 ./Drivers/STM32F1xx_HAL_Driver/Src/stm32f1xx_hal_uart.o
 .text.UART_Receive_IT
                0x0000000008004c7e      0x100 ./Drivers/STM32F1xx_HAL_Driver/Src/stm32f1xx_hal_uart.o
 *fill*         0x0000000008004d7e        0x2 
 .text.UART_SetConfig
                0x0000000008004d80      0x11c ./Drivers/STM32F1xx_HAL_Driver/Src/stm32f1xx_hal_uart.o
 .text.osKernelInitialize
                0x0000000008004e9c       0x64 ./Middlewares/Third_Party/FreeRTOS/Source/CMSIS_RTOS_V2/cmsis_os2.o
                0x0000000008004e9c                osKernelInitialize
 .text.osKernelStart
                0x0000000008004f00       0x68 ./Middlewares/Third_Party/FreeRTOS/Source/CMSIS_RTOS_V2/cmsis_os2.o
                0x0000000008004f00                osKernelStart
 .text.osThreadNew
                0x0000000008004f68      0x154 ./Middlewares/Third_Party/FreeRTOS/Source/CMSIS_RTOS_V2/cmsis_os2.o
                0x0000000008004f68                osThreadNew
 .text.osThreadFlagsSet
                0x00000000080050bc       0xc0 ./Middlewares/Third_Party/FreeRTOS/Source/CMSIS_RTOS_V2/cmsis_os2.o
                0x00000000080050bc                osThreadFlagsSet
 .text.osDelay  0x000000000800517c       0x5c ./Middlewares/Third_Party/FreeRTOS/Source/CMSIS_RTOS_V2/cmsis_os2.o
                0x000000000800517c                osDelay
 .text.TimerCallback
                0x00000000080051d8       0x2a ./Middlewares/Third_Party/FreeRTOS/Source/CMSIS_RTOS_V2/cmsis_os2.o
 *fill*         0x0000000008005202        0x2 
 .text.osTimerNew
                0x0000000008005204      0x108 ./Middlewares/Third_Party/FreeRTOS/Source/CMSIS_RTOS_V2/cmsis_os2.o
                0x0000000008005204                osTimerNew
 .text.osTimerStart
                0x000000000800530c       0x80 ./Middlewares/Third_Party/FreeRTOS/Source/CMSIS_RTOS_V2/cmsis_os2.o
                0x000000000800530c                osTimerStart
 .text.osEventFlagsNew
                0x000000000800538c       0xa4 ./Middlewares/Third_Party/FreeRTOS/Source/CMSIS_RTOS_V2/cmsis_os2.o
                0x000000000800538c                osEventFlagsNew
 .text.osSemaphoreNew
                0x0000000008005430      0x138 ./Middlewares/Third_Party/FreeRTOS/Source/CMSIS_RTOS_V2/cmsis_os2.o
                0x0000000008005430                osSemaphoreNew
 .text.osSemaphoreAcquire
                0x0000000008005568       0xcc ./Middlewares/Third_Party/FreeRTOS/Source/CMSIS_RTOS_V2/cmsis_os2.o
                0x0000000008005568                osSemaphoreAcquire
 .text.osSemaphoreRelease
                0x0000000008005634       0xb0 ./Middlewares/Third_Party/FreeRTOS/Source/CMSIS_RTOS_V2/cmsis_os2.o
                0x0000000008005634                osSemaphoreRelease
 .text.osSemaphoreDelete
                0x00000000080056e4       0x6c ./Middlewares/Third_Party/FreeRTOS/Source/CMSIS_RTOS_V2/cmsis_os2.o
                0x00000000080056e4                osSemaphoreDelete
 .text.vApplicationGetIdleTaskMemory
                0x0000000008005750       0x30 ./Middlewares/Third_Party/FreeRTOS/Source/CMSIS_RTOS_V2/cmsis_os2.o
                0x0000000008005750                vApplicationGetIdleTaskMemory
 .text.vApplicationGetTimerTaskMemory
                0x0000000008005780       0x34 ./Middlewares/Third_Party/FreeRTOS/Source/CMSIS_RTOS_V2/cmsis_os2.o
                0x0000000008005780                vApplicationGetTimerTaskMemory
 .text.xEventGroupCreateStatic
                0x00000000080057b4       0x6e ./Middlewares/Third_Party/FreeRTOS/Source/event_groups.o
                0x00000000080057b4                xEventGroupCreateStatic
 .text.xEventGroupCreate
                0x0000000008005822       0x34 ./Middlewares/Third_Party/FreeRTOS/Source/event_groups.o
                0x0000000008005822                xEventGroupCreate
 .text.vListInitialise
                0x0000000008005856       0x3e ./Middlewares/Third_Party/FreeRTOS/Source/list.o
                0x0000000008005856                vListInitialise
 .text.vListInitialiseItem
                0x0000000008005894       0x18 ./Middlewares/Third_Party/FreeRTOS/Source/list.o
                0x0000000008005894                vListInitialiseItem
 .text.vListInsertEnd
                0x00000000080058ac       0x46 ./Middlewares/Third_Party/FreeRTOS/Source/list.o
                0x00000000080058ac                vListInsertEnd
 .text.vListInsert
                0x00000000080058f2       0x70 ./Middlewares/Third_Party/FreeRTOS/Source/list.o
                0x00000000080058f2                vListInsert
 .text.uxListRemove
                0x0000000008005962       0x52 ./Middlewares/Third_Party/FreeRTOS/Source/list.o
                0x0000000008005962                uxListRemove
 .text.xQueueGenericReset
                0x00000000080059b4       0xd0 ./Middlewares/Third_Party/FreeRTOS/Source/queue.o
                0x00000000080059b4                xQueueGenericReset
 .text.xQueueGenericCreateStatic
                0x0000000008005a84       0xee ./Middlewares/Third_Party/FreeRTOS/Source/queue.o
                0x0000000008005a84                xQueueGenericCreateStatic
 .text.xQueueGenericCreate
                0x0000000008005b72       0x7c ./Middlewares/Third_Party/FreeRTOS/Source/queue.o
                0x0000000008005b72                xQueueGenericCreate
 .text.prvInitialiseNewQueue
                0x0000000008005bee       0x46 ./Middlewares/Third_Party/FreeRTOS/Source/queue.o
 .text.xQueueCreateCountingSemaphoreStatic
                0x0000000008005c34       0x6e ./Middlewares/Third_Party/FreeRTOS/Source/queue.o
                0x0000000008005c34                xQueueCreateCountingSemaphoreStatic
 .text.xQueueCreateCountingSemaphore
                0x0000000008005ca2       0x66 ./Middlewares/Third_Party/FreeRTOS/Source/queue.o
                0x0000000008005ca2                xQueueCreateCountingSemaphore
 .text.xQueueGenericSend
                0x0000000008005d08      0x1fc ./Middlewares/Third_Party/FreeRTOS/Source/queue.o
                0x0000000008005d08                xQueueGenericSend
 .text.xQueueGenericSendFromISR
                0x0000000008005f04      0x130 ./Middlewares/Third_Party/FreeRTOS/Source/queue.o
                0x0000000008005f04                xQueueGenericSendFromISR
 .text.xQueueGiveFromISR
                0x0000000008006034      0x11a ./Middlewares/Third_Party/FreeRTOS/Source/queue.o
                0x0000000008006034                xQueueGiveFromISR
 *fill*         0x000000000800614e        0x2 
 .text.xQueueReceive
                0x0000000008006150      0x1c0 ./Middlewares/Third_Party/FreeRTOS/Source/queue.o
                0x0000000008006150                xQueueReceive
 .text.xQueueSemaphoreTake
                0x0000000008006310      0x218 ./Middlewares/Third_Party/FreeRTOS/Source/queue.o
                0x0000000008006310                xQueueSemaphoreTake
 .text.xQueueReceiveFromISR
                0x0000000008006528      0x100 ./Middlewares/Third_Party/FreeRTOS/Source/queue.o
                0x0000000008006528                xQueueReceiveFromISR
 .text.vQueueDelete
                0x0000000008006628       0x46 ./Middlewares/Third_Party/FreeRTOS/Source/queue.o
                0x0000000008006628                vQueueDelete
 .text.prvGetDisinheritPriorityAfterTimeout
                0x000000000800666e       0x2e ./Middlewares/Third_Party/FreeRTOS/Source/queue.o
 .text.prvCopyDataToQueue
                0x000000000800669c       0xd4 ./Middlewares/Third_Party/FreeRTOS/Source/queue.o
 .text.prvCopyDataFromQueue
                0x0000000008006770       0x4c ./Middlewares/Third_Party/FreeRTOS/Source/queue.o
 .text.prvUnlockQueue
                0x00000000080067bc       0xa4 ./Middlewares/Third_Party/FreeRTOS/Source/queue.o
 .text.prvIsQueueEmpty
                0x0000000008006860       0x2c ./Middlewares/Third_Party/FreeRTOS/Source/queue.o
 .text.prvIsQueueFull
                0x000000000800688c       0x30 ./Middlewares/Third_Party/FreeRTOS/Source/queue.o
 .text.vQueueAddToRegistry
                0x00000000080068bc       0x50 ./Middlewares/Third_Party/FreeRTOS/Source/queue.o
                0x00000000080068bc                vQueueAddToRegistry
 .text.vQueueUnregisterQueue
                0x000000000800690c       0x54 ./Middlewares/Third_Party/FreeRTOS/Source/queue.o
                0x000000000800690c                vQueueUnregisterQueue
 .text.vQueueWaitForMessageRestricted
                0x0000000008006960       0x68 ./Middlewares/Third_Party/FreeRTOS/Source/queue.o
                0x0000000008006960                vQueueWaitForMessageRestricted
 .text.xTaskCreateStatic
                0x00000000080069c8       0xb8 ./Middlewares/Third_Party/FreeRTOS/Source/tasks.o
                0x00000000080069c8                xTaskCreateStatic
 .text.xTaskCreate
                0x0000000008006a80       0x8a ./Middlewares/Third_Party/FreeRTOS/Source/tasks.o
                0x0000000008006a80                xTaskCreate
 .text.prvInitialiseNewTask
                0x0000000008006b0a      0x10e ./Middlewares/Third_Party/FreeRTOS/Source/tasks.o
 .text.prvAddNewTaskToReadyList
                0x0000000008006c18       0xe0 ./Middlewares/Third_Party/FreeRTOS/Source/tasks.o
 .text.vTaskDelay
                0x0000000008006cf8       0x68 ./Middlewares/Third_Party/FreeRTOS/Source/tasks.o
                0x0000000008006cf8                vTaskDelay
 .text.vTaskStartScheduler
                0x0000000008006d60       0xcc ./Middlewares/Third_Party/FreeRTOS/Source/tasks.o
                0x0000000008006d60                vTaskStartScheduler
 .text.vTaskSuspendAll
                0x0000000008006e2c       0x1c ./Middlewares/Third_Party/FreeRTOS/Source/tasks.o
                0x0000000008006e2c                vTaskSuspendAll
 .text.xTaskResumeAll
                0x0000000008006e48      0x13c ./Middlewares/Third_Party/FreeRTOS/Source/tasks.o
                0x0000000008006e48                xTaskResumeAll
 .text.xTaskGetTickCount
                0x0000000008006f84       0x1c ./Middlewares/Third_Party/FreeRTOS/Source/tasks.o
                0x0000000008006f84                xTaskGetTickCount
 .text.xTaskIncrementTick
                0x0000000008006fa0      0x17c ./Middlewares/Third_Party/FreeRTOS/Source/tasks.o
                0x0000000008006fa0                xTaskIncrementTick
 .text.vTaskSwitchContext
                0x000000000800711c       0xb8 ./Middlewares/Third_Party/FreeRTOS/Source/tasks.o
                0x000000000800711c                vTaskSwitchContext
 .text.vTaskPlaceOnEventList
                0x00000000080071d4       0x48 ./Middlewares/Third_Party/FreeRTOS/Source/tasks.o
                0x00000000080071d4                vTaskPlaceOnEventList
 .text.vTaskPlaceOnEventListRestricted
                0x000000000800721c       0x58 ./Middlewares/Third_Party/FreeRTOS/Source/tasks.o
                0x000000000800721c                vTaskPlaceOnEventListRestricted
 .text.xTaskRemoveFromEventList
                0x0000000008007274       0xc8 ./Middlewares/Third_Party/FreeRTOS/Source/tasks.o
                0x0000000008007274                xTaskRemoveFromEventList
 .text.vTaskInternalSetTimeOutState
                0x000000000800733c       0x2c ./Middlewares/Third_Party/FreeRTOS/Source/tasks.o
                0x000000000800733c                vTaskInternalSetTimeOutState
 .text.xTaskCheckForTimeOut
                0x0000000008007368       0xc4 ./Middlewares/Third_Party/FreeRTOS/Source/tasks.o
                0x0000000008007368                xTaskCheckForTimeOut
 .text.vTaskMissedYield
                0x000000000800742c       0x18 ./Middlewares/Third_Party/FreeRTOS/Source/tasks.o
                0x000000000800742c                vTaskMissedYield
 .text.prvIdleTask
                0x0000000008007444       0x34 ./Middlewares/Third_Party/FreeRTOS/Source/tasks.o
 .text.prvInitialiseTaskLists
                0x0000000008007478       0x80 ./Middlewares/Third_Party/FreeRTOS/Source/tasks.o
 .text.prvCheckTasksWaitingTermination
                0x00000000080074f8       0x5c ./Middlewares/Third_Party/FreeRTOS/Source/tasks.o
 .text.prvDeleteTCB
                0x0000000008007554       0x5e ./Middlewares/Third_Party/FreeRTOS/Source/tasks.o
 *fill*         0x00000000080075b2        0x2 
 .text.prvResetNextTaskUnblockTime
                0x00000000080075b4       0x48 ./Middlewares/Third_Party/FreeRTOS/Source/tasks.o
 .text.xTaskGetSchedulerState
                0x00000000080075fc       0x3c ./Middlewares/Third_Party/FreeRTOS/Source/tasks.o
                0x00000000080075fc                xTaskGetSchedulerState
 .text.xTaskPriorityInherit
                0x0000000008007638       0xdc ./Middlewares/Third_Party/FreeRTOS/Source/tasks.o
                0x0000000008007638                xTaskPriorityInherit
 .text.xTaskPriorityDisinherit
                0x0000000008007714       0xdc ./Middlewares/Third_Party/FreeRTOS/Source/tasks.o
                0x0000000008007714                xTaskPriorityDisinherit
 .text.vTaskPriorityDisinheritAfterTimeout
                0x00000000080077f0      0x10c ./Middlewares/Third_Party/FreeRTOS/Source/tasks.o
                0x00000000080077f0                vTaskPriorityDisinheritAfterTimeout
 .text.pvTaskIncrementMutexHeldCount
                0x00000000080078fc       0x28 ./Middlewares/Third_Party/FreeRTOS/Source/tasks.o
                0x00000000080078fc                pvTaskIncrementMutexHeldCount
 .text.xTaskGenericNotify
                0x0000000008007924      0x148 ./Middlewares/Third_Party/FreeRTOS/Source/tasks.o
                0x0000000008007924                xTaskGenericNotify
 .text.xTaskGenericNotifyFromISR
                0x0000000008007a6c      0x194 ./Middlewares/Third_Party/FreeRTOS/Source/tasks.o
                0x0000000008007a6c                xTaskGenericNotifyFromISR
 .text.prvAddCurrentTaskToDelayedList
                0x0000000008007c00       0xa8 ./Middlewares/Third_Party/FreeRTOS/Source/tasks.o
 .text.xTimerCreateTimerTask
                0x0000000008007ca8       0x90 ./Middlewares/Third_Party/FreeRTOS/Source/timers.o
                0x0000000008007ca8                xTimerCreateTimerTask
 .text.xTimerCreate
                0x0000000008007d38       0x42 ./Middlewares/Third_Party/FreeRTOS/Source/timers.o
                0x0000000008007d38                xTimerCreate
 .text.xTimerCreateStatic
                0x0000000008007d7a       0x7a ./Middlewares/Third_Party/FreeRTOS/Source/timers.o
                0x0000000008007d7a                xTimerCreateStatic
 .text.prvInitialiseNewTimer
                0x0000000008007df4       0x64 ./Middlewares/Third_Party/FreeRTOS/Source/timers.o
 .text.xTimerGenericCommand
                0x0000000008007e58       0x9c ./Middlewares/Third_Party/FreeRTOS/Source/timers.o
                0x0000000008007e58                xTimerGenericCommand
 .text.prvProcessExpiredTimer
                0x0000000008007ef4       0x80 ./Middlewares/Third_Party/FreeRTOS/Source/timers.o
 .text.prvTimerTask
                0x0000000008007f74       0x24 ./Middlewares/Third_Party/FreeRTOS/Source/timers.o
 .text.prvProcessTimerOrBlockTask
                0x0000000008007f98       0x9c ./Middlewares/Third_Party/FreeRTOS/Source/timers.o
 .text.prvGetNextExpireTime
                0x0000000008008034       0x48 ./Middlewares/Third_Party/FreeRTOS/Source/timers.o
 .text.prvSampleTimeNow
                0x000000000800807c       0x40 ./Middlewares/Third_Party/FreeRTOS/Source/timers.o
 .text.prvInsertTimerInActiveList
                0x00000000080080bc       0x84 ./Middlewares/Third_Party/FreeRTOS/Source/timers.o
 .text.prvProcessReceivedCommands
                0x0000000008008140      0x168 ./Middlewares/Third_Party/FreeRTOS/Source/timers.o
 .text.prvSwitchTimerLists
                0x00000000080082a8       0xc4 ./Middlewares/Third_Party/FreeRTOS/Source/timers.o
 .text.prvCheckForValidListAndQueue
                0x000000000800836c       0x80 ./Middlewares/Third_Party/FreeRTOS/Source/timers.o
 .text.pvTimerGetTimerID
                0x00000000080083ec       0x40 ./Middlewares/Third_Party/FreeRTOS/Source/timers.o
                0x00000000080083ec                pvTimerGetTimerID
 .text.pxPortInitialiseStack
                0x000000000800842c       0x58 ./Middlewares/Third_Party/FreeRTOS/Source/portable/GCC/ARM_CM3/port.o
                0x000000000800842c                pxPortInitialiseStack
 .text.prvTaskExitError
                0x0000000008008484       0x58 ./Middlewares/Third_Party/FreeRTOS/Source/portable/GCC/ARM_CM3/port.o
 *fill*         0x00000000080084dc        0x4 
 .text.SVC_Handler
                0x00000000080084e0       0x28 ./Middlewares/Third_Party/FreeRTOS/Source/portable/GCC/ARM_CM3/port.o
                0x00000000080084e0                SVC_Handler
 .text.prvPortStartFirstTask
                0x0000000008008508       0x20 ./Middlewares/Third_Party/FreeRTOS/Source/portable/GCC/ARM_CM3/port.o
 .text.xPortStartScheduler
                0x0000000008008528       0xe4 ./Middlewares/Third_Party/FreeRTOS/Source/portable/GCC/ARM_CM3/port.o
                0x0000000008008528                xPortStartScheduler
 .text.vPortEnterCritical
                0x000000000800860c       0x60 ./Middlewares/Third_Party/FreeRTOS/Source/portable/GCC/ARM_CM3/port.o
                0x000000000800860c                vPortEnterCritical
 .text.vPortExitCritical
                0x000000000800866c       0x50 ./Middlewares/Third_Party/FreeRTOS/Source/portable/GCC/ARM_CM3/port.o
                0x000000000800866c                vPortExitCritical
 *fill*         0x00000000080086bc        0x4 
 .text.PendSV_Handler
                0x00000000080086c0       0x48 ./Middlewares/Third_Party/FreeRTOS/Source/portable/GCC/ARM_CM3/port.o
                0x00000000080086c0                PendSV_Handler
 .text.xPortSysTickHandler
                0x0000000008008708       0x44 ./Middlewares/Third_Party/FreeRTOS/Source/portable/GCC/ARM_CM3/port.o
                0x0000000008008708                xPortSysTickHandler
 .text.vPortSetupTimerInterrupt
                0x000000000800874c       0x44 ./Middlewares/Third_Party/FreeRTOS/Source/portable/GCC/ARM_CM3/port.o
                0x000000000800874c                vPortSetupTimerInterrupt
 .text.vPortValidateInterruptPriority
                0x0000000008008790       0x7c ./Middlewares/Third_Party/FreeRTOS/Source/portable/GCC/ARM_CM3/port.o
                0x0000000008008790                vPortValidateInterruptPriority
 .text.pvPortMalloc
                0x000000000800880c      0x188 ./Middlewares/Third_Party/FreeRTOS/Source/portable/MemMang/heap_4.o
                0x000000000800880c                pvPortMalloc
 .text.vPortFree
                0x0000000008008994       0xb4 ./Middlewares/Third_Party/FreeRTOS/Source/portable/MemMang/heap_4.o
                0x0000000008008994                vPortFree
 .text.prvHeapInit
                0x0000000008008a48       0xc4 ./Middlewares/Third_Party/FreeRTOS/Source/portable/MemMang/heap_4.o
 .text.prvInsertBlockIntoFreeList
                0x0000000008008b0c       0xb0 ./Middlewares/Third_Party/FreeRTOS/Source/portable/MemMang/heap_4.o
 .text.__libc_init_array
                0x0000000008008bbc       0x48 c:/st/stm32cubeide_1.8.0/stm32cubeide/plugins/com.st.stm32cube.ide.mcu.externaltools.gnu-tools-for-stm32.9-2020-q2-update.win32_2.0.0.202105311346/tools/bin/../lib/gcc/arm-none-eabi/9.3.1/../../../../arm-none-eabi/lib/thumb/v7-m/nofp\libc_nano.a(lib_a-init.o)
                0x0000000008008bbc                __libc_init_array
 .text.memcpy   0x0000000008008c04       0x1c c:/st/stm32cubeide_1.8.0/stm32cubeide/plugins/com.st.stm32cube.ide.mcu.externaltools.gnu-tools-for-stm32.9-2020-q2-update.win32_2.0.0.202105311346/tools/bin/../lib/gcc/arm-none-eabi/9.3.1/../../../../arm-none-eabi/lib/thumb/v7-m/nofp\libc_nano.a(lib_a-memcpy-stub.o)
                0x0000000008008c04                memcpy
 .text.memset   0x0000000008008c20       0x10 c:/st/stm32cubeide_1.8.0/stm32cubeide/plugins/com.st.stm32cube.ide.mcu.externaltools.gnu-tools-for-stm32.9-2020-q2-update.win32_2.0.0.202105311346/tools/bin/../lib/gcc/arm-none-eabi/9.3.1/../../../../arm-none-eabi/lib/thumb/v7-m/nofp\libc_nano.a(lib_a-memset.o)
                0x0000000008008c20                memset
 *(.glue_7)
 .glue_7        0x0000000008008c30        0x0 linker stubs
 *(.glue_7t)
 .glue_7t       0x0000000008008c30        0x0 linker stubs
 *(.eh_frame)
 .eh_frame      0x0000000008008c30        0x0 c:/st/stm32cubeide_1.8.0/stm32cubeide/plugins/com.st.stm32cube.ide.mcu.externaltools.gnu-tools-for-stm32.9-2020-q2-update.win32_2.0.0.202105311346/tools/bin/../lib/gcc/arm-none-eabi/9.3.1/thumb/v7-m/nofp/crtbegin.o
 *(.init)
 .init          0x0000000008008c30        0x4 c:/st/stm32cubeide_1.8.0/stm32cubeide/plugins/com.st.stm32cube.ide.mcu.externaltools.gnu-tools-for-stm32.9-2020-q2-update.win32_2.0.0.202105311346/tools/bin/../lib/gcc/arm-none-eabi/9.3.1/thumb/v7-m/nofp/crti.o
                0x0000000008008c30                _init
 .init          0x0000000008008c34        0x8 c:/st/stm32cubeide_1.8.0/stm32cubeide/plugins/com.st.stm32cube.ide.mcu.externaltools.gnu-tools-for-stm32.9-2020-q2-update.win32_2.0.0.202105311346/tools/bin/../lib/gcc/arm-none-eabi/9.3.1/thumb/v7-m/nofp/crtn.o
 *(.fini)
 .fini          0x0000000008008c3c        0x4 c:/st/stm32cubeide_1.8.0/stm32cubeide/plugins/com.st.stm32cube.ide.mcu.externaltools.gnu-tools-for-stm32.9-2020-q2-update.win32_2.0.0.202105311346/tools/bin/../lib/gcc/arm-none-eabi/9.3.1/thumb/v7-m/nofp/crti.o
                0x0000000008008c3c                _fini
 .fini          0x0000000008008c40        0x8 c:/st/stm32cubeide_1.8.0/stm32cubeide/plugins/com.st.stm32cube.ide.mcu.externaltools.gnu-tools-for-stm32.9-2020-q2-update.win32_2.0.0.202105311346/tools/bin/../lib/gcc/arm-none-eabi/9.3.1/thumb/v7-m/nofp/crtn.o
                0x0000000008008c48                . = ALIGN (0x4)
                0x0000000008008c48                _etext = .

.vfp11_veneer   0x0000000008008c48        0x0
 .vfp11_veneer  0x0000000008008c48        0x0 linker stubs

.v4_bx          0x0000000008008c48        0x0
 .v4_bx         0x0000000008008c48        0x0 linker stubs

.iplt           0x0000000008008c48        0x0
 .iplt          0x0000000008008c48        0x0 c:/st/stm32cubeide_1.8.0/stm32cubeide/plugins/com.st.stm32cube.ide.mcu.externaltools.gnu-tools-for-stm32.9-2020-q2-update.win32_2.0.0.202105311346/tools/bin/../lib/gcc/arm-none-eabi/9.3.1/thumb/v7-m/nofp/crtbegin.o

.rodata         0x0000000008008c48     0x101c
                0x0000000008008c48                . = ALIGN (0x4)
 *(.rodata)
 .rodata        0x0000000008008c48        0xe ./Core/Src/function.o
 *fill*         0x0000000008008c56        0x2 
 .rodata        0x0000000008008c58       0x46 ./Core/Src/main.o
 *fill*         0x0000000008008c9e        0x2 
 .rodata        0x0000000008008ca0       0x10 ./Drivers/STM32F1xx_HAL_Driver/Src/stm32f1xx_hal_rcc.o
 .rodata        0x0000000008008cb0        0x5 ./Middlewares/Third_Party/FreeRTOS/Source/tasks.o
 *fill*         0x0000000008008cb5        0x3 
 .rodata        0x0000000008008cb8        0xd ./Middlewares/Third_Party/FreeRTOS/Source/timers.o
 *(.rodata*)
 *fill*         0x0000000008008cc5        0x3 
 .rodata.screen1
                0x0000000008008cc8      0x400 ./Core/Src/function.o
                0x0000000008008cc8                screen1
 .rodata.state_data
                0x00000000080090c8      0x120 ./Core/Src/function.o
                0x00000000080090c8                state_data
 .rodata.constLcdNum
                0x00000000080091e8       0x68 ./Core/Src/function.o
                0x00000000080091e8                constLcdNum
 .rodata.step_data_line
                0x0000000008009250       0x77 ./Core/Src/function.o
                0x0000000008009250                step_data_line
 *fill*         0x00000000080092c7        0x1 
 .rodata.step_data
                0x00000000080092c8      0x85e ./Core/Src/function.o
                0x00000000080092c8                step_data
 *fill*         0x0000000008009b26        0x2 
 .rodata.step_empty
                0x0000000008009b28       0x77 ./Core/Src/function.o
                0x0000000008009b28                step_empty
 *fill*         0x0000000008009b9f        0x1 
 .rodata.LcdTaskSemCnt_attributes
                0x0000000008009ba0       0x10 ./Core/Src/function.o
                0x0000000008009ba0                LcdTaskSemCnt_attributes
 .rodata.PortTimer_attributes
                0x0000000008009bb0       0x10 ./Core/Src/main.o
                0x0000000008009bb0                PortTimer_attributes
 .rodata.FunctionJob_attributes
                0x0000000008009bc0       0x24 ./Core/Src/main.o
                0x0000000008009bc0                FunctionJob_attributes
 .rodata.myTask02_attributes
                0x0000000008009be4       0x24 ./Core/Src/main.o
                0x0000000008009be4                myTask02_attributes
 .rodata.DeviceTask_attributes
                0x0000000008009c08       0x24 ./Core/Src/main.o
                0x0000000008009c08                DeviceTask_attributes
 .rodata.FlagEvent01_attributes
                0x0000000008009c2c       0x10 ./Core/Src/main.o
                0x0000000008009c2c                FlagEvent01_attributes
 .rodata.myEvent02_attributes
                0x0000000008009c3c       0x10 ./Core/Src/main.o
                0x0000000008009c3c                myEvent02_attributes
 .rodata.AHBPrescTable
                0x0000000008009c4c       0x10 ./Core/Src/system_stm32f1xx.o
                0x0000000008009c4c                AHBPrescTable
 .rodata.APBPrescTable
                0x0000000008009c5c        0x8 ./Core/Src/system_stm32f1xx.o
                0x0000000008009c5c                APBPrescTable
                0x0000000008009c64                . = ALIGN (0x4)

.rel.dyn        0x0000000008009c64        0x0
 .rel.iplt      0x0000000008009c64        0x0 c:/st/stm32cubeide_1.8.0/stm32cubeide/plugins/com.st.stm32cube.ide.mcu.externaltools.gnu-tools-for-stm32.9-2020-q2-update.win32_2.0.0.202105311346/tools/bin/../lib/gcc/arm-none-eabi/9.3.1/thumb/v7-m/nofp/crtbegin.o

.ARM.extab      0x0000000008009c64        0x0
                0x0000000008009c64                . = ALIGN (0x4)
 *(.ARM.extab* .gnu.linkonce.armextab.*)
                0x0000000008009c64                . = ALIGN (0x4)

.ARM            0x0000000008009c64        0x0
                0x0000000008009c64                . = ALIGN (0x4)
                0x0000000008009c64                __exidx_start = .
 *(.ARM.exidx*)
                0x0000000008009c64                __exidx_end = .
                0x0000000008009c64                . = ALIGN (0x4)

.preinit_array  0x0000000008009c64        0x0
                0x0000000008009c64                . = ALIGN (0x4)
                0x0000000008009c64                PROVIDE (__preinit_array_start = .)
 *(.preinit_array*)
                0x0000000008009c64                PROVIDE (__preinit_array_end = .)
                0x0000000008009c64                . = ALIGN (0x4)

.init_array     0x0000000008009c64        0x4
                0x0000000008009c64                . = ALIGN (0x4)
                0x0000000008009c64                PROVIDE (__init_array_start = .)
 *(SORT_BY_NAME(.init_array.*))
 *(.init_array*)
 .init_array    0x0000000008009c64        0x4 c:/st/stm32cubeide_1.8.0/stm32cubeide/plugins/com.st.stm32cube.ide.mcu.externaltools.gnu-tools-for-stm32.9-2020-q2-update.win32_2.0.0.202105311346/tools/bin/../lib/gcc/arm-none-eabi/9.3.1/thumb/v7-m/nofp/crtbegin.o
                0x0000000008009c68                PROVIDE (__init_array_end = .)
                0x0000000008009c68                . = ALIGN (0x4)

.fini_array     0x0000000008009c68        0x4
                0x0000000008009c68                . = ALIGN (0x4)
                [!provide]                        PROVIDE (__fini_array_start = .)
 *(SORT_BY_NAME(.fini_array.*))
 *(.fini_array*)
 .fini_array    0x0000000008009c68        0x4 c:/st/stm32cubeide_1.8.0/stm32cubeide/plugins/com.st.stm32cube.ide.mcu.externaltools.gnu-tools-for-stm32.9-2020-q2-update.win32_2.0.0.202105311346/tools/bin/../lib/gcc/arm-none-eabi/9.3.1/thumb/v7-m/nofp/crtbegin.o
                [!provide]                        PROVIDE (__fini_array_end = .)
                0x0000000008009c6c                . = ALIGN (0x4)
                0x0000000008009c6c                _sidata = LOADADDR (.data)

.data           0x0000000020000000       0x30 load address 0x0000000008009c6c
                0x0000000020000000                . = ALIGN (0x4)
                0x0000000020000000                _sdata = .
 *(.data)
 *(.data*)
 .data.SystemCoreClock
                0x0000000020000000        0x4 ./Core/Src/system_stm32f1xx.o
                0x0000000020000000                SystemCoreClock
 .data.StructInputPort
                0x0000000020000004       0x18 ./Core/Src/taskDevice.o
                0x0000000020000004                StructInputPort
 .data.gu16AddrBits
                0x000000002000001c        0x6 ./Core/Src/taskDevice.o
                0x000000002000001c                gu16AddrBits
 *fill*         0x0000000020000022        0x2 
 .data.uwTickPrio
                0x0000000020000024        0x4 ./Drivers/STM32F1xx_HAL_Driver/Src/stm32f1xx_hal.o
                0x0000000020000024                uwTickPrio
 .data.uwTickFreq
                0x0000000020000028        0x1 ./Drivers/STM32F1xx_HAL_Driver/Src/stm32f1xx_hal.o
                0x0000000020000028                uwTickFreq
 *fill*         0x0000000020000029        0x3 
 .data.uxCriticalNesting
                0x000000002000002c        0x4 ./Middlewares/Third_Party/FreeRTOS/Source/portable/GCC/ARM_CM3/port.o
 *(.RamFunc)
 *(.RamFunc*)
                0x0000000020000030                . = ALIGN (0x4)
                0x0000000020000030                _edata = .

.igot.plt       0x0000000020000030        0x0 load address 0x0000000008009c9c
 .igot.plt      0x0000000020000030        0x0 c:/st/stm32cubeide_1.8.0/stm32cubeide/plugins/com.st.stm32cube.ide.mcu.externaltools.gnu-tools-for-stm32.9-2020-q2-update.win32_2.0.0.202105311346/tools/bin/../lib/gcc/arm-none-eabi/9.3.1/thumb/v7-m/nofp/crtbegin.o
                0x0000000020000030                . = ALIGN (0x4)

.bss            0x0000000020000030     0x2240 load address 0x0000000008009c9c
                0x0000000020000030                _sbss = .
                0x0000000020000030                __bss_start__ = _sbss
 *(.bss)
 .bss           0x0000000020000030       0x1c c:/st/stm32cubeide_1.8.0/stm32cubeide/plugins/com.st.stm32cube.ide.mcu.externaltools.gnu-tools-for-stm32.9-2020-q2-update.win32_2.0.0.202105311346/tools/bin/../lib/gcc/arm-none-eabi/9.3.1/thumb/v7-m/nofp/crtbegin.o
 *(.bss*)
 .bss.KernelState
                0x000000002000004c        0x4 ./Middlewares/Third_Party/FreeRTOS/Source/CMSIS_RTOS_V2/cmsis_os2.o
 .bss.Idle_TCB  0x0000000020000050       0x5c ./Middlewares/Third_Party/FreeRTOS/Source/CMSIS_RTOS_V2/cmsis_os2.o
 .bss.Idle_Stack
                0x00000000200000ac      0x200 ./Middlewares/Third_Party/FreeRTOS/Source/CMSIS_RTOS_V2/cmsis_os2.o
 .bss.Timer_TCB
                0x00000000200002ac       0x5c ./Middlewares/Third_Party/FreeRTOS/Source/CMSIS_RTOS_V2/cmsis_os2.o
 .bss.Timer_Stack
                0x0000000020000308      0x400 ./Middlewares/Third_Party/FreeRTOS/Source/CMSIS_RTOS_V2/cmsis_os2.o
 .bss.pxCurrentTCB
                0x0000000020000708        0x4 ./Middlewares/Third_Party/FreeRTOS/Source/tasks.o
                0x0000000020000708                pxCurrentTCB
 .bss.pxReadyTasksLists
                0x000000002000070c      0x460 ./Middlewares/Third_Party/FreeRTOS/Source/tasks.o
 .bss.xDelayedTaskList1
                0x0000000020000b6c       0x14 ./Middlewares/Third_Party/FreeRTOS/Source/tasks.o
 .bss.xDelayedTaskList2
                0x0000000020000b80       0x14 ./Middlewares/Third_Party/FreeRTOS/Source/tasks.o
 .bss.pxDelayedTaskList
                0x0000000020000b94        0x4 ./Middlewares/Third_Party/FreeRTOS/Source/tasks.o
 .bss.pxOverflowDelayedTaskList
                0x0000000020000b98        0x4 ./Middlewares/Third_Party/FreeRTOS/Source/tasks.o
 .bss.xPendingReadyList
                0x0000000020000b9c       0x14 ./Middlewares/Third_Party/FreeRTOS/Source/tasks.o
 .bss.xTasksWaitingTermination
                0x0000000020000bb0       0x14 ./Middlewares/Third_Party/FreeRTOS/Source/tasks.o
 .bss.uxDeletedTasksWaitingCleanUp
                0x0000000020000bc4        0x4 ./Middlewares/Third_Party/FreeRTOS/Source/tasks.o
 .bss.xSuspendedTaskList
                0x0000000020000bc8       0x14 ./Middlewares/Third_Party/FreeRTOS/Source/tasks.o
 .bss.uxCurrentNumberOfTasks
                0x0000000020000bdc        0x4 ./Middlewares/Third_Party/FreeRTOS/Source/tasks.o
 .bss.xTickCount
                0x0000000020000be0        0x4 ./Middlewares/Third_Party/FreeRTOS/Source/tasks.o
 .bss.uxTopReadyPriority
                0x0000000020000be4        0x4 ./Middlewares/Third_Party/FreeRTOS/Source/tasks.o
 .bss.xSchedulerRunning
                0x0000000020000be8        0x4 ./Middlewares/Third_Party/FreeRTOS/Source/tasks.o
 .bss.uxPendedTicks
                0x0000000020000bec        0x4 ./Middlewares/Third_Party/FreeRTOS/Source/tasks.o
 .bss.xYieldPending
                0x0000000020000bf0        0x4 ./Middlewares/Third_Party/FreeRTOS/Source/tasks.o
 .bss.xNumOfOverflows
                0x0000000020000bf4        0x4 ./Middlewares/Third_Party/FreeRTOS/Source/tasks.o
 .bss.uxTaskNumber
                0x0000000020000bf8        0x4 ./Middlewares/Third_Party/FreeRTOS/Source/tasks.o
 .bss.xNextTaskUnblockTime
                0x0000000020000bfc        0x4 ./Middlewares/Third_Party/FreeRTOS/Source/tasks.o
 .bss.xIdleTaskHandle
                0x0000000020000c00        0x4 ./Middlewares/Third_Party/FreeRTOS/Source/tasks.o
 .bss.uxSchedulerSuspended
                0x0000000020000c04        0x4 ./Middlewares/Third_Party/FreeRTOS/Source/tasks.o
 .bss.xActiveTimerList1
                0x0000000020000c08       0x14 ./Middlewares/Third_Party/FreeRTOS/Source/timers.o
 .bss.xActiveTimerList2
                0x0000000020000c1c       0x14 ./Middlewares/Third_Party/FreeRTOS/Source/timers.o
 .bss.pxCurrentTimerList
                0x0000000020000c30        0x4 ./Middlewares/Third_Party/FreeRTOS/Source/timers.o
 .bss.pxOverflowTimerList
                0x0000000020000c34        0x4 ./Middlewares/Third_Party/FreeRTOS/Source/timers.o
 .bss.xTimerQueue
                0x0000000020000c38        0x4 ./Middlewares/Third_Party/FreeRTOS/Source/timers.o
 .bss.xTimerTaskHandle
                0x0000000020000c3c        0x4 ./Middlewares/Third_Party/FreeRTOS/Source/timers.o
 .bss.xLastTime.5526
                0x0000000020000c40        0x4 ./Middlewares/Third_Party/FreeRTOS/Source/timers.o
 .bss.ucStaticTimerQueueStorage.5577
                0x0000000020000c44       0xa0 ./Middlewares/Third_Party/FreeRTOS/Source/timers.o
 .bss.xStaticTimerQueue.5576
                0x0000000020000ce4       0x50 ./Middlewares/Third_Party/FreeRTOS/Source/timers.o
 .bss.ucMaxSysCallPriority
                0x0000000020000d34        0x1 ./Middlewares/Third_Party/FreeRTOS/Source/portable/GCC/ARM_CM3/port.o
 *fill*         0x0000000020000d35        0x3 
 .bss.ulMaxPRIGROUPValue
                0x0000000020000d38        0x4 ./Middlewares/Third_Party/FreeRTOS/Source/portable/GCC/ARM_CM3/port.o
 .bss.ucHeap    0x0000000020000d3c      0xc00 ./Middlewares/Third_Party/FreeRTOS/Source/portable/MemMang/heap_4.o
 .bss.xStart    0x000000002000193c        0x8 ./Middlewares/Third_Party/FreeRTOS/Source/portable/MemMang/heap_4.o
 .bss.pxEnd     0x0000000020001944        0x4 ./Middlewares/Third_Party/FreeRTOS/Source/portable/MemMang/heap_4.o
 .bss.xFreeBytesRemaining
                0x0000000020001948        0x4 ./Middlewares/Third_Party/FreeRTOS/Source/portable/MemMang/heap_4.o
 .bss.xMinimumEverFreeBytesRemaining
                0x000000002000194c        0x4 ./Middlewares/Third_Party/FreeRTOS/Source/portable/MemMang/heap_4.o
 .bss.xBlockAllocatedBit
                0x0000000020001950        0x4 ./Middlewares/Third_Party/FreeRTOS/Source/portable/MemMang/heap_4.o
 *(COMMON)
 COMMON         0x0000000020001954      0x48d ./Core/Src/function.o
                0x0000000020001954                gu8GLcdYEnd
                0x0000000020001956                gu16JobTmp2
                0x0000000020001958                gu8TaskLcd
                0x000000002000195a                gu16TimerLcd
                0x000000002000195c                gu8GLcdXEnd
                0x000000002000195e                gu16JobTmp1
                0x0000000020001960                gu16JobTmpStep1
                0x0000000020001964                gu8LcdDisplayData
                0x0000000020001d64                gu8TaskGraphicLcdX
                0x0000000020001d66                gu16TimerJob
                0x0000000020001d68                LcdTaskSemCntControlBlock
                0x0000000020001db8                LcdTaskSemCntHandle
                0x0000000020001dbc                gu8JobCheckNum
                0x0000000020001dbd                gu8GLcdXStart
                0x0000000020001dbe                gu8GLcdYStart
                0x0000000020001dbf                gu8JobCheckStep
                0x0000000020001dc0                gu8JobStep
                0x0000000020001dc4                gu32Tmp
                0x0000000020001dc8                gi16TmpData
                0x0000000020001dcc                gu16JobBuff
                0x0000000020001de0                gu8TaskGraphicLcdY
 *fill*         0x0000000020001de1        0x3 
 COMMON         0x0000000020001de4      0x274 ./Core/Src/main.o
                0x0000000020001de4                FunctionJobHandle
                0x0000000020001de8                FlagEvent01Handle
                0x0000000020001dec                huart3
                0x0000000020001e2c                htim3
                0x0000000020001e74                hadc1
                0x0000000020001ea4                myEvent01ControlBlock
                0x0000000020001ec4                PortTimerHandle
                0x0000000020001ec8                huart1
                0x0000000020001f08                myEvent02Handle
                0x0000000020001f0c                htim6
                0x0000000020001f54                LcdTaskHandle
                0x0000000020001f58                htim1
                0x0000000020001fa0                myEvent02ControlBlock
                0x0000000020001fc0                htim2
                0x0000000020002008                htim7
                0x0000000020002050                DeviceTaskHandle
                0x0000000020002054                gu16Flag1
 COMMON         0x0000000020002058       0x40 ./Core/Src/stm32f1xx_it.o
                0x0000000020002058                gu8UartTmpStep
                0x0000000020002059                gu8Uart1TxCntMax
                0x000000002000205a                gu8Uart1TxCnt
                0x000000002000205c                gu16TimerUart1
                0x000000002000205e                gu8Uart1RxAddr
                0x000000002000205f                gu8Uart1RxFunc
                0x0000000020002060                gu8TaskUart1Tx
                0x0000000020002064                gu8Uart1Txbuff
                0x0000000020002073                gu8Uart1RxCnt
                0x0000000020002074                gu8UartRxMax
                0x0000000020002078                gu8Uart1Rxbuff
                0x0000000020002088                gu8RxData
 COMMON         0x0000000020002098      0x192 ./Core/Src/taskDevice.o
                0x0000000020002098                gu16TimerInput
                0x00000000200020a0                gu32Adc1Data
                0x00000000200020e0                gu16NumOfInput
                0x00000000200020e2                gu8TaskAdc1
                0x00000000200020e3                gu8Adc1Channel
                0x00000000200020e4                gu16IoBits
                0x00000000200020e8                gu32Adc1Tmp
                0x0000000020002228                gu8Adc1Data
                0x0000000020002229                gu8Adc1TmpCnt
 *fill*         0x000000002000222a        0x2 
 COMMON         0x000000002000222c        0x4 ./Drivers/STM32F1xx_HAL_Driver/Src/stm32f1xx_hal.o
                0x000000002000222c                uwTick
 COMMON         0x0000000020002230       0x40 ./Middlewares/Third_Party/FreeRTOS/Source/queue.o
                0x0000000020002230                xQueueRegistry
                0x0000000020002270                . = ALIGN (0x4)
                0x0000000020002270                _ebss = .
                0x0000000020002270                __bss_end__ = _ebss

._user_heap_stack
                0x0000000020002270      0x600 load address 0x0000000008009c9c
                0x0000000020002270                . = ALIGN (0x8)
                [!provide]                        PROVIDE (end = .)
                0x0000000020002270                PROVIDE (_end = .)
                0x0000000020002470                . = (. + _Min_Heap_Size)
 *fill*         0x0000000020002270      0x200 
                0x0000000020002870                . = (. + _Min_Stack_Size)
 *fill*         0x0000000020002470      0x400 
                0x0000000020002870                . = ALIGN (0x8)

/DISCARD/
 libc.a(*)
 libm.a(*)
 libgcc.a(*)

.ARM.attributes
                0x0000000000000000       0x29
 *(.ARM.attributes)
 .ARM.attributes
                0x0000000000000000       0x1d c:/st/stm32cubeide_1.8.0/stm32cubeide/plugins/com.st.stm32cube.ide.mcu.externaltools.gnu-tools-for-stm32.9-2020-q2-update.win32_2.0.0.202105311346/tools/bin/../lib/gcc/arm-none-eabi/9.3.1/thumb/v7-m/nofp/crti.o
 .ARM.attributes
                0x000000000000001d       0x2d c:/st/stm32cubeide_1.8.0/stm32cubeide/plugins/com.st.stm32cube.ide.mcu.externaltools.gnu-tools-for-stm32.9-2020-q2-update.win32_2.0.0.202105311346/tools/bin/../lib/gcc/arm-none-eabi/9.3.1/thumb/v7-m/nofp/crtbegin.o
 .ARM.attributes
                0x000000000000004a       0x2d ./Core/Src/freertos.o
 .ARM.attributes
                0x0000000000000077       0x2d ./Core/Src/function.o
 .ARM.attributes
                0x00000000000000a4       0x2d ./Core/Src/main.o
 .ARM.attributes
                0x00000000000000d1       0x2d ./Core/Src/stm32f1xx_hal_msp.o
 .ARM.attributes
                0x00000000000000fe       0x2d ./Core/Src/stm32f1xx_it.o
 .ARM.attributes
                0x000000000000012b       0x2d ./Core/Src/system_stm32f1xx.o
 .ARM.attributes
                0x0000000000000158       0x2d ./Core/Src/taskDevice.o
 .ARM.attributes
                0x0000000000000185       0x21 ./Core/Startup/startup_stm32f103vctx.o
 .ARM.attributes
                0x00000000000001a6       0x2d ./Drivers/STM32F1xx_HAL_Driver/Src/stm32f1xx_hal.o
 .ARM.attributes
                0x00000000000001d3       0x2d ./Drivers/STM32F1xx_HAL_Driver/Src/stm32f1xx_hal_adc.o
 .ARM.attributes
                0x0000000000000200       0x2d ./Drivers/STM32F1xx_HAL_Driver/Src/stm32f1xx_hal_cortex.o
 .ARM.attributes
                0x000000000000022d       0x2d ./Drivers/STM32F1xx_HAL_Driver/Src/stm32f1xx_hal_dma.o
 .ARM.attributes
                0x000000000000025a       0x2d ./Drivers/STM32F1xx_HAL_Driver/Src/stm32f1xx_hal_gpio.o
 .ARM.attributes
                0x0000000000000287       0x2d ./Drivers/STM32F1xx_HAL_Driver/Src/stm32f1xx_hal_rcc.o
 .ARM.attributes
                0x00000000000002b4       0x2d ./Drivers/STM32F1xx_HAL_Driver/Src/stm32f1xx_hal_rcc_ex.o
 .ARM.attributes
                0x00000000000002e1       0x2d ./Drivers/STM32F1xx_HAL_Driver/Src/stm32f1xx_hal_tim.o
 .ARM.attributes
                0x000000000000030e       0x2d ./Drivers/STM32F1xx_HAL_Driver/Src/stm32f1xx_hal_tim_ex.o
 .ARM.attributes
                0x000000000000033b       0x2d ./Drivers/STM32F1xx_HAL_Driver/Src/stm32f1xx_hal_uart.o
 .ARM.attributes
                0x0000000000000368       0x2d ./Middlewares/Third_Party/FreeRTOS/Source/CMSIS_RTOS_V2/cmsis_os2.o
 .ARM.attributes
                0x0000000000000395       0x2d ./Middlewares/Third_Party/FreeRTOS/Source/event_groups.o
 .ARM.attributes
                0x00000000000003c2       0x2d ./Middlewares/Third_Party/FreeRTOS/Source/list.o
 .ARM.attributes
                0x00000000000003ef       0x2d ./Middlewares/Third_Party/FreeRTOS/Source/queue.o
 .ARM.attributes
                0x000000000000041c       0x2d ./Middlewares/Third_Party/FreeRTOS/Source/tasks.o
 .ARM.attributes
                0x0000000000000449       0x2d ./Middlewares/Third_Party/FreeRTOS/Source/timers.o
 .ARM.attributes
                0x0000000000000476       0x2d ./Middlewares/Third_Party/FreeRTOS/Source/portable/GCC/ARM_CM3/port.o
 .ARM.attributes
                0x00000000000004a3       0x2d ./Middlewares/Third_Party/FreeRTOS/Source/portable/MemMang/heap_4.o
 .ARM.attributes
                0x00000000000004d0       0x2d c:/st/stm32cubeide_1.8.0/stm32cubeide/plugins/com.st.stm32cube.ide.mcu.externaltools.gnu-tools-for-stm32.9-2020-q2-update.win32_2.0.0.202105311346/tools/bin/../lib/gcc/arm-none-eabi/9.3.1/../../../../arm-none-eabi/lib/thumb/v7-m/nofp\libc_nano.a(lib_a-init.o)
 .ARM.attributes
                0x00000000000004fd       0x2d c:/st/stm32cubeide_1.8.0/stm32cubeide/plugins/com.st.stm32cube.ide.mcu.externaltools.gnu-tools-for-stm32.9-2020-q2-update.win32_2.0.0.202105311346/tools/bin/../lib/gcc/arm-none-eabi/9.3.1/../../../../arm-none-eabi/lib/thumb/v7-m/nofp\libc_nano.a(lib_a-memcpy-stub.o)
 .ARM.attributes
                0x000000000000052a       0x2d c:/st/stm32cubeide_1.8.0/stm32cubeide/plugins/com.st.stm32cube.ide.mcu.externaltools.gnu-tools-for-stm32.9-2020-q2-update.win32_2.0.0.202105311346/tools/bin/../lib/gcc/arm-none-eabi/9.3.1/../../../../arm-none-eabi/lib/thumb/v7-m/nofp\libc_nano.a(lib_a-memset.o)
 .ARM.attributes
                0x0000000000000557       0x1d c:/st/stm32cubeide_1.8.0/stm32cubeide/plugins/com.st.stm32cube.ide.mcu.externaltools.gnu-tools-for-stm32.9-2020-q2-update.win32_2.0.0.202105311346/tools/bin/../lib/gcc/arm-none-eabi/9.3.1/thumb/v7-m/nofp/crtn.o
OUTPUT(lk_inspector1.elf elf32-littlearm)
LOAD linker stubs
LOAD c:/st/stm32cubeide_1.8.0/stm32cubeide/plugins/com.st.stm32cube.ide.mcu.externaltools.gnu-tools-for-stm32.9-2020-q2-update.win32_2.0.0.202105311346/tools/bin/../lib/gcc/arm-none-eabi/9.3.1/../../../../arm-none-eabi/lib/thumb/v7-m/nofp\libc.a
LOAD c:/st/stm32cubeide_1.8.0/stm32cubeide/plugins/com.st.stm32cube.ide.mcu.externaltools.gnu-tools-for-stm32.9-2020-q2-update.win32_2.0.0.202105311346/tools/bin/../lib/gcc/arm-none-eabi/9.3.1/../../../../arm-none-eabi/lib/thumb/v7-m/nofp\libm.a
LOAD c:/st/stm32cubeide_1.8.0/stm32cubeide/plugins/com.st.stm32cube.ide.mcu.externaltools.gnu-tools-for-stm32.9-2020-q2-update.win32_2.0.0.202105311346/tools/bin/../lib/gcc/arm-none-eabi/9.3.1/thumb/v7-m/nofp\libgcc.a

.debug_info     0x0000000000000000    0x1c6e3
 .debug_info    0x0000000000000000      0x199 ./Core/Src/freertos.o
 .debug_info    0x0000000000000199     0x1c0e ./Core/Src/function.o
 .debug_info    0x0000000000001da7     0x19b4 ./Core/Src/main.o
 .debug_info    0x000000000000375b     0x119f ./Core/Src/stm32f1xx_hal_msp.o
 .debug_info    0x00000000000048fa      0x948 ./Core/Src/stm32f1xx_it.o
 .debug_info    0x0000000000005242      0x2be ./Core/Src/system_stm32f1xx.o
 .debug_info    0x0000000000005500      0xc0b ./Core/Src/taskDevice.o
 .debug_info    0x000000000000610b       0x22 ./Core/Startup/startup_stm32f103vctx.o
 .debug_info    0x000000000000612d      0x7d0 ./Drivers/STM32F1xx_HAL_Driver/Src/stm32f1xx_hal.o
 .debug_info    0x00000000000068fd      0xd2d ./Drivers/STM32F1xx_HAL_Driver/Src/stm32f1xx_hal_adc.o
 .debug_info    0x000000000000762a      0xc42 ./Drivers/STM32F1xx_HAL_Driver/Src/stm32f1xx_hal_cortex.o
 .debug_info    0x000000000000826c      0x81e ./Drivers/STM32F1xx_HAL_Driver/Src/stm32f1xx_hal_dma.o
 .debug_info    0x0000000000008a8a      0x701 ./Drivers/STM32F1xx_HAL_Driver/Src/stm32f1xx_hal_gpio.o
 .debug_info    0x000000000000918b      0x88e ./Drivers/STM32F1xx_HAL_Driver/Src/stm32f1xx_hal_rcc.o
 .debug_info    0x0000000000009a19      0x49c ./Drivers/STM32F1xx_HAL_Driver/Src/stm32f1xx_hal_rcc_ex.o
 .debug_info    0x0000000000009eb5     0x2a43 ./Drivers/STM32F1xx_HAL_Driver/Src/stm32f1xx_hal_tim.o
 .debug_info    0x000000000000c8f8     0x1495 ./Drivers/STM32F1xx_HAL_Driver/Src/stm32f1xx_hal_tim_ex.o
 .debug_info    0x000000000000dd8d     0x1322 ./Drivers/STM32F1xx_HAL_Driver/Src/stm32f1xx_hal_uart.o
 .debug_info    0x000000000000f0af     0x3ce6 ./Middlewares/Third_Party/FreeRTOS/Source/CMSIS_RTOS_V2/cmsis_os2.o
 .debug_info    0x0000000000012d95     0x13f8 ./Middlewares/Third_Party/FreeRTOS/Source/event_groups.o
 .debug_info    0x000000000001418d      0xb7c ./Middlewares/Third_Party/FreeRTOS/Source/list.o
 .debug_info    0x0000000000014d09     0x22de ./Middlewares/Third_Party/FreeRTOS/Source/queue.o
 .debug_info    0x0000000000016fe7     0x2ae9 ./Middlewares/Third_Party/FreeRTOS/Source/tasks.o
 .debug_info    0x0000000000019ad0     0x1afb ./Middlewares/Third_Party/FreeRTOS/Source/timers.o
 .debug_info    0x000000000001b5cb      0x4a1 ./Middlewares/Third_Party/FreeRTOS/Source/portable/GCC/ARM_CM3/port.o
 .debug_info    0x000000000001ba6c      0xc77 ./Middlewares/Third_Party/FreeRTOS/Source/portable/MemMang/heap_4.o

.debug_abbrev   0x0000000000000000     0x3da3
 .debug_abbrev  0x0000000000000000       0xb8 ./Core/Src/freertos.o
 .debug_abbrev  0x00000000000000b8      0x399 ./Core/Src/function.o
 .debug_abbrev  0x0000000000000451      0x2ba ./Core/Src/main.o
 .debug_abbrev  0x000000000000070b      0x222 ./Core/Src/stm32f1xx_hal_msp.o
 .debug_abbrev  0x000000000000092d      0x1cd ./Core/Src/stm32f1xx_it.o
 .debug_abbrev  0x0000000000000afa      0x14e ./Core/Src/system_stm32f1xx.o
 .debug_abbrev  0x0000000000000c48      0x26f ./Core/Src/taskDevice.o
 .debug_abbrev  0x0000000000000eb7       0x12 ./Core/Startup/startup_stm32f103vctx.o
 .debug_abbrev  0x0000000000000ec9      0x1ed ./Drivers/STM32F1xx_HAL_Driver/Src/stm32f1xx_hal.o
 .debug_abbrev  0x00000000000010b6      0x1fb ./Drivers/STM32F1xx_HAL_Driver/Src/stm32f1xx_hal_adc.o
 .debug_abbrev  0x00000000000012b1      0x313 ./Drivers/STM32F1xx_HAL_Driver/Src/stm32f1xx_hal_cortex.o
 .debug_abbrev  0x00000000000015c4      0x228 ./Drivers/STM32F1xx_HAL_Driver/Src/stm32f1xx_hal_dma.o
 .debug_abbrev  0x00000000000017ec      0x1e8 ./Drivers/STM32F1xx_HAL_Driver/Src/stm32f1xx_hal_gpio.o
 .debug_abbrev  0x00000000000019d4      0x273 ./Drivers/STM32F1xx_HAL_Driver/Src/stm32f1xx_hal_rcc.o
 .debug_abbrev  0x0000000000001c47      0x193 ./Drivers/STM32F1xx_HAL_Driver/Src/stm32f1xx_hal_rcc_ex.o
 .debug_abbrev  0x0000000000001dda      0x25e ./Drivers/STM32F1xx_HAL_Driver/Src/stm32f1xx_hal_tim.o
 .debug_abbrev  0x0000000000002038      0x266 ./Drivers/STM32F1xx_HAL_Driver/Src/stm32f1xx_hal_tim_ex.o
 .debug_abbrev  0x000000000000229e      0x270 ./Drivers/STM32F1xx_HAL_Driver/Src/stm32f1xx_hal_uart.o
 .debug_abbrev  0x000000000000250e      0x407 ./Middlewares/Third_Party/FreeRTOS/Source/CMSIS_RTOS_V2/cmsis_os2.o
 .debug_abbrev  0x0000000000002915      0x32f ./Middlewares/Third_Party/FreeRTOS/Source/event_groups.o
 .debug_abbrev  0x0000000000002c44      0x1f7 ./Middlewares/Third_Party/FreeRTOS/Source/list.o
 .debug_abbrev  0x0000000000002e3b      0x3a2 ./Middlewares/Third_Party/FreeRTOS/Source/queue.o
 .debug_abbrev  0x00000000000031dd      0x3ad ./Middlewares/Third_Party/FreeRTOS/Source/tasks.o
 .debug_abbrev  0x000000000000358a      0x317 ./Middlewares/Third_Party/FreeRTOS/Source/timers.o
 .debug_abbrev  0x00000000000038a1      0x22f ./Middlewares/Third_Party/FreeRTOS/Source/portable/GCC/ARM_CM3/port.o
 .debug_abbrev  0x0000000000003ad0      0x2d3 ./Middlewares/Third_Party/FreeRTOS/Source/portable/MemMang/heap_4.o

.debug_aranges  0x0000000000000000     0x1688
 .debug_aranges
                0x0000000000000000       0x20 ./Core/Src/freertos.o
 .debug_aranges
                0x0000000000000020      0x120 ./Core/Src/function.o
 .debug_aranges
                0x0000000000000140       0x80 ./Core/Src/main.o
 .debug_aranges
                0x00000000000001c0       0x50 ./Core/Src/stm32f1xx_hal_msp.o
 .debug_aranges
                0x0000000000000210       0x58 ./Core/Src/stm32f1xx_it.o
 .debug_aranges
                0x0000000000000268       0x28 ./Core/Src/system_stm32f1xx.o
 .debug_aranges
                0x0000000000000290       0x58 ./Core/Src/taskDevice.o
 .debug_aranges
                0x00000000000002e8       0x28 ./Core/Startup/startup_stm32f103vctx.o
 .debug_aranges
                0x0000000000000310       0xe0 ./Drivers/STM32F1xx_HAL_Driver/Src/stm32f1xx_hal.o
 .debug_aranges
                0x00000000000003f0       0xf0 ./Drivers/STM32F1xx_HAL_Driver/Src/stm32f1xx_hal_adc.o
 .debug_aranges
                0x00000000000004e0      0x100 ./Drivers/STM32F1xx_HAL_Driver/Src/stm32f1xx_hal_cortex.o
 .debug_aranges
                0x00000000000005e0       0x80 ./Drivers/STM32F1xx_HAL_Driver/Src/stm32f1xx_hal_dma.o
 .debug_aranges
                0x0000000000000660       0x58 ./Drivers/STM32F1xx_HAL_Driver/Src/stm32f1xx_hal_gpio.o
 .debug_aranges
                0x00000000000006b8       0x90 ./Drivers/STM32F1xx_HAL_Driver/Src/stm32f1xx_hal_rcc.o
 .debug_aranges
                0x0000000000000748       0x30 ./Drivers/STM32F1xx_HAL_Driver/Src/stm32f1xx_hal_rcc_ex.o
 .debug_aranges
                0x0000000000000778      0x3d0 ./Drivers/STM32F1xx_HAL_Driver/Src/stm32f1xx_hal_tim.o
 .debug_aranges
                0x0000000000000b48      0x168 ./Drivers/STM32F1xx_HAL_Driver/Src/stm32f1xx_hal_tim_ex.o
 .debug_aranges
                0x0000000000000cb0      0x1d0 ./Drivers/STM32F1xx_HAL_Driver/Src/stm32f1xx_hal_uart.o
 .debug_aranges
                0x0000000000000e80      0x230 ./Middlewares/Third_Party/FreeRTOS/Source/CMSIS_RTOS_V2/cmsis_os2.o
 .debug_aranges
                0x00000000000010b0       0x90 ./Middlewares/Third_Party/FreeRTOS/Source/event_groups.o
 .debug_aranges
                0x0000000000001140       0x40 ./Middlewares/Third_Party/FreeRTOS/Source/list.o
 .debug_aranges
                0x0000000000001180      0x158 ./Middlewares/Third_Party/FreeRTOS/Source/queue.o
 .debug_aranges
                0x00000000000012d8      0x208 ./Middlewares/Third_Party/FreeRTOS/Source/tasks.o
 .debug_aranges
                0x00000000000014e0       0xe0 ./Middlewares/Third_Party/FreeRTOS/Source/timers.o
 .debug_aranges
                0x00000000000015c0       0x78 ./Middlewares/Third_Party/FreeRTOS/Source/portable/GCC/ARM_CM3/port.o
 .debug_aranges
                0x0000000000001638       0x50 ./Middlewares/Third_Party/FreeRTOS/Source/portable/MemMang/heap_4.o

.debug_ranges   0x0000000000000000     0x14f0
 .debug_ranges  0x0000000000000000       0x10 ./Core/Src/freertos.o
 .debug_ranges  0x0000000000000010      0x110 ./Core/Src/function.o
 .debug_ranges  0x0000000000000120       0x70 ./Core/Src/main.o
 .debug_ranges  0x0000000000000190       0x40 ./Core/Src/stm32f1xx_hal_msp.o
 .debug_ranges  0x00000000000001d0       0x48 ./Core/Src/stm32f1xx_it.o
 .debug_ranges  0x0000000000000218       0x18 ./Core/Src/system_stm32f1xx.o
 .debug_ranges  0x0000000000000230       0x48 ./Core/Src/taskDevice.o
 .debug_ranges  0x0000000000000278       0x20 ./Core/Startup/startup_stm32f103vctx.o
 .debug_ranges  0x0000000000000298       0xd0 ./Drivers/STM32F1xx_HAL_Driver/Src/stm32f1xx_hal.o
 .debug_ranges  0x0000000000000368       0xe0 ./Drivers/STM32F1xx_HAL_Driver/Src/stm32f1xx_hal_adc.o
 .debug_ranges  0x0000000000000448       0xf0 ./Drivers/STM32F1xx_HAL_Driver/Src/stm32f1xx_hal_cortex.o
 .debug_ranges  0x0000000000000538       0x70 ./Drivers/STM32F1xx_HAL_Driver/Src/stm32f1xx_hal_dma.o
 .debug_ranges  0x00000000000005a8       0x48 ./Drivers/STM32F1xx_HAL_Driver/Src/stm32f1xx_hal_gpio.o
 .debug_ranges  0x00000000000005f0       0x80 ./Drivers/STM32F1xx_HAL_Driver/Src/stm32f1xx_hal_rcc.o
 .debug_ranges  0x0000000000000670       0x20 ./Drivers/STM32F1xx_HAL_Driver/Src/stm32f1xx_hal_rcc_ex.o
 .debug_ranges  0x0000000000000690      0x3c0 ./Drivers/STM32F1xx_HAL_Driver/Src/stm32f1xx_hal_tim.o
 .debug_ranges  0x0000000000000a50      0x158 ./Drivers/STM32F1xx_HAL_Driver/Src/stm32f1xx_hal_tim_ex.o
 .debug_ranges  0x0000000000000ba8      0x1c0 ./Drivers/STM32F1xx_HAL_Driver/Src/stm32f1xx_hal_uart.o
 .debug_ranges  0x0000000000000d68      0x220 ./Middlewares/Third_Party/FreeRTOS/Source/CMSIS_RTOS_V2/cmsis_os2.o
 .debug_ranges  0x0000000000000f88       0x80 ./Middlewares/Third_Party/FreeRTOS/Source/event_groups.o
 .debug_ranges  0x0000000000001008       0x30 ./Middlewares/Third_Party/FreeRTOS/Source/list.o
 .debug_ranges  0x0000000000001038      0x148 ./Middlewares/Third_Party/FreeRTOS/Source/queue.o
 .debug_ranges  0x0000000000001180      0x1f8 ./Middlewares/Third_Party/FreeRTOS/Source/tasks.o
 .debug_ranges  0x0000000000001378       0xd0 ./Middlewares/Third_Party/FreeRTOS/Source/timers.o
 .debug_ranges  0x0000000000001448       0x68 ./Middlewares/Third_Party/FreeRTOS/Source/portable/GCC/ARM_CM3/port.o
 .debug_ranges  0x00000000000014b0       0x40 ./Middlewares/Third_Party/FreeRTOS/Source/portable/MemMang/heap_4.o

.debug_macro    0x0000000000000000    0x1ce2c
 .debug_macro   0x0000000000000000      0x22e ./Core/Src/freertos.o
 .debug_macro   0x000000000000022e      0xa9c ./Core/Src/freertos.o
 .debug_macro   0x0000000000000cca      0x174 ./Core/Src/freertos.o
 .debug_macro   0x0000000000000e3e       0x22 ./Core/Src/freertos.o
 .debug_macro   0x0000000000000e60       0x8e ./Core/Src/freertos.o
 .debug_macro   0x0000000000000eee       0x51 ./Core/Src/freertos.o
 .debug_macro   0x0000000000000f3f      0x103 ./Core/Src/freertos.o
 .debug_macro   0x0000000000001042       0x6a ./Core/Src/freertos.o
 .debug_macro   0x00000000000010ac      0x1df ./Core/Src/freertos.o
 .debug_macro   0x000000000000128b      0x12f ./Core/Src/freertos.o
 .debug_macro   0x00000000000013ba      0x15a ./Core/Src/freertos.o
 .debug_macro   0x0000000000001514       0xc2 ./Core/Src/freertos.o
 .debug_macro   0x00000000000015d6       0x10 ./Core/Src/freertos.o
 .debug_macro   0x00000000000015e6       0x1f ./Core/Src/freertos.o
 .debug_macro   0x0000000000001605      0x471 ./Core/Src/freertos.o
 .debug_macro   0x0000000000001a76       0xb5 ./Core/Src/freertos.o
 .debug_macro   0x0000000000001b2b       0x8c ./Core/Src/freertos.o
 .debug_macro   0x0000000000001bb7      0x221 ./Core/Src/freertos.o
 .debug_macro   0x0000000000001dd8       0x2e ./Core/Src/freertos.o
 .debug_macro   0x0000000000001e06       0x22 ./Core/Src/freertos.o
 .debug_macro   0x0000000000001e28       0x1c ./Core/Src/freertos.o
 .debug_macro   0x0000000000001e44       0x22 ./Core/Src/freertos.o
 .debug_macro   0x0000000000001e66       0xc3 ./Core/Src/freertos.o
 .debug_macro   0x0000000000001f29      0xd23 ./Core/Src/freertos.o
 .debug_macro   0x0000000000002c4c     0xfd85 ./Core/Src/freertos.o
 .debug_macro   0x00000000000129d1       0x43 ./Core/Src/freertos.o
 .debug_macro   0x0000000000012a14     0x3468 ./Core/Src/freertos.o
 .debug_macro   0x0000000000015e7c       0x5c ./Core/Src/freertos.o
 .debug_macro   0x0000000000015ed8      0x5be ./Core/Src/freertos.o
 .debug_macro   0x0000000000016496      0x4d5 ./Core/Src/freertos.o
 .debug_macro   0x000000000001696b      0x1cb ./Core/Src/freertos.o
 .debug_macro   0x0000000000016b36      0x114 ./Core/Src/freertos.o
 .debug_macro   0x0000000000016c4a      0x1ea ./Core/Src/freertos.o
 .debug_macro   0x0000000000016e34       0x27 ./Core/Src/freertos.o
 .debug_macro   0x0000000000016e5b      0x144 ./Core/Src/freertos.o
 .debug_macro   0x0000000000016f9f      0x1bc ./Core/Src/freertos.o
 .debug_macro   0x000000000001715b       0x30 ./Core/Src/freertos.o
 .debug_macro   0x000000000001718b       0x3c ./Core/Src/freertos.o
 .debug_macro   0x00000000000171c7       0x57 ./Core/Src/freertos.o
 .debug_macro   0x000000000001721e      0x46a ./Core/Src/freertos.o
 .debug_macro   0x0000000000017688      0x25d ./Core/Src/freertos.o
 .debug_macro   0x00000000000178e5       0x88 ./Core/Src/freertos.o
 .debug_macro   0x000000000001796d      0x24f ./Core/Src/freertos.o
 .debug_macro   0x0000000000017bbc      0x141 ./Core/Src/freertos.o
 .debug_macro   0x0000000000017cfd      0x8d1 ./Core/Src/freertos.o
 .debug_macro   0x00000000000185ce      0x26b ./Core/Src/freertos.o
 .debug_macro   0x0000000000018839       0xb5 ./Core/Src/freertos.o
 .debug_macro   0x00000000000188ee      0x4ea ./Core/Src/freertos.o
 .debug_macro   0x0000000000018dd8      0x326 ./Core/Src/function.o
 .debug_macro   0x00000000000190fe       0x4c ./Core/Src/function.o
 .debug_macro   0x000000000001914a       0x18 ./Core/Src/function.o
 .debug_macro   0x0000000000019162       0x94 ./Core/Src/function.o
 .debug_macro   0x00000000000191f6       0x3c ./Core/Src/function.o
 .debug_macro   0x0000000000019232       0x34 ./Core/Src/function.o
 .debug_macro   0x0000000000019266       0x16 ./Core/Src/function.o
 .debug_macro   0x000000000001927c       0x43 ./Core/Src/function.o
 .debug_macro   0x00000000000192bf       0x57 ./Core/Src/function.o
 .debug_macro   0x0000000000019316       0x34 ./Core/Src/function.o
 .debug_macro   0x000000000001934a       0x10 ./Core/Src/function.o
 .debug_macro   0x000000000001935a       0x58 ./Core/Src/function.o
 .debug_macro   0x00000000000193b2       0x71 ./Core/Src/function.o
 .debug_macro   0x0000000000019423       0x1c ./Core/Src/function.o
 .debug_macro   0x000000000001943f      0x12a ./Core/Src/function.o
 .debug_macro   0x0000000000019569      0x339 ./Core/Src/function.o
 .debug_macro   0x00000000000198a2       0x10 ./Core/Src/function.o
 .debug_macro   0x00000000000198b2       0x35 ./Core/Src/function.o
 .debug_macro   0x00000000000198e7       0x20 ./Core/Src/function.o
 .debug_macro   0x0000000000019907       0xbd ./Core/Src/function.o
 .debug_macro   0x00000000000199c4       0x56 ./Core/Src/function.o
 .debug_macro   0x0000000000019a1a       0x5b ./Core/Src/function.o
 .debug_macro   0x0000000000019a75       0x74 ./Core/Src/function.o
 .debug_macro   0x0000000000019ae9      0x12f ./Core/Src/function.o
 .debug_macro   0x0000000000019c18       0xdd ./Core/Src/function.o
 .debug_macro   0x0000000000019cf5       0x32 ./Core/Src/function.o
 .debug_macro   0x0000000000019d27      0x152 ./Core/Src/function.o
 .debug_macro   0x0000000000019e79       0x3c ./Core/Src/function.o
 .debug_macro   0x0000000000019eb5      0x253 ./Core/Src/main.o
 .debug_macro   0x000000000001a108      0x1c6 ./Core/Src/stm32f1xx_hal_msp.o
 .debug_macro   0x000000000001a2ce      0x26c ./Core/Src/stm32f1xx_it.o
 .debug_macro   0x000000000001a53a      0x1b7 ./Core/Src/system_stm32f1xx.o
 .debug_macro   0x000000000001a6f1      0x1e2 ./Core/Src/taskDevice.o
 .debug_macro   0x000000000001a8d3      0x1db ./Drivers/STM32F1xx_HAL_Driver/Src/stm32f1xx_hal.o
 .debug_macro   0x000000000001aaae      0x1d4 ./Drivers/STM32F1xx_HAL_Driver/Src/stm32f1xx_hal_adc.o
 .debug_macro   0x000000000001ac82      0x1b7 ./Drivers/STM32F1xx_HAL_Driver/Src/stm32f1xx_hal_cortex.o
 .debug_macro   0x000000000001ae39      0x1b7 ./Drivers/STM32F1xx_HAL_Driver/Src/stm32f1xx_hal_dma.o
 .debug_macro   0x000000000001aff0      0x222 ./Drivers/STM32F1xx_HAL_Driver/Src/stm32f1xx_hal_gpio.o
 .debug_macro   0x000000000001b212      0x1c9 ./Drivers/STM32F1xx_HAL_Driver/Src/stm32f1xx_hal_rcc.o
 .debug_macro   0x000000000001b3db      0x1b7 ./Drivers/STM32F1xx_HAL_Driver/Src/stm32f1xx_hal_rcc_ex.o
 .debug_macro   0x000000000001b592      0x1b8 ./Drivers/STM32F1xx_HAL_Driver/Src/stm32f1xx_hal_tim.o
 .debug_macro   0x000000000001b74a      0x1b7 ./Drivers/STM32F1xx_HAL_Driver/Src/stm32f1xx_hal_tim_ex.o
 .debug_macro   0x000000000001b901      0x1b8 ./Drivers/STM32F1xx_HAL_Driver/Src/stm32f1xx_hal_uart.o
 .debug_macro   0x000000000001bab9      0x247 ./Middlewares/Third_Party/FreeRTOS/Source/CMSIS_RTOS_V2/cmsis_os2.o
 .debug_macro   0x000000000001bd00       0x10 ./Middlewares/Third_Party/FreeRTOS/Source/CMSIS_RTOS_V2/cmsis_os2.o
 .debug_macro   0x000000000001bd10       0xb7 ./Middlewares/Third_Party/FreeRTOS/Source/CMSIS_RTOS_V2/cmsis_os2.o
 .debug_macro   0x000000000001bdc7       0x91 ./Middlewares/Third_Party/FreeRTOS/Source/CMSIS_RTOS_V2/cmsis_os2.o
 .debug_macro   0x000000000001be58       0x8d ./Middlewares/Third_Party/FreeRTOS/Source/CMSIS_RTOS_V2/cmsis_os2.o
 .debug_macro   0x000000000001bee5       0x9a ./Middlewares/Third_Party/FreeRTOS/Source/CMSIS_RTOS_V2/cmsis_os2.o
 .debug_macro   0x000000000001bf7f      0x1e2 ./Middlewares/Third_Party/FreeRTOS/Source/event_groups.o
 .debug_macro   0x000000000001c161      0x10e ./Middlewares/Third_Party/FreeRTOS/Source/event_groups.o
 .debug_macro   0x000000000001c26f       0x8d ./Middlewares/Third_Party/FreeRTOS/Source/event_groups.o
 .debug_macro   0x000000000001c2fc      0x187 ./Middlewares/Third_Party/FreeRTOS/Source/list.o
 .debug_macro   0x000000000001c483      0x212 ./Middlewares/Third_Party/FreeRTOS/Source/queue.o
 .debug_macro   0x000000000001c695       0x16 ./Middlewares/Third_Party/FreeRTOS/Source/queue.o
 .debug_macro   0x000000000001c6ab      0x287 ./Middlewares/Third_Party/FreeRTOS/Source/tasks.o
 .debug_macro   0x000000000001c932       0x10 ./Middlewares/Third_Party/FreeRTOS/Source/tasks.o
 .debug_macro   0x000000000001c942      0x1ca ./Middlewares/Third_Party/FreeRTOS/Source/timers.o
 .debug_macro   0x000000000001cb0c      0x172 ./Middlewares/Third_Party/FreeRTOS/Source/portable/GCC/ARM_CM3/port.o
 .debug_macro   0x000000000001cc7e      0x1ae ./Middlewares/Third_Party/FreeRTOS/Source/portable/MemMang/heap_4.o

.debug_line     0x0000000000000000    0x1a19c
 .debug_line    0x0000000000000000      0x7a2 ./Core/Src/freertos.o
 .debug_line    0x00000000000007a2     0x24d9 ./Core/Src/function.o
 .debug_line    0x0000000000002c7b      0xbe5 ./Core/Src/main.o
 .debug_line    0x0000000000003860      0x842 ./Core/Src/stm32f1xx_hal_msp.o
 .debug_line    0x00000000000040a2      0x97a ./Core/Src/stm32f1xx_it.o
 .debug_line    0x0000000000004a1c      0x72c ./Core/Src/system_stm32f1xx.o
 .debug_line    0x0000000000005148      0x9be ./Core/Src/taskDevice.o
 .debug_line    0x0000000000005b06       0x84 ./Core/Startup/startup_stm32f103vctx.o
 .debug_line    0x0000000000005b8a      0x959 ./Drivers/STM32F1xx_HAL_Driver/Src/stm32f1xx_hal.o
 .debug_line    0x00000000000064e3      0xfcf ./Drivers/STM32F1xx_HAL_Driver/Src/stm32f1xx_hal_adc.o
 .debug_line    0x00000000000074b2      0xb41 ./Drivers/STM32F1xx_HAL_Driver/Src/stm32f1xx_hal_cortex.o
 .debug_line    0x0000000000007ff3     0x1283 ./Drivers/STM32F1xx_HAL_Driver/Src/stm32f1xx_hal_dma.o
 .debug_line    0x0000000000009276      0xa18 ./Drivers/STM32F1xx_HAL_Driver/Src/stm32f1xx_hal_gpio.o
 .debug_line    0x0000000000009c8e      0xd67 ./Drivers/STM32F1xx_HAL_Driver/Src/stm32f1xx_hal_rcc.o
 .debug_line    0x000000000000a9f5      0x8b7 ./Drivers/STM32F1xx_HAL_Driver/Src/stm32f1xx_hal_rcc_ex.o
 .debug_line    0x000000000000b2ac     0x3520 ./Drivers/STM32F1xx_HAL_Driver/Src/stm32f1xx_hal_tim.o
 .debug_line    0x000000000000e7cc     0x1a63 ./Drivers/STM32F1xx_HAL_Driver/Src/stm32f1xx_hal_tim_ex.o
 .debug_line    0x000000000001022f     0x1763 ./Drivers/STM32F1xx_HAL_Driver/Src/stm32f1xx_hal_uart.o
 .debug_line    0x0000000000011992     0x246d ./Middlewares/Third_Party/FreeRTOS/Source/CMSIS_RTOS_V2/cmsis_os2.o
 .debug_line    0x0000000000013dff      0xb0a ./Middlewares/Third_Party/FreeRTOS/Source/event_groups.o
 .debug_line    0x0000000000014909      0x70a ./Middlewares/Third_Party/FreeRTOS/Source/list.o
 .debug_line    0x0000000000015013     0x16cd ./Middlewares/Third_Party/FreeRTOS/Source/queue.o
 .debug_line    0x00000000000166e0     0x1e05 ./Middlewares/Third_Party/FreeRTOS/Source/tasks.o
 .debug_line    0x00000000000184e5      0xc9a ./Middlewares/Third_Party/FreeRTOS/Source/timers.o
 .debug_line    0x000000000001917f      0x751 ./Middlewares/Third_Party/FreeRTOS/Source/portable/GCC/ARM_CM3/port.o
 .debug_line    0x00000000000198d0      0x8cc ./Middlewares/Third_Party/FreeRTOS/Source/portable/MemMang/heap_4.o

.debug_str      0x0000000000000000    0xaa39f