function.c:63:10:CalCRC16	12	static
function.c:86:6:GetCurentData	24	static
function.c:126:6:CheckRxData	16	static
function.c:158:6:CheckFistSetting	16	static
function.c:282:6:CheckFactoryReset	16	static
function.c:382:6:CheckCard	16	static
function.c:486:6:CheckPasswordOpen	16	static
function.c:797:6:CheckTrigger	16	static
function.c:926:6:Checkopenswitch1	16	static
function.c:1026:6:Checkopenswitch2	16	static
function.c:1317:6:Check9V	16	static
function.c:1485:6:CheckLowBattery	16	static
function.c:1609:6:CheckPassWord	16	static
function.c:1878:6:CheckTriggerSetting	16	static
function.c:2265:6:CheckAnsimSw	16	static
function.c:2350:6:CheckHomeAuto	24	static
function.c:2401:6:CheckFireSensor	24	static
function.c:2452:6:Checkhandle	16	static
function.c:2504:6:ChangeNormalVotage	16	static
function.c:2549:6:CheckRegSw	24	static
function.c:2602:6:CheckUartPin	24	static
function.c:2653:6:CheckWifiPin	24	static
function.c:2722:6:CheckMortise	0	static
function.c:2800:6:TestCnt	0	static
function.c:3325:6:delay_cycle	0	static,ignoring_inline_asm
function.c:3333:6:WriteLcdData	16	static
function.c:3346:6:GraphicLcdWriteData	16	static
function.c:3379:10:WriteDataOnLcd	32	static
function.c:1150:6:CheckSleep	32	static
function.c:2082:6:CheckVersion	24	static
function.c:2826:6:defaultJob	40	static
function.c:3428:6:DisplayTask	16	static
function.c:3552:6:DeviceTask	8	static
