function.c:63:10:CalCRC16	24	static
function.c:86:6:GetCurentData	16	static
function.c:126:6:CheckRxData	16	static
function.c:158:6:CheckFistSetting	8	static
function.c:282:6:CheckFactoryReset	8	static
function.c:382:6:CheckCard	8	static
function.c:465:6:CheckPasswordOpen	8	static
function.c:780:6:CheckTrigger	8	static
function.c:909:6:Checkopenswitch1	8	static
function.c:1009:6:Checkopenswitch2	8	static
function.c:1133:6:CheckSleep	24	static
function.c:1300:6:Check9V	8	static
function.c:1453:6:CheckLowBattery	8	static
function.c:1577:6:CheckPassWord	8	static
function.c:1846:6:CheckTriggerSetting	8	static
function.c:2050:6:CheckVersion	16	static
function.c:2233:6:CheckAnsimSw	8	static
function.c:2318:6:CheckHomeAuto	8	static
function.c:2369:6:CheckFireSensor	8	static
function.c:2420:6:Checkhandle	8	static
function.c:2472:6:ChangeNormalVotage	8	static
function.c:2517:6:CheckRegSw	8	static
function.c:2570:6:CheckUartPin	8	static
function.c:2621:6:CheckWifiPin	8	static
function.c:2690:6:CheckMortise	4	static
function.c:2768:6:TestCnt	4	static
function.c:2794:6:defaultJob	32	static
function.c:3297:6:delay_cycle	24	static,ignoring_inline_asm
function.c:3305:6:WriteLcdData	24	static
function.c:3318:6:GraphicLcdWriteData	16	static
function.c:3351:10:WriteDataOnLcd	40	static
function.c:3400:6:DisplayTask	16	static
function.c:3524:6:DeviceTask	16	static
