Archive member included to satisfy reference by file (symbol)

c:/st/stm32cubeide_1.8.0/stm32cubeide/plugins/com.st.stm32cube.ide.mcu.externaltools.gnu-tools-for-stm32.9-2020-q2-update.win32_2.0.0.202105311346/tools/bin/../lib/gcc/arm-none-eabi/9.3.1/../../../../arm-none-eabi/lib/thumb/v7-m/nofp\libc_nano.a(lib_a-errno.o)
                              ./Core/Src/syscalls.o (__errno)
c:/st/stm32cubeide_1.8.0/stm32cubeide/plugins/com.st.stm32cube.ide.mcu.externaltools.gnu-tools-for-stm32.9-2020-q2-update.win32_2.0.0.202105311346/tools/bin/../lib/gcc/arm-none-eabi/9.3.1/../../../../arm-none-eabi/lib/thumb/v7-m/nofp\libc_nano.a(lib_a-exit.o)
                              c:/st/stm32cubeide_1.8.0/stm32cubeide/plugins/com.st.stm32cube.ide.mcu.externaltools.gnu-tools-for-stm32.9-2020-q2-update.win32_2.0.0.202105311346/tools/bin/../lib/gcc/arm-none-eabi/9.3.1/../../../../arm-none-eabi/lib/thumb/v7-m/nofp/crt0.o (exit)
c:/st/stm32cubeide_1.8.0/stm32cubeide/plugins/com.st.stm32cube.ide.mcu.externaltools.gnu-tools-for-stm32.9-2020-q2-update.win32_2.0.0.202105311346/tools/bin/../lib/gcc/arm-none-eabi/9.3.1/../../../../arm-none-eabi/lib/thumb/v7-m/nofp\libc_nano.a(lib_a-impure.o)
                              c:/st/stm32cubeide_1.8.0/stm32cubeide/plugins/com.st.stm32cube.ide.mcu.externaltools.gnu-tools-for-stm32.9-2020-q2-update.win32_2.0.0.202105311346/tools/bin/../lib/gcc/arm-none-eabi/9.3.1/../../../../arm-none-eabi/lib/thumb/v7-m/nofp\libc_nano.a(lib_a-exit.o) (_global_impure_ptr)
c:/st/stm32cubeide_1.8.0/stm32cubeide/plugins/com.st.stm32cube.ide.mcu.externaltools.gnu-tools-for-stm32.9-2020-q2-update.win32_2.0.0.202105311346/tools/bin/../lib/gcc/arm-none-eabi/9.3.1/../../../../arm-none-eabi/lib/thumb/v7-m/nofp\libc_nano.a(lib_a-init.o)
                              c:/st/stm32cubeide_1.8.0/stm32cubeide/plugins/com.st.stm32cube.ide.mcu.externaltools.gnu-tools-for-stm32.9-2020-q2-update.win32_2.0.0.202105311346/tools/bin/../lib/gcc/arm-none-eabi/9.3.1/../../../../arm-none-eabi/lib/thumb/v7-m/nofp/crt0.o (__libc_init_array)
c:/st/stm32cubeide_1.8.0/stm32cubeide/plugins/com.st.stm32cube.ide.mcu.externaltools.gnu-tools-for-stm32.9-2020-q2-update.win32_2.0.0.202105311346/tools/bin/../lib/gcc/arm-none-eabi/9.3.1/../../../../arm-none-eabi/lib/thumb/v7-m/nofp\libc_nano.a(lib_a-memcpy-stub.o)
                              ./Core/Src/function.o (memcpy)
c:/st/stm32cubeide_1.8.0/stm32cubeide/plugins/com.st.stm32cube.ide.mcu.externaltools.gnu-tools-for-stm32.9-2020-q2-update.win32_2.0.0.202105311346/tools/bin/../lib/gcc/arm-none-eabi/9.3.1/../../../../arm-none-eabi/lib/thumb/v7-m/nofp\libc_nano.a(lib_a-memset.o)
                              c:/st/stm32cubeide_1.8.0/stm32cubeide/plugins/com.st.stm32cube.ide.mcu.externaltools.gnu-tools-for-stm32.9-2020-q2-update.win32_2.0.0.202105311346/tools/bin/../lib/gcc/arm-none-eabi/9.3.1/../../../../arm-none-eabi/lib/thumb/v7-m/nofp/crt0.o (memset)
c:/st/stm32cubeide_1.8.0/stm32cubeide/plugins/com.st.stm32cube.ide.mcu.externaltools.gnu-tools-for-stm32.9-2020-q2-update.win32_2.0.0.202105311346/tools/bin/../lib/gcc/arm-none-eabi/9.3.1/../../../../arm-none-eabi/lib/thumb/v7-m/nofp\libc_nano.a(lib_a-strlen.o)
                              ./Middlewares/Third_Party/FreeRTOS/Source/tasks.o (strlen)

Allocating common symbols
Common symbol       size              file

gu8UartTmpStep      0x1               ./Core/Src/stm32f1xx_it.o
gu8Uart1TxCntMax    0x1               ./Core/Src/stm32f1xx_it.o
FunctionJobHandle   0x4               ./Core/Src/main.o
gu8Uart1TxCnt       0x1               ./Core/Src/stm32f1xx_it.o
gu16TimerInput      0x6               ./Core/Src/taskDevice.o
gu8GLcdYEnd         0x1               ./Core/Src/function.o
gu32Adc1Data        0x40              ./Core/Src/taskDevice.o
FlagEvent01Handle   0x4               ./Core/Src/main.o
huart3              0x40              ./Core/Src/main.o
gu16JobTmp2         0x2               ./Core/Src/function.o
gu16TimerUart1      0x2               ./Core/Src/stm32f1xx_it.o
gu16NumOfInput      0x2               ./Core/Src/taskDevice.o
gu8TaskLcd          0x1               ./Core/Src/function.o
gu16TimerLcd        0x2               ./Core/Src/function.o
gu8GLcdXEnd         0x1               ./Core/Src/function.o
uwTick              0x4               ./Drivers/STM32F1xx_HAL_Driver/Src/stm32f1xx_hal.o
xQueueRegistry      0x40              ./Middlewares/Third_Party/FreeRTOS/Source/queue.o
gu16JobTmp1         0x2               ./Core/Src/function.o
pFlash              0x20              ./Drivers/STM32F1xx_HAL_Driver/Src/stm32f1xx_hal_flash.o
gu16JobTmpStep1     0x2               ./Core/Src/function.o
gu8LcdDisplayData   0x400             ./Core/Src/function.o
gu8Uart1RxAddr      0x1               ./Core/Src/stm32f1xx_it.o
gu8Uart1RxFunc      0x1               ./Core/Src/stm32f1xx_it.o
htim3               0x48              ./Core/Src/main.o
gu8TaskGraphicLcdX  0x1               ./Core/Src/function.o
[...]
Memory Configuration

Name             Origin             Length             Attributes
RAM              0x0000000020000000 0x000000000000c000 xrw
FLASH            0x0000000008000000 0x0000000000040000 xr
*default*        0x0000000000000000 0xffffffffffffffff

Linker script and memory map

LOAD c:/st/stm32cubeide_1.8.0/stm32cubeide/plugins/com.st.stm32cube.ide.mcu.externaltools.gnu-tools-for-stm32.9-2020-q2-update.win32_2.0.0.202105311346/tools/bin/../lib/gcc/arm-none-eabi/9.3.1/thumb/v7-m/nofp/crti.o
LOAD c:/st/stm32cubeide_1.8.0/stm32cubeide/plugins/com.st.stm32cube.ide.mcu.externaltools.gnu-tools-for-stm32.9-2020-q2-update.win32_2.0.0.202105311346/tools/bin/../lib/gcc/arm-none-eabi/9.3.1/thumb/v7-m/nofp/crtbegin.o
LOAD c:/st/stm32cubeide_1.8.0/stm32cubeide/plugins/com.st.stm32cube.ide.mcu.externaltools.gnu-tools-for-stm32.9-2020-q2-update.win32_2.0.0.202105311346/tools/bin/../lib/gcc/arm-none-eabi/9.3.1/../../../../arm-none-eabi/lib/thumb/v7-m/nofp/crt0.o
LOAD ./Core/Src/freertos.o
LOAD ./Core/Src/function.o
LOAD ./Core/Src/main.o
LOAD ./Core/Src/stm32f1xx_hal_msp.o
LOAD ./Core/Src/stm32f1xx_it.o
LOAD ./Core/Src/syscalls.o
LOAD ./Core/Src/sysmem.o
LOAD ./Core/Src/system_stm32f1xx.o
LOAD ./Core/Src/taskDevice.o
LOAD ./Core/Startup/startup_stm32f103vctx.o
LOAD ./Drivers/STM32F1xx_HAL_Driver/Src/stm32f1xx_hal.o
LOAD ./Drivers/STM32F1xx_HAL_Driver/Src/stm32f1xx_hal_adc.o
LOAD ./Drivers/STM32F1xx_HAL_Driver/Src/stm32f1xx_hal_adc_ex.o
LOAD ./Drivers/STM32F1xx_HAL_Driver/Src/stm32f1xx_hal_cortex.o
LOAD ./Drivers/STM32F1xx_HAL_Driver/Src/stm32f1xx_hal_dma.o
LOAD ./Drivers/STM32F1xx_HAL_Driver/Src/stm32f1xx_hal_exti.o
LOAD ./Drivers/STM32F1xx_HAL_Driver/Src/stm32f1xx_hal_flash.o
LOAD ./Drivers/STM32F1xx_HAL_Driver/Src/stm32f1xx_hal_flash_ex.o
LOAD ./Drivers/STM32F1xx_HAL_Driver/Src/stm32f1xx_hal_gpio.o
LOAD ./Drivers/STM32F1xx_HAL_Driver/Src/stm32f1xx_hal_gpio_ex.o
LOAD ./Drivers/STM32F1xx_HAL_Driver/Src/stm32f1xx_hal_pwr.o
LOAD ./Drivers/STM32F1xx_HAL_Driver/Src/stm32f1xx_hal_rcc.o
LOAD ./Drivers/STM32F1xx_HAL_Driver/Src/stm32f1xx_hal_rcc_ex.o
LOAD ./Drivers/STM32F1xx_HAL_Driver/Src/stm32f1xx_hal_tim.o
LOAD ./Drivers/STM32F1xx_HAL_Driver/Src/stm32f1xx_hal_tim_ex.o
LOAD ./Drivers/STM32F1xx_HAL_Driver/Src/stm32f1xx_hal_uart.o
LOAD ./Middlewares/Third_Party/FreeRTOS/Source/CMSIS_RTOS_V2/cmsis_os2.o
LOAD ./Middlewares/Third_Party/FreeRTOS/Source/croutine.o
LOAD ./Middlewares/Third_Party/FreeRTOS/Source/event_groups.o
LOAD ./Middlewares/Third_Party/FreeRTOS/Source/list.o
LOAD ./Middlewares/Third_Party/FreeRTOS/Source/queue.o
LOAD ./Middlewares/Third_Party/FreeRTOS/Source/stream_buffer.o
LOAD ./Middlewares/Third_Party/FreeRTOS/Source/tasks.o
LOAD ./Middlewares/Third_Party/FreeRTOS/Source/timers.o
LOAD ./Middlewares/Third_Party/FreeRTOS/Source/portable/GCC/ARM_CM3/port.o
LOAD ./Middlewares/Third_Party/FreeRTOS/Source/portable/MemMang/heap_4.o
START GROUP
LOAD c:/st/stm32cubeide_1.8.0/stm32cubeide/plugins/com.st.stm32cube.ide.mcu.externaltools.gnu-tools-for-stm32.9-2020-q2-update.win32_2.0.0.202105311346/tools/bin/../lib/gcc/arm-none-eabi/9.3.1/../../../../arm-none-eabi/lib/thumb/v7-m/nofp\libc_nano.a
LOAD c:/st/stm32cubeide_1.8.0/stm32cubeide/plugins/com.st.stm32cube.ide.mcu.externaltools.gnu-tools-for-stm32.9-2020-q2-update.win32_2.0.0.202105311346/tools/bin/../lib/gcc/arm-none-eabi/9.3.1/../../../../arm-none-eabi/lib/thumb/v7-m/nofp\libm.a
END GROUP
START GROUP
LOAD c:/st/stm32cubeide_1.8.0/stm32cubeide/plugins/com.st.stm32cube.ide.mcu.externaltools.gnu-tools-for-stm32.9-2020-q2-update.win32_2.0.0.202105311346/tools/bin/../lib/gcc/arm-none-eabi/9.3.1/thumb/v7-m/nofp\libgcc.a
LOAD c:/st/stm32cubeide_1.8.0/stm32cubeide/plugins/com.st.stm32cube.ide.mcu.externaltools.gnu-tools-for-stm32.9-2020-q2-update.win32_2.0.0.202105311346/tools/bin/../lib/gcc/arm-none-eabi/9.3.1/../../../../arm-none-eabi/lib/thumb/v7-m/nofp\libc_nano.a
END GROUP
START GROUP
LOAD c:/st/stm32cubeide_1.8.0/stm32cubeide/plugins/com.st.stm32cube.ide.mcu.externaltools.gnu-tools-for-stm32.9-2020-q2-update.win32_2.0.0.202105311346/tools/bin/../lib/gcc/arm-none-eabi/9.3.1/thumb/v7-m/nofp\libgcc.a
LOAD c:/st/stm32cubeide_1.8.0/stm32cubeide/plugins/com.st.stm32cube.ide.mcu.externaltools.gnu-tools-for-stm32.9-2020-q2-update.win32_2.0.0.202105311346/tools/bin/../lib/gcc/arm-none-eabi/9.3.1/../../../../arm-none-eabi/lib/thumb/v7-m/nofp\libc_nano.a
LOAD c:/st/stm32cubeide_1.8.0/stm32cubeide/plugins/com.st.stm32cube.ide.mcu.externaltools.gnu-tools-for-stm32.9-2020-q2-update.win32_2.0.0.202105311346/tools/bin/../lib/gcc/arm-none-eabi/9.3.1/../../../../arm-none-eabi/lib/thumb/v7-m/nofp\libnosys.a
END GROUP
START GROUP
LOAD c:/st/stm32cubeide_1.8.0/stm32cubeide/plugins/com.st.stm32cube.ide.mcu.externaltools.gnu-tools-for-stm32.9-2020-q2-update.win32_2.0.0.202105311346/tools/bin/../lib/gcc/arm-none-eabi/9.3.1/thumb/v7-m/nofp\libgcc.a
LOAD c:/st/stm32cubeide_1.8.0/stm32cubeide/plugins/com.st.stm32cube.ide.mcu.externaltools.gnu-tools-for-stm32.9-2020-q2-update.win32_2.0.0.202105311346/tools/bin/../lib/gcc/arm-none-eabi/9.3.1/../../../../arm-none-eabi/lib/thumb/v7-m/nofp\libc_nano.a
LOAD c:/st/stm32cubeide_1.8.0/stm32cubeide/plugins/com.st.stm32cube.ide.mcu.externaltools.gnu-tools-for-stm32.9-2020-q2-update.win32_2.0.0.202105311346/tools/bin/../lib/gcc/arm-none-eabi/9.3.1/../../../../arm-none-eabi/lib/thumb/v7-m/nofp\libnosys.a
END GROUP
LOAD c:/st/stm32cubeide_1.8.0/stm32cubeide/plugins/com.st.stm32cube.ide.mcu.externaltools.gnu-tools-for-stm32.9-2020-q2-update.win32_2.0.0.202105311346/tools/bin/../lib/gcc/arm-none-eabi/9.3.1/thumb/v7-m/nofp/crtend.o
LOAD c:/st/stm32cubeide_1.8.0/stm32cubeide/plugins/com.st.stm32cube.ide.mcu.externaltools.gnu-tools-for-stm32.9-2020-q2-update.win32_2.0.0.202105311346/tools/bin/../lib/gcc/arm-none-eabi/9.3.1/thumb/v7-m/nofp/crtn.o
                0x000000002000c000                _estack = (ORIGIN (RAM) + LENGTH (RAM))
                0x0000000000000200                _Min_Heap_Size = 0x200
                0x0000000000000400                _Min_Stack_Size = 0x400

.isr_vector     0x0000000008000000      0x1e4
                0x0000000008000000                . = ALIGN (0x4)
 *(.isr_vector)
 .isr_vector    0x0000000008000000      0x1e4 ./Core/Startup/startup_stm32f103vctx.o
                0x0000000008000000                g_pfnVectors
                0x00000000080001e4                . = ALIGN (0x4)

.text           0x00000000080001f0     0x5d38
                0x00000000080001f0                . = ALIGN (0x4)
 *(.text)
 .text          0x00000000080001f0       0x40 c:/st/stm32cubeide_1.8.0/stm32cubeide/plugins/com.st.stm32cube.ide.mcu.externaltools.gnu-tools-for-stm32.9-2020-q2-update.win32_2.0.0.202105311346/tools/bin/../lib/gcc/arm-none-eabi/9.3.1/thumb/v7-m/nofp/crtbegin.o
 *(.text*)
 .text.vApplicationIdleHook
                0x0000000008000230        0x2 ./Core/Src/freertos.o
                0x0000000008000230                vApplicationIdleHook
 .text.CalCRC16
                0x0000000008000232       0x34 ./Core/Src/function.o
                0x0000000008000232                CalCRC16
 *fill*         0x0000000008000266        0x2 
 .text.GetCurentData
                0x0000000008000268       0xb8 ./Core/Src/function.o
                0x0000000008000268                GetCurentData
 .text.CheckRxData
                0x0000000008000320       0x64 ./Core/Src/function.o
                0x0000000008000320                CheckRxData
 .text.CheckFistSetting
                0x0000000008000384       0xdc ./Core/Src/function.o
                0x0000000008000384                CheckFistSetting
 .text.CheckFactoryReset
                0x0000000008000460       0xd0 ./Core/Src/function.o
                0x0000000008000460                CheckFactoryReset
 .text.CheckPasswordOpen
                0x0000000008000530      0x244 ./Core/Src/function.o
                0x0000000008000530                CheckPasswordOpen
 .text.CheckTrigger
                0x0000000008000774       0xe8 ./Core/Src/function.o
                0x0000000008000774                CheckTrigger
 .text.Checkopenswitch1
                0x000000000800085c       0xbc ./Core/Src/function.o
                0x000000000800085c                Checkopenswitch1
 .text.Checkopenswitch2
                0x0000000008000918       0xe0 ./Core/Src/function.o
                0x0000000008000918                Checkopenswitch2
 .text.Check9V  0x00000000080009f8      0x11c ./Core/Src/function.o
                0x00000000080009f8                Check9V
 .text.delay_cycle
                0x0000000008000b14       0x10 ./Core/Src/function.o
                0x0000000008000b14                delay_cycle
 .text.WriteLcdData
                0x0000000008000b24       0x24 ./Core/Src/function.o
                0x0000000008000b24                WriteLcdData
 .text.GraphicLcdWriteData
                0x0000000008000b48       0xa8 ./Core/Src/function.o
                0x0000000008000b48                GraphicLcdWriteData
 .text.WriteDataOnLcd
                0x0000000008000bf0       0xcc ./Core/Src/function.o
                0x0000000008000bf0                WriteDataOnLcd
 .text.CheckSleep
                0x0000000008000cbc      0x244 ./Core/Src/function.o
                0x0000000008000cbc                CheckSleep
 .text.defaultJob
                0x0000000008000f00      0x4f8 ./Core/Src/function.o
                0x0000000008000f00                defaultJob
 .text.DisplayTask
                0x00000000080013f8      0x2a0 ./Core/Src/function.o
                0x00000000080013f8                DisplayTask
 .text.DeviceTask
                0x0000000008001698       0x74 ./Core/Src/function.o
                0x0000000008001698                DeviceTask
 .text.CheckPortTimer
                0x000000000800170c       0x34 ./Core/Src/main.o
                0x000000000800170c                CheckPortTimer
 .text.SystemClock_Config
                0x0000000008001740       0x5a ./Core/Src/main.o
                0x0000000008001740                SystemClock_Config
 *fill*         0x000000000800179a        0x2 
 .text.MX_ADC1_Init
                0x000000000800179c       0x44 ./Core/Src/main.o
                0x000000000800179c                MX_ADC1_Init
 .text.MX_GPIO_Init
                0x00000000080017e0      0x1ac ./Core/Src/main.o
                0x00000000080017e0                MX_GPIO_Init
 .text.startup.main
                0x000000000800198c      0x26c ./Core/Src/main.o
                0x000000000800198c                main
 .text.HAL_MspInit
                0x0000000008001bf8       0x4c ./Core/Src/stm32f1xx_hal_msp.o
                0x0000000008001bf8                HAL_MspInit
 .text.HAL_ADC_MspInit
                0x0000000008001c44       0x5c ./Core/Src/stm32f1xx_hal_msp.o
                0x0000000008001c44                HAL_ADC_MspInit
 .text.HAL_TIM_Base_MspInit
                0x0000000008001ca0       0xa8 ./Core/Src/stm32f1xx_hal_msp.o
                0x0000000008001ca0                HAL_TIM_Base_MspInit
 .text.HAL_UART_MspInit
                0x0000000008001d48       0xfc ./Core/Src/stm32f1xx_hal_msp.o
                0x0000000008001d48                HAL_UART_MspInit
 .text.NMI_Handler
                0x0000000008001e44        0x2 ./Core/Src/stm32f1xx_it.o
                0x0000000008001e44                NMI_Handler
 .text.HardFault_Handler
                0x0000000008001e46        0x2 ./Core/Src/stm32f1xx_it.o
                0x0000000008001e46                HardFault_Handler
 .text.MemManage_Handler
                0x0000000008001e48        0x2 ./Core/Src/stm32f1xx_it.o
                0x0000000008001e48                MemManage_Handler
 .text.BusFault_Handler
                0x0000000008001e4a        0x2 ./Core/Src/stm32f1xx_it.o
                0x0000000008001e4a                BusFault_Handler
 .text.UsageFault_Handler
                0x0000000008001e4c        0x2 ./Core/Src/stm32f1xx_it.o
                0x0000000008001e4c                UsageFault_Handler
 .text.DebugMon_Handler
                0x0000000008001e4e        0x2 ./Core/Src/stm32f1xx_it.o
                0x0000000008001e4e                DebugMon_Handler
 .text.SysTick_Handler
                0x0000000008001e50       0x20 ./Core/Src/stm32f1xx_it.o
                0x0000000008001e50                SysTick_Handler
 .text.USART1_IRQHandler
                0x0000000008001e70      0x110 ./Core/Src/stm32f1xx_it.o
                0x0000000008001e70                USART1_IRQHandler
 .text.SystemInit
                0x0000000008001f80        0x2 ./Core/Src/system_stm32f1xx.o
                0x0000000008001f80                SystemInit
 *fill*         0x0000000008001f82        0x2 
 .text.TaskInputThread
                0x0000000008001f84       0xc0 ./Core/Src/taskDevice.o
                0x0000000008001f84                TaskInputThread
 .text.ResetJigIoPin
                0x0000000008002044       0x44 ./Core/Src/taskDevice.o
                0x0000000008002044                ResetJigIoPin
 .text.ResetADCData
                0x0000000008002088       0x24 ./Core/Src/taskDevice.o
                0x0000000008002088                ResetADCData
 .text.CalculateAverageForAdc
                0x00000000080020ac       0x30 ./Core/Src/taskDevice.o
                0x00000000080020ac                CalculateAverageForAdc
 .text.ChangeAdc1Channel
                0x00000000080020dc       0x24 ./Core/Src/taskDevice.o
                0x00000000080020dc                ChangeAdc1Channel
 .text.TaskAdc1Thread
                0x0000000008002100      0x128 ./Core/Src/taskDevice.o
                0x0000000008002100                TaskAdc1Thread
 .text.CheckKeyLed
                0x0000000008002228       0x34 ./Core/Src/taskDevice.o
                0x0000000008002228                CheckKeyLed
 .text.Reset_Handler
                0x000000000800225c       0x48 ./Core/Startup/startup_stm32f103vctx.o
                0x000000000800225c                Reset_Handler
 .text.Default_Handler
                0x00000000080022a4        0x2 ./Core/Startup/startup_stm32f103vctx.o
                0x00000000080022a4                RTC_Alarm_IRQHandler
                0x00000000080022a4                EXTI2_IRQHandler
                0x00000000080022a4                TIM8_TRG_COM_IRQHandler
                0x00000000080022a4                TIM8_CC_IRQHandler
                0x00000000080022a4                TIM1_CC_IRQHandler
                0x00000000080022a4                TIM6_IRQHandler
                0x00000000080022a4                PVD_IRQHandler
                0x00000000080022a4                SDIO_IRQHandler
                0x00000000080022a4                EXTI3_IRQHandler
                0x00000000080022a4                EXTI0_IRQHandler
                0x00000000080022a4                I2C2_EV_IRQHandler
                0x00000000080022a4                ADC1_2_IRQHandler
                0x00000000080022a4                SPI1_IRQHandler
                0x00000000080022a4                TAMPER_IRQHandler
                0x00000000080022a4                TIM8_UP_IRQHandler
                0x00000000080022a4                DMA2_Channel2_IRQHandler
                0x00000000080022a4                DMA1_Channel4_IRQHandler
                0x00000000080022a4                USART3_IRQHandler
                0x00000000080022a4                RTC_IRQHandler
                0x00000000080022a4                DMA1_Channel7_IRQHandler
                0x00000000080022a4                CAN1_RX1_IRQHandler
                0x00000000080022a4                UART5_IRQHandler
                0x00000000080022a4                ADC3_IRQHandler
                0x00000000080022a4                TIM4_IRQHandler
                0x00000000080022a4                DMA2_Channel1_IRQHandler
                0x00000000080022a4                I2C1_EV_IRQHandler
                0x00000000080022a4                DMA1_Channel6_IRQHandler
                0x00000000080022a4                UART4_IRQHandler
                0x00000000080022a4                TIM3_IRQHandler
                0x00000000080022a4                RCC_IRQHandler
                0x00000000080022a4                TIM1_TRG_COM_IRQHandler
                0x00000000080022a4                DMA1_Channel1_IRQHandler
                0x00000000080022a4                Default_Handler
                0x00000000080022a4                EXTI15_10_IRQHandler
                0x00000000080022a4                TIM7_IRQHandler
                0x00000000080022a4                TIM5_IRQHandler
                0x00000000080022a4                EXTI9_5_IRQHandler
                0x00000000080022a4                SPI2_IRQHandler
                0x00000000080022a4                DMA1_Channel5_IRQHandler
                0x00000000080022a4                EXTI4_IRQHandler
                0x00000000080022a4                USB_LP_CAN1_RX0_IRQHandler
                0x00000000080022a4                USB_HP_CAN1_TX_IRQHandler
                0x00000000080022a4                DMA1_Channel3_IRQHandler
                0x00000000080022a4                FSMC_IRQHandler
                0x00000000080022a4                TIM1_UP_IRQHandler
                0x00000000080022a4                WWDG_IRQHandler
                0x00000000080022a4                TIM2_IRQHandler
                0x00000000080022a4                TIM1_BRK_IRQHandler
                0x00000000080022a4                EXTI1_IRQHandler
                0x00000000080022a4                DMA2_Channel4_5_IRQHandler
                0x00000000080022a4                USART2_IRQHandler
                0x00000000080022a4                I2C2_ER_IRQHandler
                0x00000000080022a4                DMA1_Channel2_IRQHandler
                0x00000000080022a4                TIM8_BRK_IRQHandler
                0x00000000080022a4                CAN1_SCE_IRQHandler
                0x00000000080022a4                FLASH_IRQHandler
                0x00000000080022a4                SPI3_IRQHandler
                0x00000000080022a4                I2C1_ER_IRQHandler
                0x00000000080022a4                USBWakeUp_IRQHandler
                0x00000000080022a4                DMA2_Channel3_IRQHandler
 *fill*         0x00000000080022a6        0x2 
 .text.HAL_InitTick
                0x00000000080022a8       0x48 ./Drivers/STM32F1xx_HAL_Driver/Src/stm32f1xx_hal.o
                0x00000000080022a8                HAL_InitTick
 .text.HAL_Init
                0x00000000080022f0       0x24 ./Drivers/STM32F1xx_HAL_Driver/Src/stm32f1xx_hal.o
                0x00000000080022f0                HAL_Init
 .text.HAL_IncTick
                0x0000000008002314       0x18 ./Drivers/STM32F1xx_HAL_Driver/Src/stm32f1xx_hal.o
                0x0000000008002314                HAL_IncTick
 .text.HAL_GetTick
                0x000000000800232c        0xc ./Drivers/STM32F1xx_HAL_Driver/Src/stm32f1xx_hal.o
                0x000000000800232c                HAL_GetTick
 .text.HAL_ADC_GetValue
                0x0000000008002338        0x6 ./Drivers/STM32F1xx_HAL_Driver/Src/stm32f1xx_hal_adc.o
                0x0000000008002338                HAL_ADC_GetValue
 *fill*         0x000000000800233e        0x2 
 .text.HAL_ADC_ConfigChannel
                0x0000000008002340       0xfc ./Drivers/STM32F1xx_HAL_Driver/Src/stm32f1xx_hal_adc.o
                0x0000000008002340                HAL_ADC_ConfigChannel
 .text.ADC_Enable
                0x000000000800243c       0x70 ./Drivers/STM32F1xx_HAL_Driver/Src/stm32f1xx_hal_adc.o
                0x000000000800243c                ADC_Enable
 .text.HAL_ADC_Start
                0x00000000080024ac       0xc4 ./Drivers/STM32F1xx_HAL_Driver/Src/stm32f1xx_hal_adc.o
                0x00000000080024ac                HAL_ADC_Start
 .text.ADC_ConversionStop_Disable
                0x0000000008002570       0x44 ./Drivers/STM32F1xx_HAL_Driver/Src/stm32f1xx_hal_adc.o
                0x0000000008002570                ADC_ConversionStop_Disable
 .text.HAL_ADC_Init
                0x00000000080025b4      0x114 ./Drivers/STM32F1xx_HAL_Driver/Src/stm32f1xx_hal_adc.o
                0x00000000080025b4                HAL_ADC_Init
 .text.HAL_ADC_Stop
                0x00000000080026c8       0x34 ./Drivers/STM32F1xx_HAL_Driver/Src/stm32f1xx_hal_adc.o
                0x00000000080026c8                HAL_ADC_Stop
 .text.HAL_NVIC_SetPriorityGrouping
                0x00000000080026fc       0x24 ./Drivers/STM32F1xx_HAL_Driver/Src/stm32f1xx_hal_cortex.o
                0x00000000080026fc                HAL_NVIC_SetPriorityGrouping
 .text.HAL_NVIC_SetPriority
                0x0000000008002720       0x64 ./Drivers/STM32F1xx_HAL_Driver/Src/stm32f1xx_hal_cortex.o
                0x0000000008002720                HAL_NVIC_SetPriority
 .text.HAL_NVIC_EnableIRQ
                0x0000000008002784       0x1c ./Drivers/STM32F1xx_HAL_Driver/Src/stm32f1xx_hal_cortex.o
                0x0000000008002784                HAL_NVIC_EnableIRQ
 .text.HAL_SYSTICK_Config
                0x00000000080027a0       0x2c ./Drivers/STM32F1xx_HAL_Driver/Src/stm32f1xx_hal_cortex.o
                0x00000000080027a0                HAL_SYSTICK_Config
 .text.HAL_DMA_Abort_IT
                0x00000000080027cc      0x13c ./Drivers/STM32F1xx_HAL_Driver/Src/stm32f1xx_hal_dma.o
                0x00000000080027cc                HAL_DMA_Abort_IT
 .text.HAL_GPIO_Init
                0x0000000008002908      0x1d4 ./Drivers/STM32F1xx_HAL_Driver/Src/stm32f1xx_hal_gpio.o
                0x0000000008002908                HAL_GPIO_Init
 .text.HAL_GPIO_WritePin
                0x0000000008002adc        0xa ./Drivers/STM32F1xx_HAL_Driver/Src/stm32f1xx_hal_gpio.o
                0x0000000008002adc                HAL_GPIO_WritePin
 *fill*         0x0000000008002ae6        0x2 
 .text.HAL_RCC_OscConfig
                0x0000000008002ae8      0x338 ./Drivers/STM32F1xx_HAL_Driver/Src/stm32f1xx_hal_rcc.o
                0x0000000008002ae8                HAL_RCC_OscConfig
 .text.HAL_RCC_GetSysClockFreq
                0x0000000008002e20       0x74 ./Drivers/STM32F1xx_HAL_Driver/Src/stm32f1xx_hal_rcc.o
                0x0000000008002e20                HAL_RCC_GetSysClockFreq
 .text.HAL_RCC_ClockConfig
                0x0000000008002e94      0x138 ./Drivers/STM32F1xx_HAL_Driver/Src/stm32f1xx_hal_rcc.o
                0x0000000008002e94                HAL_RCC_ClockConfig
 .text.HAL_RCC_GetPCLK1Freq
                0x0000000008002fcc       0x20 ./Drivers/STM32F1xx_HAL_Driver/Src/stm32f1xx_hal_rcc.o
                0x0000000008002fcc                HAL_RCC_GetPCLK1Freq
 .text.HAL_RCC_GetPCLK2Freq
                0x0000000008002fec       0x20 ./Drivers/STM32F1xx_HAL_Driver/Src/stm32f1xx_hal_rcc.o
                0x0000000008002fec                HAL_RCC_GetPCLK2Freq
 .text.HAL_RCCEx_PeriphCLKConfig
                0x000000000800300c       0xf0 ./Drivers/STM32F1xx_HAL_Driver/Src/stm32f1xx_hal_rcc_ex.o
                0x000000000800300c                HAL_RCCEx_PeriphCLKConfig
 .text.TIM_Base_SetConfig
                0x00000000080030fc       0x98 ./Drivers/STM32F1xx_HAL_Driver/Src/stm32f1xx_hal_tim.o
                0x00000000080030fc                TIM_Base_SetConfig
 .text.HAL_TIM_Base_Init
                0x0000000008003194       0x58 ./Drivers/STM32F1xx_HAL_Driver/Src/stm32f1xx_hal_tim.o
                0x0000000008003194                HAL_TIM_Base_Init
 .text.TIM_ETR_SetConfig
                0x00000000080031ec       0x14 ./Drivers/STM32F1xx_HAL_Driver/Src/stm32f1xx_hal_tim.o
                0x00000000080031ec                TIM_ETR_SetConfig
 .text.HAL_TIM_ConfigClockSource
                0x0000000008003200      0x128 ./Drivers/STM32F1xx_HAL_Driver/Src/stm32f1xx_hal_tim.o
                0x0000000008003200                HAL_TIM_ConfigClockSource
 .text.TIM_SlaveTimer_SetConfig
                0x0000000008003328       0xa4 ./Drivers/STM32F1xx_HAL_Driver/Src/stm32f1xx_hal_tim.o
 .text.HAL_TIM_SlaveConfigSynchro
                0x00000000080033cc       0x4e ./Drivers/STM32F1xx_HAL_Driver/Src/stm32f1xx_hal_tim.o
                0x00000000080033cc                HAL_TIM_SlaveConfigSynchro
 *fill*         0x000000000800341a        0x2 
 .text.HAL_TIMEx_MasterConfigSynchronization
                0x000000000800341c       0x6c ./Drivers/STM32F1xx_HAL_Driver/Src/stm32f1xx_hal_tim_ex.o
                0x000000000800341c                HAL_TIMEx_MasterConfigSynchronization
 .text.UART_EndRxTransfer
                0x0000000008003488       0x1a ./Drivers/STM32F1xx_HAL_Driver/Src/stm32f1xx_hal_uart.o
 *fill*         0x00000000080034a2        0x2 
 .text.UART_SetConfig
                0x00000000080034a4       0x74 ./Drivers/STM32F1xx_HAL_Driver/Src/stm32f1xx_hal_uart.o
 .text.HAL_UART_Init
                0x0000000008003518       0x5c ./Drivers/STM32F1xx_HAL_Driver/Src/stm32f1xx_hal_uart.o
                0x0000000008003518                HAL_UART_Init
 .text.HAL_UART_TxCpltCallback
                0x0000000008003574        0x2 ./Drivers/STM32F1xx_HAL_Driver/Src/stm32f1xx_hal_uart.o
                0x0000000008003574                HAL_UART_TxCpltCallback
 .text.HAL_UART_RxCpltCallback
                0x0000000008003576        0x2 ./Drivers/STM32F1xx_HAL_Driver/Src/stm32f1xx_hal_uart.o
                0x0000000008003576                HAL_UART_RxCpltCallback
 .text.UART_Receive_IT
                0x0000000008003578       0x76 ./Drivers/STM32F1xx_HAL_Driver/Src/stm32f1xx_hal_uart.o
 .text.HAL_UART_ErrorCallback
                0x00000000080035ee        0x2 ./Drivers/STM32F1xx_HAL_Driver/Src/stm32f1xx_hal_uart.o
                0x00000000080035ee                HAL_UART_ErrorCallback
 .text.HAL_UART_IRQHandler
                0x00000000080035f0      0x144 ./Drivers/STM32F1xx_HAL_Driver/Src/stm32f1xx_hal_uart.o
                0x00000000080035f0                HAL_UART_IRQHandler
 .text.UART_DMAAbortOnError
                0x0000000008003734       0x10 ./Drivers/STM32F1xx_HAL_Driver/Src/stm32f1xx_hal_uart.o
 .text.TimerCallback
                0x0000000008003744       0x14 ./Middlewares/Third_Party/FreeRTOS/Source/CMSIS_RTOS_V2/cmsis_os2.o
 .text.osKernelInitialize
                0x0000000008003758       0x38 ./Middlewares/Third_Party/FreeRTOS/Source/CMSIS_RTOS_V2/cmsis_os2.o
                0x0000000008003758                osKernelInitialize
 .text.osKernelStart
                0x0000000008003790       0x40 ./Middlewares/Third_Party/FreeRTOS/Source/CMSIS_RTOS_V2/cmsis_os2.o
                0x0000000008003790                osKernelStart
 .text.osThreadNew
                0x00000000080037d0       0xb8 ./Middlewares/Third_Party/FreeRTOS/Source/CMSIS_RTOS_V2/cmsis_os2.o
                0x00000000080037d0                osThreadNew
 .text.osThreadFlagsSet
                0x0000000008003888       0x94 ./Middlewares/Third_Party/FreeRTOS/Source/CMSIS_RTOS_V2/cmsis_os2.o
                0x0000000008003888                osThreadFlagsSet
 .text.osThreadFlagsClear
                0x000000000800391c       0x6c ./Middlewares/Third_Party/FreeRTOS/Source/CMSIS_RTOS_V2/cmsis_os2.o
                0x000000000800391c                osThreadFlagsClear
 .text.osThreadFlagsWait
                0x0000000008003988       0xb4 ./Middlewares/Third_Party/FreeRTOS/Source/CMSIS_RTOS_V2/cmsis_os2.o
                0x0000000008003988                osThreadFlagsWait
 .text.osDelay  0x0000000008003a3c       0x38 ./Middlewares/Third_Party/FreeRTOS/Source/CMSIS_RTOS_V2/cmsis_os2.o
                0x0000000008003a3c                osDelay
 .text.osTimerNew
                0x0000000008003a74       0x80 ./Middlewares/Third_Party/FreeRTOS/Source/CMSIS_RTOS_V2/cmsis_os2.o
                0x0000000008003a74                osTimerNew
 .text.osTimerStart
                0x0000000008003af4       0x50 ./Middlewares/Third_Party/FreeRTOS/Source/CMSIS_RTOS_V2/cmsis_os2.o
                0x0000000008003af4                osTimerStart
 .text.osEventFlagsNew
                0x0000000008003b44       0x3c ./Middlewares/Third_Party/FreeRTOS/Source/CMSIS_RTOS_V2/cmsis_os2.o
                0x0000000008003b44                osEventFlagsNew
 .text.osSemaphoreNew
                0x0000000008003b80       0xb0 ./Middlewares/Third_Party/FreeRTOS/Source/CMSIS_RTOS_V2/cmsis_os2.o
                0x0000000008003b80                osSemaphoreNew
 .text.osSemaphoreAcquire
                0x0000000008003c30       0x78 ./Middlewares/Third_Party/FreeRTOS/Source/CMSIS_RTOS_V2/cmsis_os2.o
                0x0000000008003c30                osSemaphoreAcquire
 .text.osSemaphoreRelease
                0x0000000008003ca8       0x70 ./Middlewares/Third_Party/FreeRTOS/Source/CMSIS_RTOS_V2/cmsis_os2.o
                0x0000000008003ca8                osSemaphoreRelease
 .text.osSemaphoreDelete
                0x0000000008003d18       0x44 ./Middlewares/Third_Party/FreeRTOS/Source/CMSIS_RTOS_V2/cmsis_os2.o
                0x0000000008003d18                osSemaphoreDelete
 .text.vApplicationGetIdleTaskMemory
                0x0000000008003d5c       0x18 ./Middlewares/Third_Party/FreeRTOS/Source/CMSIS_RTOS_V2/cmsis_os2.o
                0x0000000008003d5c                vApplicationGetIdleTaskMemory
 .text.vApplicationGetTimerTaskMemory
                0x0000000008003d74       0x18 ./Middlewares/Third_Party/FreeRTOS/Source/CMSIS_RTOS_V2/cmsis_os2.o
                0x0000000008003d74                vApplicationGetTimerTaskMemory
 .text.xEventGroupCreateStatic
                0x0000000008003d8c       0x48 ./Middlewares/Third_Party/FreeRTOS/Source/event_groups.o
                0x0000000008003d8c                xEventGroupCreateStatic
 .text.xEventGroupCreate
                0x0000000008003dd4       0x1c ./Middlewares/Third_Party/FreeRTOS/Source/event_groups.o
                0x0000000008003dd4                xEventGroupCreate
 .text.vListInitialise
                0x0000000008003df0       0x16 ./Middlewares/Third_Party/FreeRTOS/Source/list.o
                0x0000000008003df0                vListInitialise
 .text.vListInitialiseItem
                0x0000000008003e06        0x6 ./Middlewares/Third_Party/FreeRTOS/Source/list.o
                0x0000000008003e06                vListInitialiseItem
 .text.vListInsertEnd
                0x0000000008003e0c       0x18 ./Middlewares/Third_Party/FreeRTOS/Source/list.o
                0x0000000008003e0c                vListInsertEnd
 .text.vListInsert
                0x0000000008003e24       0x2e ./Middlewares/Third_Party/FreeRTOS/Source/list.o
                0x0000000008003e24                vListInsert
 .text.uxListRemove
                0x0000000008003e52       0x20 ./Middlewares/Third_Party/FreeRTOS/Source/list.o
                0x0000000008003e52                uxListRemove
 .text.prvIsQueueEmpty
                0x0000000008003e72       0x16 ./Middlewares/Third_Party/FreeRTOS/Source/queue.o
 .text.prvCopyDataToQueue
                0x0000000008003e88       0x6a ./Middlewares/Third_Party/FreeRTOS/Source/queue.o
 .text.prvCopyDataFromQueue
                0x0000000008003ef2       0x28 ./Middlewares/Third_Party/FreeRTOS/Source/queue.o
 .text.prvUnlockQueue
                0x0000000008003f1a       0x70 ./Middlewares/Third_Party/FreeRTOS/Source/queue.o
 *fill*         0x0000000008003f8a        0x2 
 .text.xQueueGenericReset
                0x0000000008003f8c       0x80 ./Middlewares/Third_Party/FreeRTOS/Source/queue.o
                0x0000000008003f8c                xQueueGenericReset
 .text.xQueueGenericCreateStatic
                0x000000000800400c       0x9a ./Middlewares/Third_Party/FreeRTOS/Source/queue.o
                0x000000000800400c                xQueueGenericCreateStatic
 .text.xQueueGenericCreate
                0x00000000080040a6       0x4e ./Middlewares/Third_Party/FreeRTOS/Source/queue.o
                0x00000000080040a6                xQueueGenericCreate
 .text.xQueueCreateCountingSemaphoreStatic
                0x00000000080040f4       0x44 ./Middlewares/Third_Party/FreeRTOS/Source/queue.o
                0x00000000080040f4                xQueueCreateCountingSemaphoreStatic
 .text.xQueueCreateCountingSemaphore
                0x0000000008004138       0x3c ./Middlewares/Third_Party/FreeRTOS/Source/queue.o
                0x0000000008004138                xQueueCreateCountingSemaphore
 .text.xQueueGenericSend
                0x0000000008004174      0x164 ./Middlewares/Third_Party/FreeRTOS/Source/queue.o
                0x0000000008004174                xQueueGenericSend
 .text.xQueueGenericSendFromISR
                0x00000000080042d8       0xc2 ./Middlewares/Third_Party/FreeRTOS/Source/queue.o
                0x00000000080042d8                xQueueGenericSendFromISR
 .text.xQueueGiveFromISR
                0x000000000800439a       0xa8 ./Middlewares/Third_Party/FreeRTOS/Source/queue.o
                0x000000000800439a                xQueueGiveFromISR
 *fill*         0x0000000008004442        0x2 
 .text.xQueueReceive
                0x0000000008004444      0x140 ./Middlewares/Third_Party/FreeRTOS/Source/queue.o
                0x0000000008004444                xQueueReceive
 .text.xQueueSemaphoreTake
                0x0000000008004584      0x188 ./Middlewares/Third_Party/FreeRTOS/Source/queue.o
                0x0000000008004584                xQueueSemaphoreTake
 .text.xQueueReceiveFromISR
                0x000000000800470c       0x9e ./Middlewares/Third_Party/FreeRTOS/Source/queue.o
                0x000000000800470c                xQueueReceiveFromISR
 *fill*         0x00000000080047aa        0x2 
 .text.vQueueAddToRegistry
                0x00000000080047ac       0x24 ./Middlewares/Third_Party/FreeRTOS/Source/queue.o
                0x00000000080047ac                vQueueAddToRegistry
 .text.vQueueUnregisterQueue
                0x00000000080047d0       0x30 ./Middlewares/Third_Party/FreeRTOS/Source/queue.o
                0x00000000080047d0                vQueueUnregisterQueue
 .text.vQueueDelete
                0x0000000008004800       0x2a ./Middlewares/Third_Party/FreeRTOS/Source/queue.o
                0x0000000008004800                vQueueDelete
 .text.vQueueWaitForMessageRestricted
                0x000000000800482a       0x46 ./Middlewares/Third_Party/FreeRTOS/Source/queue.o
                0x000000000800482a                vQueueWaitForMessageRestricted
 .text.prvAddNewTaskToReadyList
                0x0000000008004870      0x100 ./Middlewares/Third_Party/FreeRTOS/Source/tasks.o
 .text.prvResetNextTaskUnblockTime
                0x0000000008004970       0x24 ./Middlewares/Third_Party/FreeRTOS/Source/tasks.o
 .text.prvInitialiseNewTask.isra.0
                0x0000000008004994       0x90 ./Middlewares/Third_Party/FreeRTOS/Source/tasks.o
 .text.prvDeleteTCB
                0x0000000008004a24       0x36 ./Middlewares/Third_Party/FreeRTOS/Source/tasks.o
 *fill*         0x0000000008004a5a        0x2 
 .text.prvIdleTask
                0x0000000008004a5c       0x68 ./Middlewares/Third_Party/FreeRTOS/Source/tasks.o
 .text.prvAddCurrentTaskToDelayedList
                0x0000000008004ac4       0x74 ./Middlewares/Third_Party/FreeRTOS/Source/tasks.o
 .text.xTaskCreateStatic
                0x0000000008004b38       0x6e ./Middlewares/Third_Party/FreeRTOS/Source/tasks.o
                0x0000000008004b38                xTaskCreateStatic
 .text.xTaskCreate
                0x0000000008004ba6       0x5a ./Middlewares/Third_Party/FreeRTOS/Source/tasks.o
                0x0000000008004ba6                xTaskCreate
 .text.vTaskStartScheduler
                0x0000000008004c00       0x88 ./Middlewares/Third_Party/FreeRTOS/Source/tasks.o
                0x0000000008004c00                vTaskStartScheduler
 .text.vTaskSuspendAll
                0x0000000008004c88       0x10 ./Middlewares/Third_Party/FreeRTOS/Source/tasks.o
                0x0000000008004c88                vTaskSuspendAll
 .text.xTaskGetTickCount
                0x0000000008004c98        0xc ./Middlewares/Third_Party/FreeRTOS/Source/tasks.o
                0x0000000008004c98                xTaskGetTickCount
 .text.xTaskIncrementTick
                0x0000000008004ca4      0x120 ./Middlewares/Third_Party/FreeRTOS/Source/tasks.o
                0x0000000008004ca4                xTaskIncrementTick
 .text.xTaskResumeAll
                0x0000000008004dc4       0xe8 ./Middlewares/Third_Party/FreeRTOS/Source/tasks.o
                0x0000000008004dc4                xTaskResumeAll
 .text.vTaskDelay
                0x0000000008004eac       0x48 ./Middlewares/Third_Party/FreeRTOS/Source/tasks.o
                0x0000000008004eac                vTaskDelay
 .text.vTaskSwitchContext
                0x0000000008004ef4       0x78 ./Middlewares/Third_Party/FreeRTOS/Source/tasks.o
                0x0000000008004ef4                vTaskSwitchContext
 .text.vTaskPlaceOnEventList
                0x0000000008004f6c       0x34 ./Middlewares/Third_Party/FreeRTOS/Source/tasks.o
                0x0000000008004f6c                vTaskPlaceOnEventList
 .text.vTaskPlaceOnEventListRestricted
                0x0000000008004fa0       0x40 ./Middlewares/Third_Party/FreeRTOS/Source/tasks.o
                0x0000000008004fa0                vTaskPlaceOnEventListRestricted
 .text.xTaskRemoveFromEventList
                0x0000000008004fe0       0x80 ./Middlewares/Third_Party/FreeRTOS/Source/tasks.o
                0x0000000008004fe0                xTaskRemoveFromEventList
 .text.vTaskInternalSetTimeOutState
                0x0000000008005060       0x18 ./Middlewares/Third_Party/FreeRTOS/Source/tasks.o
                0x0000000008005060                vTaskInternalSetTimeOutState
 .text.xTaskCheckForTimeOut
                0x0000000008005078       0x78 ./Middlewares/Third_Party/FreeRTOS/Source/tasks.o
                0x0000000008005078                xTaskCheckForTimeOut
 .text.vTaskMissedYield
                0x00000000080050f0        0xc ./Middlewares/Third_Party/FreeRTOS/Source/tasks.o
                0x00000000080050f0                vTaskMissedYield
 .text.xTaskGetCurrentTaskHandle
                0x00000000080050fc        0xc ./Middlewares/Third_Party/FreeRTOS/Source/tasks.o
                0x00000000080050fc                xTaskGetCurrentTaskHandle
 .text.xTaskGetSchedulerState
                0x0000000008005108       0x20 ./Middlewares/Third_Party/FreeRTOS/Source/tasks.o
                0x0000000008005108                xTaskGetSchedulerState
 .text.xTaskPriorityInherit
                0x0000000008005128       0x84 ./Middlewares/Third_Party/FreeRTOS/Source/tasks.o
                0x0000000008005128                xTaskPriorityInherit
 .text.xTaskPriorityDisinherit
                0x00000000080051ac       0x84 ./Middlewares/Third_Party/FreeRTOS/Source/tasks.o
                0x00000000080051ac                xTaskPriorityDisinherit
 .text.vTaskPriorityDisinheritAfterTimeout
                0x0000000008005230       0x9c ./Middlewares/Third_Party/FreeRTOS/Source/tasks.o
                0x0000000008005230                vTaskPriorityDisinheritAfterTimeout
 .text.pvTaskIncrementMutexHeldCount
                0x00000000080052cc       0x18 ./Middlewares/Third_Party/FreeRTOS/Source/tasks.o
                0x00000000080052cc                pvTaskIncrementMutexHeldCount
 .text.xTaskNotifyWait
                0x00000000080052e4       0x88 ./Middlewares/Third_Party/FreeRTOS/Source/tasks.o
                0x00000000080052e4                xTaskNotifyWait
 .text.xTaskGenericNotify
                0x000000000800536c       0xcc ./Middlewares/Third_Party/FreeRTOS/Source/tasks.o
                0x000000000800536c                xTaskGenericNotify
 .text.xTaskGenericNotifyFromISR
                0x0000000008005438      0x104 ./Middlewares/Third_Party/FreeRTOS/Source/tasks.o
                0x0000000008005438                xTaskGenericNotifyFromISR
 .text.prvCheckForValidListAndQueue
                0x000000000800553c       0x68 ./Middlewares/Third_Party/FreeRTOS/Source/timers.o
 .text.prvInsertTimerInActiveList
                0x00000000080055a4       0x3c ./Middlewares/Third_Party/FreeRTOS/Source/timers.o
 .text.xTimerCreateTimerTask
                0x00000000080055e0       0x64 ./Middlewares/Third_Party/FreeRTOS/Source/timers.o
                0x00000000080055e0                xTimerCreateTimerTask
 .text.xTimerCreate
                0x0000000008005644       0x4e ./Middlewares/Third_Party/FreeRTOS/Source/timers.o
                0x0000000008005644                xTimerCreate
 .text.xTimerCreateStatic
                0x0000000008005692       0x78 ./Middlewares/Third_Party/FreeRTOS/Source/timers.o
                0x0000000008005692                xTimerCreateStatic
 *fill*         0x000000000800570a        0x2 
 .text.xTimerGenericCommand
                0x000000000800570c       0x58 ./Middlewares/Third_Party/FreeRTOS/Source/timers.o
                0x000000000800570c                xTimerGenericCommand
 .text.prvSwitchTimerLists
                0x0000000008005764       0x7c ./Middlewares/Third_Party/FreeRTOS/Source/timers.o
 .text.prvTimerTask
                0x00000000080057e0      0x1f8 ./Middlewares/Third_Party/FreeRTOS/Source/timers.o
 .text.pvTimerGetTimerID
                0x00000000080059d8       0x26 ./Middlewares/Third_Party/FreeRTOS/Source/timers.o
                0x00000000080059d8                pvTimerGetTimerID
 *fill*         0x00000000080059fe        0x2 
 .text.prvPortStartFirstTask
                0x0000000008005a00       0x20 ./Middlewares/Third_Party/FreeRTOS/Source/portable/GCC/ARM_CM3/port.o
 .text.prvTaskExitError
                0x0000000008005a20       0x40 ./Middlewares/Third_Party/FreeRTOS/Source/portable/GCC/ARM_CM3/port.o
 .text.pxPortInitialiseStack
                0x0000000008005a60       0x24 ./Middlewares/Third_Party/FreeRTOS/Source/portable/GCC/ARM_CM3/port.o
                0x0000000008005a60                pxPortInitialiseStack
 *fill*         0x0000000008005a84        0xc 
 .text.SVC_Handler
                0x0000000008005a90       0x24 ./Middlewares/Third_Party/FreeRTOS/Source/portable/GCC/ARM_CM3/port.o
                0x0000000008005a90                SVC_Handler
 .text.vPortEnterCritical
                0x0000000008005ab4       0x44 ./Middlewares/Third_Party/FreeRTOS/Source/portable/GCC/ARM_CM3/port.o
                0x0000000008005ab4                vPortEnterCritical
 .text.vPortExitCritical
                0x0000000008005af8       0x28 ./Middlewares/Third_Party/FreeRTOS/Source/portable/GCC/ARM_CM3/port.o
                0x0000000008005af8                vPortExitCritical
 .text.PendSV_Handler
                0x0000000008005b20       0x44 ./Middlewares/Third_Party/FreeRTOS/Source/portable/GCC/ARM_CM3/port.o
                0x0000000008005b20                PendSV_Handler
 .text.xPortSysTickHandler
                0x0000000008005b64       0x2c ./Middlewares/Third_Party/FreeRTOS/Source/portable/GCC/ARM_CM3/port.o
                0x0000000008005b64                xPortSysTickHandler
 .text.vPortSetupTimerInterrupt
                0x0000000008005b90       0x34 ./Middlewares/Third_Party/FreeRTOS/Source/portable/GCC/ARM_CM3/port.o
                0x0000000008005b90                vPortSetupTimerInterrupt
 .text.xPortStartScheduler
                0x0000000008005bc4       0xb0 ./Middlewares/Third_Party/FreeRTOS/Source/portable/GCC/ARM_CM3/port.o
                0x0000000008005bc4                xPortStartScheduler
 .text.vPortValidateInterruptPriority
                0x0000000008005c74       0x5c ./Middlewares/Third_Party/FreeRTOS/Source/portable/GCC/ARM_CM3/port.o
                0x0000000008005c74                vPortValidateInterruptPriority
 .text.prvInsertBlockIntoFreeList
                0x0000000008005cd0       0x48 ./Middlewares/Third_Party/FreeRTOS/Source/portable/MemMang/heap_4.o
 .text.pvPortMalloc
                0x0000000008005d18      0x114 ./Middlewares/Third_Party/FreeRTOS/Source/portable/MemMang/heap_4.o
                0x0000000008005d18                pvPortMalloc
 .text.vPortFree
                0x0000000008005e2c       0x70 ./Middlewares/Third_Party/FreeRTOS/Source/portable/MemMang/heap_4.o
                0x0000000008005e2c                vPortFree
 .text.__libc_init_array
                0x0000000008005e9c       0x48 c:/st/stm32cubeide_1.8.0/stm32cubeide/plugins/com.st.stm32cube.ide.mcu.externaltools.gnu-tools-for-stm32.9-2020-q2-update.win32_2.0.0.202105311346/tools/bin/../lib/gcc/arm-none-eabi/9.3.1/../../../../arm-none-eabi/lib/thumb/v7-m/nofp\libc_nano.a(lib_a-init.o)
                0x0000000008005e9c                __libc_init_array
 .text.memcpy   0x0000000008005ee4       0x1c c:/st/stm32cubeide_1.8.0/stm32cubeide/plugins/com.st.stm32cube.ide.mcu.externaltools.gnu-tools-for-stm32.9-2020-q2-update.win32_2.0.0.202105311346/tools/bin/../lib/gcc/arm-none-eabi/9.3.1/../../../../arm-none-eabi/lib/thumb/v7-m/nofp\libc_nano.a(lib_a-memcpy-stub.o)
                0x0000000008005ee4                memcpy
 .text.memset   0x0000000008005f00       0x10 c:/st/stm32cubeide_1.8.0/stm32cubeide/plugins/com.st.stm32cube.ide.mcu.externaltools.gnu-tools-for-stm32.9-2020-q2-update.win32_2.0.0.202105311346/tools/bin/../lib/gcc/arm-none-eabi/9.3.1/../../../../arm-none-eabi/lib/thumb/v7-m/nofp\libc_nano.a(lib_a-memset.o)
                0x0000000008005f00                memset
 *(.glue_7)
 .glue_7        0x0000000008005f10        0x0 linker stubs
 *(.glue_7t)
 .glue_7t       0x0000000008005f10        0x0 linker stubs
 *(.eh_frame)
 .eh_frame      0x0000000008005f10        0x0 c:/st/stm32cubeide_1.8.0/stm32cubeide/plugins/com.st.stm32cube.ide.mcu.externaltools.gnu-tools-for-stm32.9-2020-q2-update.win32_2.0.0.202105311346/tools/bin/../lib/gcc/arm-none-eabi/9.3.1/thumb/v7-m/nofp/crtbegin.o
 *(.init)
 .init          0x0000000008005f10        0x4 c:/st/stm32cubeide_1.8.0/stm32cubeide/plugins/com.st.stm32cube.ide.mcu.externaltools.gnu-tools-for-stm32.9-2020-q2-update.win32_2.0.0.202105311346/tools/bin/../lib/gcc/arm-none-eabi/9.3.1/thumb/v7-m/nofp/crti.o
                0x0000000008005f10                _init
 .init          0x0000000008005f14        0x8 c:/st/stm32cubeide_1.8.0/stm32cubeide/plugins/com.st.stm32cube.ide.mcu.externaltools.gnu-tools-for-stm32.9-2020-q2-update.win32_2.0.0.202105311346/tools/bin/../lib/gcc/arm-none-eabi/9.3.1/thumb/v7-m/nofp/crtn.o
 *(.fini)
 .fini          0x0000000008005f1c        0x4 c:/st/stm32cubeide_1.8.0/stm32cubeide/plugins/com.st.stm32cube.ide.mcu.externaltools.gnu-tools-for-stm32.9-2020-q2-update.win32_2.0.0.202105311346/tools/bin/../lib/gcc/arm-none-eabi/9.3.1/thumb/v7-m/nofp/crti.o
                0x0000000008005f1c                _fini
 .fini          0x0000000008005f20        0x8 c:/st/stm32cubeide_1.8.0/stm32cubeide/plugins/com.st.stm32cube.ide.mcu.externaltools.gnu-tools-for-stm32.9-2020-q2-update.win32_2.0.0.202105311346/tools/bin/../lib/gcc/arm-none-eabi/9.3.1/thumb/v7-m/nofp/crtn.o
                0x0000000008005f28                . = ALIGN (0x4)
                0x0000000008005f28                _etext = .

.vfp11_veneer   0x0000000008005f28        0x0
 .vfp11_veneer  0x0000000008005f28        0x0 linker stubs

.v4_bx          0x0000000008005f28        0x0
 .v4_bx         0x0000000008005f28        0x0 linker stubs

.iplt           0x0000000008005f28        0x0
 .iplt          0x0000000008005f28        0x0 c:/st/stm32cubeide_1.8.0/stm32cubeide/plugins/com.st.stm32cube.ide.mcu.externaltools.gnu-tools-for-stm32.9-2020-q2-update.win32_2.0.0.202105311346/tools/bin/../lib/gcc/arm-none-eabi/9.3.1/thumb/v7-m/nofp/crtbegin.o

.rodata         0x0000000008005f28     0x1010
                0x0000000008005f28                . = ALIGN (0x4)
 *(.rodata)
 *(.rodata*)
 .rodata.str1.1
                0x0000000008005f28        0xe ./Core/Src/function.o
 *fill*         0x0000000008005f36        0x2 
 .rodata.LcdTaskSemCnt_attributes
                0x0000000008005f38       0x10 ./Core/Src/function.o
                0x0000000008005f38                LcdTaskSemCnt_attributes
 .rodata.constLcdNum
                0x0000000008005f48       0x68 ./Core/Src/function.o
                0x0000000008005f48                constLcdNum
 .rodata.screen1
                0x0000000008005fb0      0x400 ./Core/Src/function.o
                0x0000000008005fb0                screen1
 .rodata.state_data
                0x00000000080063b0      0x120 ./Core/Src/function.o
                0x00000000080063b0                state_data
 .rodata.step_data
                0x00000000080064d0      0x85e ./Core/Src/function.o
                0x00000000080064d0                step_data
 .rodata.step_data_line
                0x0000000008006d2e       0x77 ./Core/Src/function.o
                0x0000000008006d2e                step_data_line
 .rodata.step_empty
                0x0000000008006da5       0x77 ./Core/Src/function.o
                0x0000000008006da5                step_empty
 .rodata.str1.1
                0x0000000008006e1c       0x42 ./Core/Src/main.o
 *fill*         0x0000000008006e5e        0x2 
 .rodata.DeviceTask_attributes
                0x0000000008006e60       0x24 ./Core/Src/main.o
                0x0000000008006e60                DeviceTask_attributes
 .rodata.FlagEvent01_attributes
                0x0000000008006e84       0x10 ./Core/Src/main.o
                0x0000000008006e84                FlagEvent01_attributes
 .rodata.FunctionJob_attributes
                0x0000000008006e94       0x24 ./Core/Src/main.o
                0x0000000008006e94                FunctionJob_attributes
 .rodata.PortTimer_attributes
                0x0000000008006eb8       0x10 ./Core/Src/main.o
                0x0000000008006eb8                PortTimer_attributes
 .rodata.myEvent02_attributes
                0x0000000008006ec8       0x10 ./Core/Src/main.o
                0x0000000008006ec8                myEvent02_attributes
 .rodata.myTask02_attributes
                0x0000000008006ed8       0x24 ./Core/Src/main.o
                0x0000000008006ed8                myTask02_attributes
 .rodata.AHBPrescTable
                0x0000000008006efc       0x10 ./Core/Src/system_stm32f1xx.o
                0x0000000008006efc                AHBPrescTable
 .rodata.APBPrescTable
                0x0000000008006f0c        0x8 ./Core/Src/system_stm32f1xx.o
                0x0000000008006f0c                APBPrescTable
 .rodata.HAL_RCC_GetSysClockFreq.str1.1
                0x0000000008006f14       0x11 ./Drivers/STM32F1xx_HAL_Driver/Src/stm32f1xx_hal_rcc.o
 .rodata.vTaskStartScheduler.str1.1
                0x0000000008006f25        0x5 ./Middlewares/Third_Party/FreeRTOS/Source/tasks.o
 .rodata.prvCheckForValidListAndQueue.str1.1
                0x0000000008006f2a        0x5 ./Middlewares/Third_Party/FreeRTOS/Source/timers.o
 .rodata.xTimerCreateTimerTask.str1.1
                0x0000000008006f2f        0x8 ./Middlewares/Third_Party/FreeRTOS/Source/timers.o
                0x0000000008006f38                . = ALIGN (0x4)
 *fill*         0x0000000008006f37        0x1 

.rel.dyn        0x0000000008006f38        0x0
 .rel.iplt      0x0000000008006f38        0x0 c:/st/stm32cubeide_1.8.0/stm32cubeide/plugins/com.st.stm32cube.ide.mcu.externaltools.gnu-tools-for-stm32.9-2020-q2-update.win32_2.0.0.202105311346/tools/bin/../lib/gcc/arm-none-eabi/9.3.1/thumb/v7-m/nofp/crtbegin.o

.ARM.extab      0x0000000008006f38        0x0
                0x0000000008006f38                . = ALIGN (0x4)
 *(.ARM.extab* .gnu.linkonce.armextab.*)
                0x0000000008006f38                . = ALIGN (0x4)

.ARM            0x0000000008006f38        0x0
                0x0000000008006f38                . = ALIGN (0x4)
                0x0000000008006f38                __exidx_start = .
 *(.ARM.exidx*)
                0x0000000008006f38                __exidx_end = .
                0x0000000008006f38                . = ALIGN (0x4)

.preinit_array  0x0000000008006f38        0x0
                0x0000000008006f38                . = ALIGN (0x4)
                0x0000000008006f38                PROVIDE (__preinit_array_start = .)
 *(.preinit_array*)
                0x0000000008006f38                PROVIDE (__preinit_array_end = .)
                0x0000000008006f38                . = ALIGN (0x4)

.init_array     0x0000000008006f38        0x4
                0x0000000008006f38                . = ALIGN (0x4)
                0x0000000008006f38                PROVIDE (__init_array_start = .)
 *(SORT_BY_NAME(.init_array.*))
 *(.init_array*)
 .init_array    0x0000000008006f38        0x4 c:/st/stm32cubeide_1.8.0/stm32cubeide/plugins/com.st.stm32cube.ide.mcu.externaltools.gnu-tools-for-stm32.9-2020-q2-update.win32_2.0.0.202105311346/tools/bin/../lib/gcc/arm-none-eabi/9.3.1/thumb/v7-m/nofp/crtbegin.o
                0x0000000008006f3c                PROVIDE (__init_array_end = .)
                0x0000000008006f3c                . = ALIGN (0x4)

.fini_array     0x0000000008006f3c        0x4
                0x0000000008006f3c                . = ALIGN (0x4)
                [!provide]                        PROVIDE (__fini_array_start = .)
 *(SORT_BY_NAME(.fini_array.*))
 *(.fini_array*)
 .fini_array    0x0000000008006f3c        0x4 c:/st/stm32cubeide_1.8.0/stm32cubeide/plugins/com.st.stm32cube.ide.mcu.externaltools.gnu-tools-for-stm32.9-2020-q2-update.win32_2.0.0.202105311346/tools/bin/../lib/gcc/arm-none-eabi/9.3.1/thumb/v7-m/nofp/crtbegin.o
                [!provide]                        PROVIDE (__fini_array_end = .)
                0x0000000008006f40                . = ALIGN (0x4)
                0x0000000008006f40                _sidata = LOADADDR (.data)

.data           0x0000000020000000       0x2c load address 0x0000000008006f40
                0x0000000020000000                . = ALIGN (0x4)
                0x0000000020000000                _sdata = .
 *(.data)
 *(.data*)
 .data.SystemCoreClock
                0x0000000020000000        0x4 ./Core/Src/system_stm32f1xx.o
                0x0000000020000000                SystemCoreClock
 .data.StructInputPort
                0x0000000020000004       0x18 ./Core/Src/taskDevice.o
                0x0000000020000004                StructInputPort
 .data.gu16AddrBits
                0x000000002000001c        0x6 ./Core/Src/taskDevice.o
                0x000000002000001c                gu16AddrBits
 .data.uwTickFreq
                0x0000000020000022        0x1 ./Drivers/STM32F1xx_HAL_Driver/Src/stm32f1xx_hal.o
                0x0000000020000022                uwTickFreq
 *fill*         0x0000000020000023        0x1 
 .data.uwTickPrio
                0x0000000020000024        0x4 ./Drivers/STM32F1xx_HAL_Driver/Src/stm32f1xx_hal.o
                0x0000000020000024                uwTickPrio
 .data.uxCriticalNesting
                0x0000000020000028        0x4 ./Middlewares/Third_Party/FreeRTOS/Source/portable/GCC/ARM_CM3/port.o
 *(.RamFunc)
 *(.RamFunc*)
                0x000000002000002c                . = ALIGN (0x4)
                0x000000002000002c                _edata = .

.igot.plt       0x000000002000002c        0x0 load address 0x0000000008006f6c
 .igot.plt      0x000000002000002c        0x0 c:/st/stm32cubeide_1.8.0/stm32cubeide/plugins/com.st.stm32cube.ide.mcu.externaltools.gnu-tools-for-stm32.9-2020-q2-update.win32_2.0.0.202105311346/tools/bin/../lib/gcc/arm-none-eabi/9.3.1/thumb/v7-m/nofp/crtbegin.o
                0x000000002000002c                . = ALIGN (0x4)

.bss            0x000000002000002c     0x2234 load address 0x0000000008006f6c
                0x000000002000002c                _sbss = .
                0x000000002000002c                __bss_start__ = _sbss
 *(.bss)
 .bss           0x000000002000002c       0x1c c:/st/stm32cubeide_1.8.0/stm32cubeide/plugins/com.st.stm32cube.ide.mcu.externaltools.gnu-tools-for-stm32.9-2020-q2-update.win32_2.0.0.202105311346/tools/bin/../lib/gcc/arm-none-eabi/9.3.1/thumb/v7-m/nofp/crtbegin.o
 *(.bss*)
 .bss.Idle_Stack
                0x0000000020000048      0x200 ./Middlewares/Third_Party/FreeRTOS/Source/CMSIS_RTOS_V2/cmsis_os2.o
 .bss.Idle_TCB  0x0000000020000248       0x5c ./Middlewares/Third_Party/FreeRTOS/Source/CMSIS_RTOS_V2/cmsis_os2.o
 .bss.KernelState
                0x00000000200002a4        0x4 ./Middlewares/Third_Party/FreeRTOS/Source/CMSIS_RTOS_V2/cmsis_os2.o
 .bss.Timer_Stack
                0x00000000200002a8      0x400 ./Middlewares/Third_Party/FreeRTOS/Source/CMSIS_RTOS_V2/cmsis_os2.o
 .bss.Timer_TCB
                0x00000000200006a8       0x5c ./Middlewares/Third_Party/FreeRTOS/Source/CMSIS_RTOS_V2/cmsis_os2.o
 .bss.pxCurrentTCB
                0x0000000020000704        0x4 ./Middlewares/Third_Party/FreeRTOS/Source/tasks.o
                0x0000000020000704                pxCurrentTCB
 .bss.pxDelayedTaskList
                0x0000000020000708        0x4 ./Middlewares/Third_Party/FreeRTOS/Source/tasks.o
 .bss.pxOverflowDelayedTaskList
                0x000000002000070c        0x4 ./Middlewares/Third_Party/FreeRTOS/Source/tasks.o
 .bss.pxReadyTasksLists
                0x0000000020000710      0x460 ./Middlewares/Third_Party/FreeRTOS/Source/tasks.o
 .bss.uxCurrentNumberOfTasks
                0x0000000020000b70        0x4 ./Middlewares/Third_Party/FreeRTOS/Source/tasks.o
 .bss.uxDeletedTasksWaitingCleanUp
                0x0000000020000b74        0x4 ./Middlewares/Third_Party/FreeRTOS/Source/tasks.o
 .bss.uxPendedTicks
                0x0000000020000b78        0x4 ./Middlewares/Third_Party/FreeRTOS/Source/tasks.o
 .bss.uxSchedulerSuspended
                0x0000000020000b7c        0x4 ./Middlewares/Third_Party/FreeRTOS/Source/tasks.o
 .bss.uxTaskNumber
                0x0000000020000b80        0x4 ./Middlewares/Third_Party/FreeRTOS/Source/tasks.o
 .bss.uxTopReadyPriority
                0x0000000020000b84        0x4 ./Middlewares/Third_Party/FreeRTOS/Source/tasks.o
 .bss.xDelayedTaskList1
                0x0000000020000b88       0x14 ./Middlewares/Third_Party/FreeRTOS/Source/tasks.o
 .bss.xDelayedTaskList2
                0x0000000020000b9c       0x14 ./Middlewares/Third_Party/FreeRTOS/Source/tasks.o
 .bss.xNextTaskUnblockTime
                0x0000000020000bb0        0x4 ./Middlewares/Third_Party/FreeRTOS/Source/tasks.o
 .bss.xNumOfOverflows
                0x0000000020000bb4        0x4 ./Middlewares/Third_Party/FreeRTOS/Source/tasks.o
 .bss.xPendingReadyList
                0x0000000020000bb8       0x14 ./Middlewares/Third_Party/FreeRTOS/Source/tasks.o
 .bss.xSchedulerRunning
                0x0000000020000bcc        0x4 ./Middlewares/Third_Party/FreeRTOS/Source/tasks.o
 .bss.xSuspendedTaskList
                0x0000000020000bd0       0x14 ./Middlewares/Third_Party/FreeRTOS/Source/tasks.o
 .bss.xTasksWaitingTermination
                0x0000000020000be4       0x14 ./Middlewares/Third_Party/FreeRTOS/Source/tasks.o
 .bss.xTickCount
                0x0000000020000bf8        0x4 ./Middlewares/Third_Party/FreeRTOS/Source/tasks.o
 .bss.xYieldPending
                0x0000000020000bfc        0x4 ./Middlewares/Third_Party/FreeRTOS/Source/tasks.o
 .bss.pxCurrentTimerList
                0x0000000020000c00        0x4 ./Middlewares/Third_Party/FreeRTOS/Source/timers.o
 .bss.pxOverflowTimerList
                0x0000000020000c04        0x4 ./Middlewares/Third_Party/FreeRTOS/Source/timers.o
 .bss.ucStaticTimerQueueStorage.5577
                0x0000000020000c08       0xa0 ./Middlewares/Third_Party/FreeRTOS/Source/timers.o
 .bss.xActiveTimerList1
                0x0000000020000ca8       0x14 ./Middlewares/Third_Party/FreeRTOS/Source/timers.o
 .bss.xActiveTimerList2
                0x0000000020000cbc       0x14 ./Middlewares/Third_Party/FreeRTOS/Source/timers.o
 .bss.xLastTime.5526
                0x0000000020000cd0        0x4 ./Middlewares/Third_Party/FreeRTOS/Source/timers.o
 .bss.xStaticTimerQueue.5576
                0x0000000020000cd4       0x50 ./Middlewares/Third_Party/FreeRTOS/Source/timers.o
 .bss.xTimerQueue
                0x0000000020000d24        0x4 ./Middlewares/Third_Party/FreeRTOS/Source/timers.o
 .bss.xTimerTaskHandle
                0x0000000020000d28        0x4 ./Middlewares/Third_Party/FreeRTOS/Source/timers.o
 .bss.ucMaxSysCallPriority
                0x0000000020000d2c        0x1 ./Middlewares/Third_Party/FreeRTOS/Source/portable/GCC/ARM_CM3/port.o
 *fill*         0x0000000020000d2d        0x3 
 .bss.ulMaxPRIGROUPValue
                0x0000000020000d30        0x4 ./Middlewares/Third_Party/FreeRTOS/Source/portable/GCC/ARM_CM3/port.o
 .bss.pxEnd     0x0000000020000d34        0x4 ./Middlewares/Third_Party/FreeRTOS/Source/portable/MemMang/heap_4.o
 .bss.ucHeap    0x0000000020000d38      0xc00 ./Middlewares/Third_Party/FreeRTOS/Source/portable/MemMang/heap_4.o
 .bss.xBlockAllocatedBit
                0x0000000020001938        0x4 ./Middlewares/Third_Party/FreeRTOS/Source/portable/MemMang/heap_4.o
 .bss.xFreeBytesRemaining
                0x000000002000193c        0x4 ./Middlewares/Third_Party/FreeRTOS/Source/portable/MemMang/heap_4.o
 .bss.xMinimumEverFreeBytesRemaining
                0x0000000020001940        0x4 ./Middlewares/Third_Party/FreeRTOS/Source/portable/MemMang/heap_4.o
 .bss.xStart    0x0000000020001944        0x8 ./Middlewares/Third_Party/FreeRTOS/Source/portable/MemMang/heap_4.o
 *(COMMON)
 COMMON         0x000000002000194c      0x48b ./Core/Src/function.o
                0x000000002000194c                gu8GLcdYEnd
                0x000000002000194e                gu16JobTmp2
                0x0000000020001950                gu8TaskLcd
                0x0000000020001952                gu16TimerLcd
                0x0000000020001954                gu8GLcdXEnd
                0x0000000020001956                gu16JobTmp1
                0x0000000020001958                gu16JobTmpStep1
                0x000000002000195a                gu8LcdDisplayData
                0x0000000020001d5a                gu8TaskGraphicLcdX
                0x0000000020001d5c                gu16TimerJob
                0x0000000020001d60                LcdTaskSemCntControlBlock
                0x0000000020001db0                LcdTaskSemCntHandle
                0x0000000020001db4                gu8JobCheckNum
                0x0000000020001db5                gu8GLcdXStart
                0x0000000020001db6                gu8GLcdYStart
                0x0000000020001db7                gu8JobCheckStep
                0x0000000020001db8                gu8JobStep
                0x0000000020001dbc                gu32Tmp
                0x0000000020001dc0                gi16TmpData
                0x0000000020001dc2                gu16JobBuff
                0x0000000020001dd6                gu8TaskGraphicLcdY
 *fill*         0x0000000020001dd7        0x1 
 COMMON         0x0000000020001dd8      0x274 ./Core/Src/main.o
                0x0000000020001dd8                FunctionJobHandle
                0x0000000020001ddc                FlagEvent01Handle
                0x0000000020001de0                huart3
                0x0000000020001e20                htim3
                0x0000000020001e68                hadc1
                0x0000000020001e98                myEvent01ControlBlock
                0x0000000020001eb8                PortTimerHandle
                0x0000000020001ebc                huart1
                0x0000000020001efc                myEvent02Handle
                0x0000000020001f00                htim6
                0x0000000020001f48                LcdTaskHandle
                0x0000000020001f4c                htim1
                0x0000000020001f94                myEvent02ControlBlock
                0x0000000020001fb4                htim2
                0x0000000020001ffc                htim7
                0x0000000020002044                DeviceTaskHandle
                0x0000000020002048                gu16Flag1
 COMMON         0x000000002000204c       0x3a ./Core/Src/stm32f1xx_it.o
                0x000000002000204c                gu8UartTmpStep
                0x000000002000204d                gu8Uart1TxCntMax
                0x000000002000204e                gu8Uart1TxCnt
                0x0000000020002050                gu16TimerUart1
                0x0000000020002052                gu8Uart1RxAddr
                0x0000000020002053                gu8Uart1RxFunc
                0x0000000020002054                gu8TaskUart1Tx
                0x0000000020002055                gu8Uart1Txbuff
                0x0000000020002064                gu8Uart1RxCnt
                0x0000000020002065                gu8UartRxMax
                0x0000000020002066                gu8Uart1Rxbuff
                0x0000000020002076                gu8RxData
 *fill*         0x0000000020002086        0x2 
 COMMON         0x0000000020002088      0x192 ./Core/Src/taskDevice.o
                0x0000000020002088                gu16TimerInput
                0x0000000020002090                gu32Adc1Data
                0x00000000200020d0                gu16NumOfInput
                0x00000000200020d2                gu8TaskAdc1
                0x00000000200020d3                gu8Adc1Channel
                0x00000000200020d4                gu16IoBits
                0x00000000200020d8                gu32Adc1Tmp
                0x0000000020002218                gu8Adc1Data
                0x0000000020002219                gu8Adc1TmpCnt
 *fill*         0x000000002000221a        0x2 
 COMMON         0x000000002000221c        0x4 ./Drivers/STM32F1xx_HAL_Driver/Src/stm32f1xx_hal.o
                0x000000002000221c                uwTick
 COMMON         0x0000000020002220       0x40 ./Middlewares/Third_Party/FreeRTOS/Source/queue.o
                0x0000000020002220                xQueueRegistry
                0x0000000020002260                . = ALIGN (0x4)
                0x0000000020002260                _ebss = .
                0x0000000020002260                __bss_end__ = _ebss

._user_heap_stack
                0x0000000020002260      0x600 load address 0x0000000008006f6c
                0x0000000020002260                . = ALIGN (0x8)
                [!provide]                        PROVIDE (end = .)
                0x0000000020002260                PROVIDE (_end = .)
                0x0000000020002460                . = (. + _Min_Heap_Size)
 *fill*         0x0000000020002260      0x200 
                0x0000000020002860                . = (. + _Min_Stack_Size)
 *fill*         0x0000000020002460      0x400 
                0x0000000020002860                . = ALIGN (0x8)

/DISCARD/
 libc.a(*)
 libm.a(*)
 libgcc.a(*)

.ARM.attributes
                0x0000000000000000       0x29
 *(.ARM.attributes)
 .ARM.attributes
                0x0000000000000000       0x1d c:/st/stm32cubeide_1.8.0/stm32cubeide/plugins/com.st.stm32cube.ide.mcu.externaltools.gnu-tools-for-stm32.9-2020-q2-update.win32_2.0.0.202105311346/tools/bin/../lib/gcc/arm-none-eabi/9.3.1/thumb/v7-m/nofp/crti.o
 .ARM.attributes
                0x000000000000001d       0x2d c:/st/stm32cubeide_1.8.0/stm32cubeide/plugins/com.st.stm32cube.ide.mcu.externaltools.gnu-tools-for-stm32.9-2020-q2-update.win32_2.0.0.202105311346/tools/bin/../lib/gcc/arm-none-eabi/9.3.1/thumb/v7-m/nofp/crtbegin.o
 .ARM.attributes
                0x000000000000004a       0x2d ./Core/Src/freertos.o
 .ARM.attributes
                0x0000000000000077       0x2d ./Core/Src/function.o
 .ARM.attributes
                0x00000000000000a4       0x2d ./Core/Src/main.o
 .ARM.attributes
                0x00000000000000d1       0x2d ./Core/Src/stm32f1xx_hal_msp.o
 .ARM.attributes
                0x00000000000000fe       0x2d ./Core/Src/stm32f1xx_it.o
 .ARM.attributes
                0x000000000000012b       0x2d ./Core/Src/system_stm32f1xx.o
 .ARM.attributes
                0x0000000000000158       0x2d ./Core/Src/taskDevice.o
 .ARM.attributes
                0x0000000000000185       0x21 ./Core/Startup/startup_stm32f103vctx.o
 .ARM.attributes
                0x00000000000001a6       0x2d ./Drivers/STM32F1xx_HAL_Driver/Src/stm32f1xx_hal.o
 .ARM.attributes
                0x00000000000001d3       0x2d ./Drivers/STM32F1xx_HAL_Driver/Src/stm32f1xx_hal_adc.o
 .ARM.attributes
                0x0000000000000200       0x2d ./Drivers/STM32F1xx_HAL_Driver/Src/stm32f1xx_hal_cortex.o
 .ARM.attributes
                0x000000000000022d       0x2d ./Drivers/STM32F1xx_HAL_Driver/Src/stm32f1xx_hal_dma.o
 .ARM.attributes
                0x000000000000025a       0x2d ./Drivers/STM32F1xx_HAL_Driver/Src/stm32f1xx_hal_gpio.o
 .ARM.attributes
                0x0000000000000287       0x2d ./Drivers/STM32F1xx_HAL_Driver/Src/stm32f1xx_hal_rcc.o
 .ARM.attributes
                0x00000000000002b4       0x2d ./Drivers/STM32F1xx_HAL_Driver/Src/stm32f1xx_hal_rcc_ex.o
 .ARM.attributes
                0x00000000000002e1       0x2d ./Drivers/STM32F1xx_HAL_Driver/Src/stm32f1xx_hal_tim.o
 .ARM.attributes
                0x000000000000030e       0x2d ./Drivers/STM32F1xx_HAL_Driver/Src/stm32f1xx_hal_tim_ex.o
 .ARM.attributes
                0x000000000000033b       0x2d ./Drivers/STM32F1xx_HAL_Driver/Src/stm32f1xx_hal_uart.o
 .ARM.attributes
                0x0000000000000368       0x2d ./Middlewares/Third_Party/FreeRTOS/Source/CMSIS_RTOS_V2/cmsis_os2.o
 .ARM.attributes
                0x0000000000000395       0x2d ./Middlewares/Third_Party/FreeRTOS/Source/event_groups.o
 .ARM.attributes
                0x00000000000003c2       0x2d ./Middlewares/Third_Party/FreeRTOS/Source/list.o
 .ARM.attributes
                0x00000000000003ef       0x2d ./Middlewares/Third_Party/FreeRTOS/Source/queue.o
 .ARM.attributes
                0x000000000000041c       0x2d ./Middlewares/Third_Party/FreeRTOS/Source/tasks.o
 .ARM.attributes
                0x0000000000000449       0x2d ./Middlewares/Third_Party/FreeRTOS/Source/timers.o
 .ARM.attributes
                0x0000000000000476       0x2d ./Middlewares/Third_Party/FreeRTOS/Source/portable/GCC/ARM_CM3/port.o
 .ARM.attributes
                0x00000000000004a3       0x2d ./Middlewares/Third_Party/FreeRTOS/Source/portable/MemMang/heap_4.o
 .ARM.attributes
                0x00000000000004d0       0x2d c:/st/stm32cubeide_1.8.0/stm32cubeide/plugins/com.st.stm32cube.ide.mcu.externaltools.gnu-tools-for-stm32.9-2020-q2-update.win32_2.0.0.202105311346/tools/bin/../lib/gcc/arm-none-eabi/9.3.1/../../../../arm-none-eabi/lib/thumb/v7-m/nofp\libc_nano.a(lib_a-init.o)
 .ARM.attributes
                0x00000000000004fd       0x2d c:/st/stm32cubeide_1.8.0/stm32cubeide/plugins/com.st.stm32cube.ide.mcu.externaltools.gnu-tools-for-stm32.9-2020-q2-update.win32_2.0.0.202105311346/tools/bin/../lib/gcc/arm-none-eabi/9.3.1/../../../../arm-none-eabi/lib/thumb/v7-m/nofp\libc_nano.a(lib_a-memcpy-stub.o)
 .ARM.attributes
                0x000000000000052a       0x2d c:/st/stm32cubeide_1.8.0/stm32cubeide/plugins/com.st.stm32cube.ide.mcu.externaltools.gnu-tools-for-stm32.9-2020-q2-update.win32_2.0.0.202105311346/tools/bin/../lib/gcc/arm-none-eabi/9.3.1/../../../../arm-none-eabi/lib/thumb/v7-m/nofp\libc_nano.a(lib_a-memset.o)
 .ARM.attributes
                0x0000000000000557       0x1d c:/st/stm32cubeide_1.8.0/stm32cubeide/plugins/com.st.stm32cube.ide.mcu.externaltools.gnu-tools-for-stm32.9-2020-q2-update.win32_2.0.0.202105311346/tools/bin/../lib/gcc/arm-none-eabi/9.3.1/thumb/v7-m/nofp/crtn.o
OUTPUT(lk_inspector1.elf elf32-littlearm)
LOAD linker stubs
LOAD c:/st/stm32cubeide_1.8.0/stm32cubeide/plugins/com.st.stm32cube.ide.mcu.externaltools.gnu-tools-for-stm32.9-2020-q2-update.win32_2.0.0.202105311346/tools/bin/../lib/gcc/arm-none-eabi/9.3.1/../../../../arm-none-eabi/lib/thumb/v7-m/nofp\libc.a
LOAD c:/st/stm32cubeide_1.8.0/stm32cubeide/plugins/com.st.stm32cube.ide.mcu.externaltools.gnu-tools-for-stm32.9-2020-q2-update.win32_2.0.0.202105311346/tools/bin/../lib/gcc/arm-none-eabi/9.3.1/../../../../arm-none-eabi/lib/thumb/v7-m/nofp\libm.a
LOAD c:/st/stm32cubeide_1.8.0/stm32cubeide/plugins/com.st.stm32cube.ide.mcu.externaltools.gnu-tools-for-stm32.9-2020-q2-update.win32_2.0.0.202105311346/tools/bin/../lib/gcc/arm-none-eabi/9.3.1/thumb/v7-m/nofp\libgcc.a

.comment        0x0000000000000000       0x53
 .comment       0x0000000000000000       0x53 ./Core/Src/freertos.o
                                         0x54 (size before relaxing)
 .comment       0x0000000000000053       0x54 ./Core/Src/function.o
 .comment       0x0000000000000053       0x54 ./Core/Src/main.o
 .comment       0x0000000000000053       0x54 ./Core/Src/stm32f1xx_hal_msp.o
 .comment       0x0000000000000053       0x54 ./Core/Src/stm32f1xx_it.o
 .comment       0x0000000000000053       0x54 ./Core/Src/system_stm32f1xx.o
 .comment       0x0000000000000053       0x54 ./Core/Src/taskDevice.o
 .comment       0x0000000000000053       0x54 ./Drivers/STM32F1xx_HAL_Driver/Src/stm32f1xx_hal.o
 .comment       0x0000000000000053       0x54 ./Drivers/STM32F1xx_HAL_Driver/Src/stm32f1xx_hal_adc.o
 .comment       0x0000000000000053       0x54 ./Drivers/STM32F1xx_HAL_Driver/Src/stm32f1xx_hal_cortex.o
 .comment       0x0000000000000053       0x54 ./Drivers/STM32F1xx_HAL_Driver/Src/stm32f1xx_hal_dma.o
 .comment       0x0000000000000053       0x54 ./Drivers/STM32F1xx_HAL_Driver/Src/stm32f1xx_hal_gpio.o
 .comment       0x0000000000000053       0x54 ./Drivers/STM32F1xx_HAL_Driver/Src/stm32f1xx_hal_rcc.o
 .comment       0x0000000000000053       0x54 ./Drivers/STM32F1xx_HAL_Driver/Src/stm32f1xx_hal_rcc_ex.o
 .comment       0x0000000000000053       0x54 ./Drivers/STM32F1xx_HAL_Driver/Src/stm32f1xx_hal_tim.o
 .comment       0x0000000000000053       0x54 ./Drivers/STM32F1xx_HAL_Driver/Src/stm32f1xx_hal_tim_ex.o
 .comment       0x0000000000000053       0x54 ./Drivers/STM32F1xx_HAL_Driver/Src/stm32f1xx_hal_uart.o
 .comment       0x0000000000000053       0x54 ./Middlewares/Third_Party/FreeRTOS/Source/CMSIS_RTOS_V2/cmsis_os2.o
 .comment       0x0000000000000053       0x54 ./Middlewares/Third_Party/FreeRTOS/Source/event_groups.o
 .comment       0x0000000000000053       0x54 ./Middlewares/Third_Party/FreeRTOS/Source/list.o
 .comment       0x0000000000000053       0x54 ./Middlewares/Third_Party/FreeRTOS/Source/queue.o
 .comment       0x0000000000000053       0x54 ./Middlewares/Third_Party/FreeRTOS/Source/tasks.o
 .comment       0x0000000000000053       0x54 ./Middlewares/Third_Party/FreeRTOS/Source/timers.o
 .comment       0x0000000000000053       0x54 ./Middlewares/Third_Party/FreeRTOS/Source/portable/GCC/ARM_CM3/port.o
 .comment       0x0000000000000053       0x54 ./Middlewares/Third_Party/FreeRTOS/Source/portable/MemMang/heap_4.o

.debug_frame    0x0000000000000000       0x74
 .debug_frame   0x0000000000000000       0x2c c:/st/stm32cubeide_1.8.0/stm32cubeide/plugins/com.st.stm32cube.ide.mcu.externaltools.gnu-tools-for-stm32.9-2020-q2-update.win32_2.0.0.202105311346/tools/bin/../lib/gcc/arm-none-eabi/9.3.1/../../../../arm-none-eabi/lib/thumb/v7-m/nofp\libc_nano.a(lib_a-init.o)
 .debug_frame   0x000000000000002c       0x28 c:/st/stm32cubeide_1.8.0/stm32cubeide/plugins/com.st.stm32cube.ide.mcu.externaltools.gnu-tools-for-stm32.9-2020-q2-update.win32_2.0.0.202105311346/tools/bin/../lib/gcc/arm-none-eabi/9.3.1/../../../../arm-none-eabi/lib/thumb/v7-m/nofp\libc_nano.a(lib_a-memcpy-stub.o)
 .debug_frame   0x0000000000000054       0x20 c:/st/stm32cubeide_1.8.0/stm32cubeide/plugins/com.st.stm32cube.ide.mcu.externaltools.gnu-tools-for-stm32.9-2020-q2-update.win32_2.0.0.202105311346/tools/bin/../lib/gcc/arm-none-eabi/9.3.1/../../../../arm-none-eabi/lib/thumb/v7-m/nofp\libc_nano.a(lib_a-memset.o)
